###############################################################################
#
# IAR ELF Linker V9.40.1.364/W64 for ARM                  12/Oct/2024  16:16:36
# Copyright 2007-2023 IAR Systems AB.
#
#    Output file  =
#        D:\MyProject\FreeRTOS_Project\h753FreertosTemplate2\EWARM\h753FreertosTemplate\Exe\h753FreertosTemplate.out
#    Map file     =
#        D:\MyProject\FreeRTOS_Project\h753FreertosTemplate2\EWARM\h753FreertosTemplate\List\h753FreertosTemplate.map
#    Command line =
#        -f
#        D:\MyProject\FreeRTOS_Project\h753FreertosTemplate2\EWARM\h753FreertosTemplate\Exe\h753FreertosTemplate.out.rsp
#        (D:\MyProject\FreeRTOS_Project\h753FreertosTemplate2\EWARM\h753FreertosTemplate\Obj\FreeRTOS_4809373609813369194.dir\cmsis_os2.o
#        D:\MyProject\FreeRTOS_Project\h753FreertosTemplate2\EWARM\h753FreertosTemplate\Obj\Common_Drv_14642545183444923962.dir\cpu_flash.o
#        D:\MyProject\FreeRTOS_Project\h753FreertosTemplate2\EWARM\h753FreertosTemplate\Obj\FreeRTOS_4809373609813369194.dir\croutine.o
#        D:\MyProject\FreeRTOS_Project\h753FreertosTemplate2\EWARM\h753FreertosTemplate\Obj\Common_Drv_14642545183444923962.dir\delay.o
#        D:\MyProject\FreeRTOS_Project\h753FreertosTemplate2\EWARM\h753FreertosTemplate\Obj\Core_13247989168731456611.dir\dma.o
#        D:\MyProject\FreeRTOS_Project\h753FreertosTemplate2\EWARM\h753FreertosTemplate\Obj\FreeRTOS_4809373609813369194.dir\event_groups.o
#        D:\MyProject\FreeRTOS_Project\h753FreertosTemplate2\EWARM\h753FreertosTemplate\Obj\Core_13247989168731456611.dir\freertos.o
#        D:\MyProject\FreeRTOS_Project\h753FreertosTemplate2\EWARM\h753FreertosTemplate\Obj\Core_13247989168731456611.dir\gpio.o
#        D:\MyProject\FreeRTOS_Project\h753FreertosTemplate2\EWARM\h753FreertosTemplate\Obj\FreeRTOS_4809373609813369194.dir\heap_4.o
#        D:\MyProject\FreeRTOS_Project\h753FreertosTemplate2\EWARM\h753FreertosTemplate\Obj\Common_Drv_14642545183444923962.dir\iwdg.o
#        D:\MyProject\FreeRTOS_Project\h753FreertosTemplate2\EWARM\h753FreertosTemplate\Obj\FreeRTOS_4809373609813369194.dir\list.o
#        D:\MyProject\FreeRTOS_Project\h753FreertosTemplate2\EWARM\h753FreertosTemplate\Obj\Core_13247989168731456611.dir\main.o
#        D:\MyProject\FreeRTOS_Project\h753FreertosTemplate2\EWARM\h753FreertosTemplate\Obj\Core_13247989168731456611.dir\memorymap.o
#        D:\MyProject\FreeRTOS_Project\h753FreertosTemplate2\EWARM\h753FreertosTemplate\Obj\FreeRTOS_4809373609813369194.dir\port.o
#        D:\MyProject\FreeRTOS_Project\h753FreertosTemplate2\EWARM\h753FreertosTemplate\Obj\FreeRTOS_4809373609813369194.dir\portasm.o
#        D:\MyProject\FreeRTOS_Project\h753FreertosTemplate2\EWARM\h753FreertosTemplate\Obj\FreeRTOS_4809373609813369194.dir\queue.o
#        D:\MyProject\FreeRTOS_Project\h753FreertosTemplate2\EWARM\h753FreertosTemplate\Obj\Common_Drv_14642545183444923962.dir\rtc_timeStamp.o
#        D:\MyProject\FreeRTOS_Project\h753FreertosTemplate2\EWARM\h753FreertosTemplate\Obj\EWARM_18443280873093131863.dir\startup_stm32h753xx.o
#        D:\MyProject\FreeRTOS_Project\h753FreertosTemplate2\EWARM\h753FreertosTemplate\Obj\STM32H7xx_HAL_Driver_12323373487323971647.dir\stm32h7xx_hal.o
#        D:\MyProject\FreeRTOS_Project\h753FreertosTemplate2\EWARM\h753FreertosTemplate\Obj\STM32H7xx_HAL_Driver_12323373487323971647.dir\stm32h7xx_hal_adc.o
#        D:\MyProject\FreeRTOS_Project\h753FreertosTemplate2\EWARM\h753FreertosTemplate\Obj\STM32H7xx_HAL_Driver_12323373487323971647.dir\stm32h7xx_hal_adc_ex.o
#        D:\MyProject\FreeRTOS_Project\h753FreertosTemplate2\EWARM\h753FreertosTemplate\Obj\STM32H7xx_HAL_Driver_12323373487323971647.dir\stm32h7xx_hal_cec.o
#        D:\MyProject\FreeRTOS_Project\h753FreertosTemplate2\EWARM\h753FreertosTemplate\Obj\STM32H7xx_HAL_Driver_12323373487323971647.dir\stm32h7xx_hal_comp.o
#        D:\MyProject\FreeRTOS_Project\h753FreertosTemplate2\EWARM\h753FreertosTemplate\Obj\STM32H7xx_HAL_Driver_12323373487323971647.dir\stm32h7xx_hal_cordic.o
#        D:\MyProject\FreeRTOS_Project\h753FreertosTemplate2\EWARM\h753FreertosTemplate\Obj\STM32H7xx_HAL_Driver_12323373487323971647.dir\stm32h7xx_hal_cortex.o
#        D:\MyProject\FreeRTOS_Project\h753FreertosTemplate2\EWARM\h753FreertosTemplate\Obj\STM32H7xx_HAL_Driver_12323373487323971647.dir\stm32h7xx_hal_crc.o
#        D:\MyProject\FreeRTOS_Project\h753FreertosTemplate2\EWARM\h753FreertosTemplate\Obj\STM32H7xx_HAL_Driver_12323373487323971647.dir\stm32h7xx_hal_crc_ex.o
#        D:\MyProject\FreeRTOS_Project\h753FreertosTemplate2\EWARM\h753FreertosTemplate\Obj\STM32H7xx_HAL_Driver_12323373487323971647.dir\stm32h7xx_hal_cryp.o
#        D:\MyProject\FreeRTOS_Project\h753FreertosTemplate2\EWARM\h753FreertosTemplate\Obj\STM32H7xx_HAL_Driver_12323373487323971647.dir\stm32h7xx_hal_cryp_ex.o
#        D:\MyProject\FreeRTOS_Project\h753FreertosTemplate2\EWARM\h753FreertosTemplate\Obj\STM32H7xx_HAL_Driver_12323373487323971647.dir\stm32h7xx_hal_dac.o
#        D:\MyProject\FreeRTOS_Project\h753FreertosTemplate2\EWARM\h753FreertosTemplate\Obj\STM32H7xx_HAL_Driver_12323373487323971647.dir\stm32h7xx_hal_dac_ex.o
#        D:\MyProject\FreeRTOS_Project\h753FreertosTemplate2\EWARM\h753FreertosTemplate\Obj\STM32H7xx_HAL_Driver_12323373487323971647.dir\stm32h7xx_hal_dcmi.o
#        D:\MyProject\FreeRTOS_Project\h753FreertosTemplate2\EWARM\h753FreertosTemplate\Obj\STM32H7xx_HAL_Driver_12323373487323971647.dir\stm32h7xx_hal_dfsdm.o
#        D:\MyProject\FreeRTOS_Project\h753FreertosTemplate2\EWARM\h753FreertosTemplate\Obj\STM32H7xx_HAL_Driver_12323373487323971647.dir\stm32h7xx_hal_dfsdm_ex.o
#        D:\MyProject\FreeRTOS_Project\h753FreertosTemplate2\EWARM\h753FreertosTemplate\Obj\STM32H7xx_HAL_Driver_12323373487323971647.dir\stm32h7xx_hal_dma.o
#        D:\MyProject\FreeRTOS_Project\h753FreertosTemplate2\EWARM\h753FreertosTemplate\Obj\STM32H7xx_HAL_Driver_12323373487323971647.dir\stm32h7xx_hal_dma2d.o
#        D:\MyProject\FreeRTOS_Project\h753FreertosTemplate2\EWARM\h753FreertosTemplate\Obj\STM32H7xx_HAL_Driver_12323373487323971647.dir\stm32h7xx_hal_dma_ex.o
#        D:\MyProject\FreeRTOS_Project\h753FreertosTemplate2\EWARM\h753FreertosTemplate\Obj\STM32H7xx_HAL_Driver_12323373487323971647.dir\stm32h7xx_hal_dsi.o
#        D:\MyProject\FreeRTOS_Project\h753FreertosTemplate2\EWARM\h753FreertosTemplate\Obj\STM32H7xx_HAL_Driver_12323373487323971647.dir\stm32h7xx_hal_dts.o
#        D:\MyProject\FreeRTOS_Project\h753FreertosTemplate2\EWARM\h753FreertosTemplate\Obj\STM32H7xx_HAL_Driver_12323373487323971647.dir\stm32h7xx_hal_eth.o
#        D:\MyProject\FreeRTOS_Project\h753FreertosTemplate2\EWARM\h753FreertosTemplate\Obj\STM32H7xx_HAL_Driver_12323373487323971647.dir\stm32h7xx_hal_eth_ex.o
#        D:\MyProject\FreeRTOS_Project\h753FreertosTemplate2\EWARM\h753FreertosTemplate\Obj\STM32H7xx_HAL_Driver_12323373487323971647.dir\stm32h7xx_hal_exti.o
#        D:\MyProject\FreeRTOS_Project\h753FreertosTemplate2\EWARM\h753FreertosTemplate\Obj\STM32H7xx_HAL_Driver_12323373487323971647.dir\stm32h7xx_hal_fdcan.o
#        D:\MyProject\FreeRTOS_Project\h753FreertosTemplate2\EWARM\h753FreertosTemplate\Obj\STM32H7xx_HAL_Driver_12323373487323971647.dir\stm32h7xx_hal_flash.o
#        D:\MyProject\FreeRTOS_Project\h753FreertosTemplate2\EWARM\h753FreertosTemplate\Obj\STM32H7xx_HAL_Driver_12323373487323971647.dir\stm32h7xx_hal_flash_ex.o
#        D:\MyProject\FreeRTOS_Project\h753FreertosTemplate2\EWARM\h753FreertosTemplate\Obj\STM32H7xx_HAL_Driver_12323373487323971647.dir\stm32h7xx_hal_fmac.o
#        D:\MyProject\FreeRTOS_Project\h753FreertosTemplate2\EWARM\h753FreertosTemplate\Obj\STM32H7xx_HAL_Driver_12323373487323971647.dir\stm32h7xx_hal_gfxmmu.o
#        D:\MyProject\FreeRTOS_Project\h753FreertosTemplate2\EWARM\h753FreertosTemplate\Obj\STM32H7xx_HAL_Driver_12323373487323971647.dir\stm32h7xx_hal_gpio.o
#        D:\MyProject\FreeRTOS_Project\h753FreertosTemplate2\EWARM\h753FreertosTemplate\Obj\STM32H7xx_HAL_Driver_12323373487323971647.dir\stm32h7xx_hal_hash.o
#        D:\MyProject\FreeRTOS_Project\h753FreertosTemplate2\EWARM\h753FreertosTemplate\Obj\STM32H7xx_HAL_Driver_12323373487323971647.dir\stm32h7xx_hal_hash_ex.o
#        D:\MyProject\FreeRTOS_Project\h753FreertosTemplate2\EWARM\h753FreertosTemplate\Obj\STM32H7xx_HAL_Driver_12323373487323971647.dir\stm32h7xx_hal_hcd.o
#        D:\MyProject\FreeRTOS_Project\h753FreertosTemplate2\EWARM\h753FreertosTemplate\Obj\STM32H7xx_HAL_Driver_12323373487323971647.dir\stm32h7xx_hal_hrtim.o
#        D:\MyProject\FreeRTOS_Project\h753FreertosTemplate2\EWARM\h753FreertosTemplate\Obj\STM32H7xx_HAL_Driver_12323373487323971647.dir\stm32h7xx_hal_hsem.o
#        D:\MyProject\FreeRTOS_Project\h753FreertosTemplate2\EWARM\h753FreertosTemplate\Obj\STM32H7xx_HAL_Driver_12323373487323971647.dir\stm32h7xx_hal_i2c.o
#        D:\MyProject\FreeRTOS_Project\h753FreertosTemplate2\EWARM\h753FreertosTemplate\Obj\STM32H7xx_HAL_Driver_12323373487323971647.dir\stm32h7xx_hal_i2c_ex.o
#        D:\MyProject\FreeRTOS_Project\h753FreertosTemplate2\EWARM\h753FreertosTemplate\Obj\STM32H7xx_HAL_Driver_12323373487323971647.dir\stm32h7xx_hal_i2s.o
#        D:\MyProject\FreeRTOS_Project\h753FreertosTemplate2\EWARM\h753FreertosTemplate\Obj\STM32H7xx_HAL_Driver_12323373487323971647.dir\stm32h7xx_hal_i2s_ex.o
#        D:\MyProject\FreeRTOS_Project\h753FreertosTemplate2\EWARM\h753FreertosTemplate\Obj\STM32H7xx_HAL_Driver_12323373487323971647.dir\stm32h7xx_hal_irda.o
#        D:\MyProject\FreeRTOS_Project\h753FreertosTemplate2\EWARM\h753FreertosTemplate\Obj\STM32H7xx_HAL_Driver_12323373487323971647.dir\stm32h7xx_hal_iwdg.o
#        D:\MyProject\FreeRTOS_Project\h753FreertosTemplate2\EWARM\h753FreertosTemplate\Obj\STM32H7xx_HAL_Driver_12323373487323971647.dir\stm32h7xx_hal_jpeg.o
#        D:\MyProject\FreeRTOS_Project\h753FreertosTemplate2\EWARM\h753FreertosTemplate\Obj\STM32H7xx_HAL_Driver_12323373487323971647.dir\stm32h7xx_hal_lptim.o
#        D:\MyProject\FreeRTOS_Project\h753FreertosTemplate2\EWARM\h753FreertosTemplate\Obj\STM32H7xx_HAL_Driver_12323373487323971647.dir\stm32h7xx_hal_ltdc.o
#        D:\MyProject\FreeRTOS_Project\h753FreertosTemplate2\EWARM\h753FreertosTemplate\Obj\STM32H7xx_HAL_Driver_12323373487323971647.dir\stm32h7xx_hal_ltdc_ex.o
#        D:\MyProject\FreeRTOS_Project\h753FreertosTemplate2\EWARM\h753FreertosTemplate\Obj\STM32H7xx_HAL_Driver_12323373487323971647.dir\stm32h7xx_hal_mdios.o
#        D:\MyProject\FreeRTOS_Project\h753FreertosTemplate2\EWARM\h753FreertosTemplate\Obj\STM32H7xx_HAL_Driver_12323373487323971647.dir\stm32h7xx_hal_mdma.o
#        D:\MyProject\FreeRTOS_Project\h753FreertosTemplate2\EWARM\h753FreertosTemplate\Obj\STM32H7xx_HAL_Driver_12323373487323971647.dir\stm32h7xx_hal_mmc.o
#        D:\MyProject\FreeRTOS_Project\h753FreertosTemplate2\EWARM\h753FreertosTemplate\Obj\STM32H7xx_HAL_Driver_12323373487323971647.dir\stm32h7xx_hal_mmc_ex.o
#        D:\MyProject\FreeRTOS_Project\h753FreertosTemplate2\EWARM\h753FreertosTemplate\Obj\Core_13247989168731456611.dir\stm32h7xx_hal_msp.o
#        D:\MyProject\FreeRTOS_Project\h753FreertosTemplate2\EWARM\h753FreertosTemplate\Obj\STM32H7xx_HAL_Driver_12323373487323971647.dir\stm32h7xx_hal_nand.o
#        D:\MyProject\FreeRTOS_Project\h753FreertosTemplate2\EWARM\h753FreertosTemplate\Obj\STM32H7xx_HAL_Driver_12323373487323971647.dir\stm32h7xx_hal_nor.o
#        D:\MyProject\FreeRTOS_Project\h753FreertosTemplate2\EWARM\h753FreertosTemplate\Obj\STM32H7xx_HAL_Driver_12323373487323971647.dir\stm32h7xx_hal_opamp.o
#        D:\MyProject\FreeRTOS_Project\h753FreertosTemplate2\EWARM\h753FreertosTemplate\Obj\STM32H7xx_HAL_Driver_12323373487323971647.dir\stm32h7xx_hal_opamp_ex.o
#        D:\MyProject\FreeRTOS_Project\h753FreertosTemplate2\EWARM\h753FreertosTemplate\Obj\STM32H7xx_HAL_Driver_12323373487323971647.dir\stm32h7xx_hal_ospi.o
#        D:\MyProject\FreeRTOS_Project\h753FreertosTemplate2\EWARM\h753FreertosTemplate\Obj\STM32H7xx_HAL_Driver_12323373487323971647.dir\stm32h7xx_hal_otfdec.o
#        D:\MyProject\FreeRTOS_Project\h753FreertosTemplate2\EWARM\h753FreertosTemplate\Obj\STM32H7xx_HAL_Driver_12323373487323971647.dir\stm32h7xx_hal_pcd.o
#        D:\MyProject\FreeRTOS_Project\h753FreertosTemplate2\EWARM\h753FreertosTemplate\Obj\STM32H7xx_HAL_Driver_12323373487323971647.dir\stm32h7xx_hal_pcd_ex.o
#        D:\MyProject\FreeRTOS_Project\h753FreertosTemplate2\EWARM\h753FreertosTemplate\Obj\STM32H7xx_HAL_Driver_12323373487323971647.dir\stm32h7xx_hal_pssi.o
#        D:\MyProject\FreeRTOS_Project\h753FreertosTemplate2\EWARM\h753FreertosTemplate\Obj\STM32H7xx_HAL_Driver_12323373487323971647.dir\stm32h7xx_hal_pwr.o
#        D:\MyProject\FreeRTOS_Project\h753FreertosTemplate2\EWARM\h753FreertosTemplate\Obj\STM32H7xx_HAL_Driver_12323373487323971647.dir\stm32h7xx_hal_pwr_ex.o
#        D:\MyProject\FreeRTOS_Project\h753FreertosTemplate2\EWARM\h753FreertosTemplate\Obj\STM32H7xx_HAL_Driver_12323373487323971647.dir\stm32h7xx_hal_qspi.o
#        D:\MyProject\FreeRTOS_Project\h753FreertosTemplate2\EWARM\h753FreertosTemplate\Obj\STM32H7xx_HAL_Driver_12323373487323971647.dir\stm32h7xx_hal_ramecc.o
#        D:\MyProject\FreeRTOS_Project\h753FreertosTemplate2\EWARM\h753FreertosTemplate\Obj\STM32H7xx_HAL_Driver_12323373487323971647.dir\stm32h7xx_hal_rcc.o
#        D:\MyProject\FreeRTOS_Project\h753FreertosTemplate2\EWARM\h753FreertosTemplate\Obj\STM32H7xx_HAL_Driver_12323373487323971647.dir\stm32h7xx_hal_rcc_ex.o
#        D:\MyProject\FreeRTOS_Project\h753FreertosTemplate2\EWARM\h753FreertosTemplate\Obj\STM32H7xx_HAL_Driver_12323373487323971647.dir\stm32h7xx_hal_rng.o
#        D:\MyProject\FreeRTOS_Project\h753FreertosTemplate2\EWARM\h753FreertosTemplate\Obj\STM32H7xx_HAL_Driver_12323373487323971647.dir\stm32h7xx_hal_rng_ex.o
#        D:\MyProject\FreeRTOS_Project\h753FreertosTemplate2\EWARM\h753FreertosTemplate\Obj\STM32H7xx_HAL_Driver_12323373487323971647.dir\stm32h7xx_hal_rtc.o
#        D:\MyProject\FreeRTOS_Project\h753FreertosTemplate2\EWARM\h753FreertosTemplate\Obj\STM32H7xx_HAL_Driver_12323373487323971647.dir\stm32h7xx_hal_rtc_ex.o
#        D:\MyProject\FreeRTOS_Project\h753FreertosTemplate2\EWARM\h753FreertosTemplate\Obj\STM32H7xx_HAL_Driver_12323373487323971647.dir\stm32h7xx_hal_sai.o
#        D:\MyProject\FreeRTOS_Project\h753FreertosTemplate2\EWARM\h753FreertosTemplate\Obj\STM32H7xx_HAL_Driver_12323373487323971647.dir\stm32h7xx_hal_sai_ex.o
#        D:\MyProject\FreeRTOS_Project\h753FreertosTemplate2\EWARM\h753FreertosTemplate\Obj\STM32H7xx_HAL_Driver_12323373487323971647.dir\stm32h7xx_hal_sd.o
#        D:\MyProject\FreeRTOS_Project\h753FreertosTemplate2\EWARM\h753FreertosTemplate\Obj\STM32H7xx_HAL_Driver_12323373487323971647.dir\stm32h7xx_hal_sd_ex.o
#        D:\MyProject\FreeRTOS_Project\h753FreertosTemplate2\EWARM\h753FreertosTemplate\Obj\STM32H7xx_HAL_Driver_12323373487323971647.dir\stm32h7xx_hal_sdram.o
#        D:\MyProject\FreeRTOS_Project\h753FreertosTemplate2\EWARM\h753FreertosTemplate\Obj\STM32H7xx_HAL_Driver_12323373487323971647.dir\stm32h7xx_hal_smartcard.o
#        D:\MyProject\FreeRTOS_Project\h753FreertosTemplate2\EWARM\h753FreertosTemplate\Obj\STM32H7xx_HAL_Driver_12323373487323971647.dir\stm32h7xx_hal_smartcard_ex.o
#        D:\MyProject\FreeRTOS_Project\h753FreertosTemplate2\EWARM\h753FreertosTemplate\Obj\STM32H7xx_HAL_Driver_12323373487323971647.dir\stm32h7xx_hal_smbus.o
#        D:\MyProject\FreeRTOS_Project\h753FreertosTemplate2\EWARM\h753FreertosTemplate\Obj\STM32H7xx_HAL_Driver_12323373487323971647.dir\stm32h7xx_hal_smbus_ex.o
#        D:\MyProject\FreeRTOS_Project\h753FreertosTemplate2\EWARM\h753FreertosTemplate\Obj\STM32H7xx_HAL_Driver_12323373487323971647.dir\stm32h7xx_hal_spdifrx.o
#        D:\MyProject\FreeRTOS_Project\h753FreertosTemplate2\EWARM\h753FreertosTemplate\Obj\STM32H7xx_HAL_Driver_12323373487323971647.dir\stm32h7xx_hal_spi.o
#        D:\MyProject\FreeRTOS_Project\h753FreertosTemplate2\EWARM\h753FreertosTemplate\Obj\STM32H7xx_HAL_Driver_12323373487323971647.dir\stm32h7xx_hal_spi_ex.o
#        D:\MyProject\FreeRTOS_Project\h753FreertosTemplate2\EWARM\h753FreertosTemplate\Obj\STM32H7xx_HAL_Driver_12323373487323971647.dir\stm32h7xx_hal_sram.o
#        D:\MyProject\FreeRTOS_Project\h753FreertosTemplate2\EWARM\h753FreertosTemplate\Obj\STM32H7xx_HAL_Driver_12323373487323971647.dir\stm32h7xx_hal_swpmi.o
#        D:\MyProject\FreeRTOS_Project\h753FreertosTemplate2\EWARM\h753FreertosTemplate\Obj\STM32H7xx_HAL_Driver_12323373487323971647.dir\stm32h7xx_hal_tim.o
#        D:\MyProject\FreeRTOS_Project\h753FreertosTemplate2\EWARM\h753FreertosTemplate\Obj\STM32H7xx_HAL_Driver_12323373487323971647.dir\stm32h7xx_hal_tim_ex.o
#        D:\MyProject\FreeRTOS_Project\h753FreertosTemplate2\EWARM\h753FreertosTemplate\Obj\Core_13247989168731456611.dir\stm32h7xx_hal_timebase_tim.o
#        D:\MyProject\FreeRTOS_Project\h753FreertosTemplate2\EWARM\h753FreertosTemplate\Obj\STM32H7xx_HAL_Driver_12323373487323971647.dir\stm32h7xx_hal_uart.o
#        D:\MyProject\FreeRTOS_Project\h753FreertosTemplate2\EWARM\h753FreertosTemplate\Obj\STM32H7xx_HAL_Driver_12323373487323971647.dir\stm32h7xx_hal_uart_ex.o
#        D:\MyProject\FreeRTOS_Project\h753FreertosTemplate2\EWARM\h753FreertosTemplate\Obj\STM32H7xx_HAL_Driver_12323373487323971647.dir\stm32h7xx_hal_usart.o
#        D:\MyProject\FreeRTOS_Project\h753FreertosTemplate2\EWARM\h753FreertosTemplate\Obj\STM32H7xx_HAL_Driver_12323373487323971647.dir\stm32h7xx_hal_usart_ex.o
#        D:\MyProject\FreeRTOS_Project\h753FreertosTemplate2\EWARM\h753FreertosTemplate\Obj\STM32H7xx_HAL_Driver_12323373487323971647.dir\stm32h7xx_hal_wwdg.o
#        D:\MyProject\FreeRTOS_Project\h753FreertosTemplate2\EWARM\h753FreertosTemplate\Obj\Core_13247989168731456611.dir\stm32h7xx_it.o
#        D:\MyProject\FreeRTOS_Project\h753FreertosTemplate2\EWARM\h753FreertosTemplate\Obj\STM32H7xx_HAL_Driver_12323373487323971647.dir\stm32h7xx_ll_adc.o
#        D:\MyProject\FreeRTOS_Project\h753FreertosTemplate2\EWARM\h753FreertosTemplate\Obj\STM32H7xx_HAL_Driver_12323373487323971647.dir\stm32h7xx_ll_bdma.o
#        D:\MyProject\FreeRTOS_Project\h753FreertosTemplate2\EWARM\h753FreertosTemplate\Obj\STM32H7xx_HAL_Driver_12323373487323971647.dir\stm32h7xx_ll_comp.o
#        D:\MyProject\FreeRTOS_Project\h753FreertosTemplate2\EWARM\h753FreertosTemplate\Obj\STM32H7xx_HAL_Driver_12323373487323971647.dir\stm32h7xx_ll_cordic.o
#        D:\MyProject\FreeRTOS_Project\h753FreertosTemplate2\EWARM\h753FreertosTemplate\Obj\STM32H7xx_HAL_Driver_12323373487323971647.dir\stm32h7xx_ll_crc.o
#        D:\MyProject\FreeRTOS_Project\h753FreertosTemplate2\EWARM\h753FreertosTemplate\Obj\STM32H7xx_HAL_Driver_12323373487323971647.dir\stm32h7xx_ll_crs.o
#        D:\MyProject\FreeRTOS_Project\h753FreertosTemplate2\EWARM\h753FreertosTemplate\Obj\STM32H7xx_HAL_Driver_12323373487323971647.dir\stm32h7xx_ll_dac.o
#        D:\MyProject\FreeRTOS_Project\h753FreertosTemplate2\EWARM\h753FreertosTemplate\Obj\STM32H7xx_HAL_Driver_12323373487323971647.dir\stm32h7xx_ll_delayblock.o
#        D:\MyProject\FreeRTOS_Project\h753FreertosTemplate2\EWARM\h753FreertosTemplate\Obj\STM32H7xx_HAL_Driver_12323373487323971647.dir\stm32h7xx_ll_dma.o
#        D:\MyProject\FreeRTOS_Project\h753FreertosTemplate2\EWARM\h753FreertosTemplate\Obj\STM32H7xx_HAL_Driver_12323373487323971647.dir\stm32h7xx_ll_dma2d.o
#        D:\MyProject\FreeRTOS_Project\h753FreertosTemplate2\EWARM\h753FreertosTemplate\Obj\STM32H7xx_HAL_Driver_12323373487323971647.dir\stm32h7xx_ll_exti.o
#        D:\MyProject\FreeRTOS_Project\h753FreertosTemplate2\EWARM\h753FreertosTemplate\Obj\STM32H7xx_HAL_Driver_12323373487323971647.dir\stm32h7xx_ll_fmac.o
#        D:\MyProject\FreeRTOS_Project\h753FreertosTemplate2\EWARM\h753FreertosTemplate\Obj\STM32H7xx_HAL_Driver_12323373487323971647.dir\stm32h7xx_ll_fmc.o
#        D:\MyProject\FreeRTOS_Project\h753FreertosTemplate2\EWARM\h753FreertosTemplate\Obj\STM32H7xx_HAL_Driver_12323373487323971647.dir\stm32h7xx_ll_gpio.o
#        D:\MyProject\FreeRTOS_Project\h753FreertosTemplate2\EWARM\h753FreertosTemplate\Obj\STM32H7xx_HAL_Driver_12323373487323971647.dir\stm32h7xx_ll_hrtim.o
#        D:\MyProject\FreeRTOS_Project\h753FreertosTemplate2\EWARM\h753FreertosTemplate\Obj\STM32H7xx_HAL_Driver_12323373487323971647.dir\stm32h7xx_ll_i2c.o
#        D:\MyProject\FreeRTOS_Project\h753FreertosTemplate2\EWARM\h753FreertosTemplate\Obj\STM32H7xx_HAL_Driver_12323373487323971647.dir\stm32h7xx_ll_lptim.o
#        D:\MyProject\FreeRTOS_Project\h753FreertosTemplate2\EWARM\h753FreertosTemplate\Obj\STM32H7xx_HAL_Driver_12323373487323971647.dir\stm32h7xx_ll_lpuart.o
#        D:\MyProject\FreeRTOS_Project\h753FreertosTemplate2\EWARM\h753FreertosTemplate\Obj\STM32H7xx_HAL_Driver_12323373487323971647.dir\stm32h7xx_ll_mdma.o
#        D:\MyProject\FreeRTOS_Project\h753FreertosTemplate2\EWARM\h753FreertosTemplate\Obj\STM32H7xx_HAL_Driver_12323373487323971647.dir\stm32h7xx_ll_opamp.o
#        D:\MyProject\FreeRTOS_Project\h753FreertosTemplate2\EWARM\h753FreertosTemplate\Obj\STM32H7xx_HAL_Driver_12323373487323971647.dir\stm32h7xx_ll_pwr.o
#        D:\MyProject\FreeRTOS_Project\h753FreertosTemplate2\EWARM\h753FreertosTemplate\Obj\STM32H7xx_HAL_Driver_12323373487323971647.dir\stm32h7xx_ll_rcc.o
#        D:\MyProject\FreeRTOS_Project\h753FreertosTemplate2\EWARM\h753FreertosTemplate\Obj\STM32H7xx_HAL_Driver_12323373487323971647.dir\stm32h7xx_ll_rng.o
#        D:\MyProject\FreeRTOS_Project\h753FreertosTemplate2\EWARM\h753FreertosTemplate\Obj\STM32H7xx_HAL_Driver_12323373487323971647.dir\stm32h7xx_ll_rtc.o
#        D:\MyProject\FreeRTOS_Project\h753FreertosTemplate2\EWARM\h753FreertosTemplate\Obj\STM32H7xx_HAL_Driver_12323373487323971647.dir\stm32h7xx_ll_sdmmc.o
#        D:\MyProject\FreeRTOS_Project\h753FreertosTemplate2\EWARM\h753FreertosTemplate\Obj\STM32H7xx_HAL_Driver_12323373487323971647.dir\stm32h7xx_ll_spi.o
#        D:\MyProject\FreeRTOS_Project\h753FreertosTemplate2\EWARM\h753FreertosTemplate\Obj\STM32H7xx_HAL_Driver_12323373487323971647.dir\stm32h7xx_ll_swpmi.o
#        D:\MyProject\FreeRTOS_Project\h753FreertosTemplate2\EWARM\h753FreertosTemplate\Obj\STM32H7xx_HAL_Driver_12323373487323971647.dir\stm32h7xx_ll_tim.o
#        D:\MyProject\FreeRTOS_Project\h753FreertosTemplate2\EWARM\h753FreertosTemplate\Obj\STM32H7xx_HAL_Driver_12323373487323971647.dir\stm32h7xx_ll_usart.o
#        D:\MyProject\FreeRTOS_Project\h753FreertosTemplate2\EWARM\h753FreertosTemplate\Obj\STM32H7xx_HAL_Driver_12323373487323971647.dir\stm32h7xx_ll_usb.o
#        D:\MyProject\FreeRTOS_Project\h753FreertosTemplate2\EWARM\h753FreertosTemplate\Obj\STM32H7xx_HAL_Driver_12323373487323971647.dir\stm32h7xx_ll_utils.o
#        D:\MyProject\FreeRTOS_Project\h753FreertosTemplate2\EWARM\h753FreertosTemplate\Obj\BSP_16987466797925798938.dir\stm32h7xx_nucleo.o
#        D:\MyProject\FreeRTOS_Project\h753FreertosTemplate2\EWARM\h753FreertosTemplate\Obj\FreeRTOS_4809373609813369194.dir\stream_buffer.o
#        D:\MyProject\FreeRTOS_Project\h753FreertosTemplate2\EWARM\h753FreertosTemplate\Obj\CMSIS_6603591812247902717.dir\system_stm32h7xx.o
#        D:\MyProject\FreeRTOS_Project\h753FreertosTemplate2\EWARM\h753FreertosTemplate\Obj\FreeRTOS_4809373609813369194.dir\tasks.o
#        D:\MyProject\FreeRTOS_Project\h753FreertosTemplate2\EWARM\h753FreertosTemplate\Obj\Common_Drv_14642545183444923962.dir\timerForDebug.o
#        D:\MyProject\FreeRTOS_Project\h753FreertosTemplate2\EWARM\h753FreertosTemplate\Obj\FreeRTOS_4809373609813369194.dir\timers.o
#        D:\MyProject\FreeRTOS_Project\h753FreertosTemplate2\EWARM\h753FreertosTemplate\Obj\Core_13247989168731456611.dir\usart.o
#        D:\MyProject\FreeRTOS_Project\h753FreertosTemplate2\EWARM\h753FreertosTemplate\Obj\Common_Drv_14642545183444923962.dir\wwdg.o
#        --no_out_extension -o
#        D:\MyProject\FreeRTOS_Project\h753FreertosTemplate2\EWARM\h753FreertosTemplate\Exe\h753FreertosTemplate.out
#        --redirect _Printf=_PrintfFullNoMb --redirect _Scanf=_ScanfFullNoMb
#        --map
#        D:\MyProject\FreeRTOS_Project\h753FreertosTemplate2\EWARM\h753FreertosTemplate\List\h753FreertosTemplate.map
#        --config
#        D:\MyProject\FreeRTOS_Project\h753FreertosTemplate2\EWARM/stm32h753xx_flash.icf
#        --semihosting --entry __iar_program_start --vfe --text_out locale
#        --cpu=Cortex-M7 --fpu=VFPv5_d16) --dependencies=n
#        D:\MyProject\FreeRTOS_Project\h753FreertosTemplate2\EWARM\h753FreertosTemplate\Exe\h753FreertosTemplate.out.iar_deps
#
###############################################################################

*******************************************************************************
*** RUNTIME MODEL ATTRIBUTES
***

CppFlavor       = *
__CPP_Runtime   = 1
__SystemLibrary = DLib
__dlib_version  = 6


*******************************************************************************
*** HEAP SELECTION
***

The basic heap was selected because --advanced_heap
was not specified and the application did not appear to
be primarily optimized for speed.


*******************************************************************************
*** PLACEMENT SUMMARY
***

"A0":  place at address 0x800'0000 { ro section .intvec };
"P1":  place in [from 0x800'0000 to 0x81f'ffff] { ro };
define block CSTACK with size = 1K, alignment = 8 { };
define block HEAP with size = 512, alignment = 8 { };
"P2":  place in [from 0x2000'0000 to 0x2001'ffff] {
          rw, block CSTACK, block HEAP };
"P3":  place in [from 0x2400'0000 to 0x2408'0000] { section .RAM_D1 };
"P4":  place in [from 0x3000'0000 to 0x3004'8000] { section .RAM_D2 };
"P5":  place in [from 0x3800'0000 to 0x3801'0000] { section .RAM_D3 };
"P6":  place in [from 0x3880'0000 to 0x3880'1000] { section .RAM_BKP };
initialize by copy { rw };

  Section            Kind         Address    Size  Object
  -------            ----         -------    ----  ------
"A0":                                       0x298
  .intvec            ro code   0x800'0000   0x298  startup_stm32h753xx.o [5]
                             - 0x800'0298   0x298

"P1":                                      0x95b9
  .text              ro code   0x800'0298  0x18ac  stm32h7xx_hal_dma.o [7]
  .text              ro code   0x800'1b44     0xc  stm32h7xx_hal.o [7]
  .text              ro code   0x800'1b50   0xeca  xprintffull_nomb.o [8]
  .text              ro code   0x800'2a1a    0x3a  packbits_init_single.o [10]
  .text              ro code   0x800'2a54    0x16  strchr.o [10]
  .text              ro code   0x800'2a6a     0xa  xsprout.o [8]
  .text              ro code   0x800'2a74    0x40  xfail_s.o [8]
  .text              ro code   0x800'2ab4    0x14  strlen_small.o [10]
  .text              ro code   0x800'2ac8    0x58  memchr.o [10]
  .text              ro code   0x800'2b20    0x18  ABImemcpy_small.o [10]
  .text              ro code   0x800'2b38    0x70  frexp.o [9]
  .text              ro code   0x800'2ba8    0x34  DblCmpLe.o [9]
  .text              ro code   0x800'2bdc    0x34  DblCmpGe.o [9]
  .text              ro code   0x800'2c10   0x104  ldexp.o [9]
  .text              ro code   0x800'2d14     0xe  DblToS32.o [9]
  .text              ro code   0x800'2d22     0xe  S32ToDbl.o [9]
  .text              ro code   0x800'2d30    0x12  DblSub.o [9]
  .text              ro code   0x800'2d42    0x12  DblDiv.o [9]
  .text              ro code   0x800'2d54     0xe  DblToU32.o [9]
  .text              ro code   0x800'2d62     0xe  U32ToDbl.o [9]
  .text              ro code   0x800'2d70    0x12  DblMul.o [9]
  .rodata            const     0x800'2d82     0x2  xlocale_c.o [8]
  .text              ro code   0x800'2d84     0x8  xlocale_c.o [8]
  .text              ro code   0x800'2d8c   0x106  I64DivMod_small.o [10]
  .text              ro code   0x800'2e92     0x6  abort.o [8]
  .text              ro code   0x800'2e98     0x2  I64DivZer.o [10]
  .rodata            const     0x800'2e9a     0x1  xlocale_c.o [8]
  .text              ro code   0x800'2e9c    0x14  exit.o [11]
  .text              ro code   0x800'2eb0   0xd28  stm32h7xx_hal_uart.o [7]
  .text              ro code   0x800'3bd8   0x32c  usart.o [4]
  .text              ro code   0x800'3f04     0x2  stm32h7xx_hal_uart.o [7]
  .text              ro code   0x800'3f06     0x2  stm32h7xx_hal_uart.o [7]
  .text              ro code   0x800'3f08     0x2  stm32h7xx_hal_uart_ex.o [7]
  .text              ro code   0x800'3f0a     0x2  stm32h7xx_hal_uart.o [7]
  .text              ro code   0x800'3f0c     0x2  stm32h7xx_hal_uart_ex.o [7]
  .text              ro code   0x800'3f0e     0x2  stm32h7xx_hal_uart_ex.o [7]
  .text              ro code   0x800'3f10   0xbc4  stm32h7xx_hal_rcc_ex.o [7]
  .text              ro code   0x800'4ad4   0x3f4  stm32h7xx_hal_rcc.o [7]
  .text              ro code   0x800'4ec8     0x2  stm32h7xx_hal_uart.o [7]
  .text              ro code   0x800'4ecc   0x660  main.o [4]
  .text              ro code   0x800'552c    0xf4  stm32h7xx_hal_uart_ex.o [7]
  .text              ro code   0x800'5620    0x14  memset.o [10]
  .text              ro code   0x800'5634   0x11c  stm32h7xx_hal_cortex.o [7]
  .text              ro code   0x800'5750   0x250  stm32h7xx_hal_gpio.o [7]
  .text              ro code   0x800'59a0    0x90  stm32h7xx_hal_timebase_tim.o [4]
  .text              ro code   0x800'5a30    0x28  printf.o [8]
  .text              ro code   0x800'5a58   0xca4  tasks.o [6]
  .text              ro code   0x800'66fc   0x370  rtc_timeStamp.o [3]
  .text              ro code   0x800'6a6c   0x158  stm32h7xx_nucleo.o [1]
  .text              ro code   0x800'6bc4    0x12  ABImemset_small.o [10]
  .text              ro code   0x800'6bd8    0x3c  delay.o [3]
  .text              ro code   0x800'6c14    0x68  stm32h7xx_hal_iwdg.o [7]
  .text              ro code   0x800'6c7c    0x32  stm32h7xx_hal_wwdg.o [7]
  .text              ro code   0x800'6cb0    0x68  stm32h7xx_hal.o [7]
  .text              ro code   0x800'6d18    0x44  gpio.o [4]
  .text              ro code   0x800'6d5c    0x60  dma.o [4]
  .text              ro code   0x800'6dbc    0xc4  timerForDebug.o [3]
  .text              ro code   0x800'6e80    0x8c  iwdg.o [3]
  .text              ro code   0x800'6f0c   0x120  wwdg.o [3]
  .text              ro code   0x800'702c     0x6  ABImemclr4.o [10]
  .text              ro code   0x800'7034    0x48  stm32h7xx_hal_pwr_ex.o [7]
  .text              ro code   0x800'707c   0x510  stm32h7xx_hal_rcc.o [7]
  .text              ro code   0x800'758c    0x10  stm32h7xx_hal.o [7]
  .text              ro code   0x800'759c   0x33c  stm32h7xx_hal_tim.o [7]
  .text              ro code   0x800'78d8   0x1b0  heap_4.o [6]
  .text              ro code   0x800'7a88    0x3a  ABImemset48.o [10]
  .text              ro code   0x800'7ac2    0x94  list.o [6]
  .text              ro code   0x800'7b58   0x1ca  port.o [6]
  .text              ro code   0x800'7d24    0x14  cmsis_os2.o [6]
  .text              ro code   0x800'7d38   0x354  timers.o [6]
  .text              ro code   0x800'808c    0x14  freertos.o [4]
  .text              ro code   0x800'80a0    0x18  strcpy.o [10]
  .text              ro code   0x800'80b8    0x40  sprintf.o [8]
  .text              ro code   0x800'80f8   0x5a6  stm32h7xx_hal_rtc.o [7]
  .text              ro code   0x800'86a0   0x10c  stm32h7xx_hal_rtc_ex.o [7]
  .text              ro code   0x800'87ac    0x10  stm32h7xx_hal_pwr.o [7]
  .text              ro code   0x800'87bc    0x1c  stm32h7xx_hal_exti.o [7]
  .text              ro code   0x800'87d8     0x2  stm32h7xx_nucleo.o [1]
  .text              ro code   0x800'87dc    0x28  stm32h7xx_hal_msp.o [4]
  .text              ro code   0x800'8804     0x2  stm32h7xx_hal_tim.o [7]
  .text              ro code   0x800'8806     0x2  stm32h7xx_hal_tim.o [7]
  .text              ro code   0x800'8808     0x2  stm32h7xx_hal_tim_ex.o [7]
  .text              ro code   0x800'880a     0x2  stm32h7xx_hal_tim_ex.o [7]
  .text              ro code   0x800'880c     0x2  stm32h7xx_hal_tim.o [7]
  .text              ro code   0x800'880e     0x2  stm32h7xx_hal_tim_ex.o [7]
  .text              ro code   0x800'8810     0x2  stm32h7xx_hal_tim.o [7]
  .text              ro code   0x800'8814    0x2c  port.o [6]
  CODE               ro code   0x800'8840    0xb0  portasm.o [6]
  .text              ro code   0x800'88f0    0x18  cmsis_os2.o [6]
  .text              ro code   0x800'8908   0x588  queue.o [6]
  .text              ro code   0x800'8e90     0x2  stm32h7xx_hal_rtc_ex.o [7]
  .rodata            const     0x800'8e94   0x348  main.o [4]
  .text              ro code   0x800'91dc    0xd4  system_stm32h7xx.o [2]
  .rodata            const     0x800'92b0    0xc8  rtc_timeStamp.o [3]
  .text              ro code   0x800'9378    0x5c  stm32h7xx_it.o [4]
  .text              ro code   0x800'93d4    0x44  putchar.o [8]
  .text              ro code   0x800'9418    0x38  zero_init3.o [10]
  .rodata            const     0x800'9450    0x2c  iwdg.o [3]
  .rodata            const     0x800'947c    0x28  wwdg.o [3]
  .text              ro code   0x800'94a4    0x28  data_init.o [10]
  .text              ro code   0x800'94cc    0x22  fpinit_M.o [9]
  .iar.init_table    const     0x800'94f0    0x40  - Linker created -
  .text              ro code   0x800'9530    0x20  cmsis_os2.o [6]
  .text              ro code   0x800'9550    0x1e  cmain.o [10]
  .text              ro code   0x800'956e     0x4  low_level_init.o [8]
  .text              ro code   0x800'9572     0x4  exit.o [8]
  .text              ro code   0x800'9578     0xa  cexit.o [10]
  .text              ro code   0x800'9584    0x1c  cstartup_M.o [10]
  .text              ro code   0x800'95a0    0x16  xprout.o [8]
  .text              ro code   0x800'95b8    0x10  startup_stm32h753xx.o [5]
  .text              ro code   0x800'95c8     0x4  startup_stm32h753xx.o [5]
  .text              ro code   0x800'95cc     0x4  startup_stm32h753xx.o [5]
  .text              ro code   0x800'95d0     0x4  startup_stm32h753xx.o [5]
  .text              ro code   0x800'95d4     0x4  startup_stm32h753xx.o [5]
  .text              ro code   0x800'95d8     0x4  startup_stm32h753xx.o [5]
  .text              ro code   0x800'95dc     0x4  startup_stm32h753xx.o [5]
  .text              ro code   0x800'95e0     0x4  startup_stm32h753xx.o [5]
  .text              ro code   0x800'95e4     0x4  startup_stm32h753xx.o [5]
  .text              ro code   0x800'95e8     0x4  startup_stm32h753xx.o [5]
  .text              ro code   0x800'95ec     0x4  startup_stm32h753xx.o [5]
  .text              ro code   0x800'95f0     0x4  startup_stm32h753xx.o [5]
  .text              ro code   0x800'95f4     0x4  startup_stm32h753xx.o [5]
  .text              ro code   0x800'95f8     0x4  startup_stm32h753xx.o [5]
  .text              ro code   0x800'95fc     0x4  startup_stm32h753xx.o [5]
  .text              ro code   0x800'9600     0x4  startup_stm32h753xx.o [5]
  .text              ro code   0x800'9604     0x4  startup_stm32h753xx.o [5]
  .text              ro code   0x800'9608     0x4  startup_stm32h753xx.o [5]
  .text              ro code   0x800'960c     0x4  startup_stm32h753xx.o [5]
  .text              ro code   0x800'9610     0x4  startup_stm32h753xx.o [5]
  .text              ro code   0x800'9614     0x4  startup_stm32h753xx.o [5]
  .text              ro code   0x800'9618     0x4  startup_stm32h753xx.o [5]
  .text              ro code   0x800'961c     0x4  startup_stm32h753xx.o [5]
  .text              ro code   0x800'9620     0x4  startup_stm32h753xx.o [5]
  .text              ro code   0x800'9624     0x4  startup_stm32h753xx.o [5]
  .text              ro code   0x800'9628     0x4  startup_stm32h753xx.o [5]
  .text              ro code   0x800'962c     0x4  startup_stm32h753xx.o [5]
  .text              ro code   0x800'9630     0x4  startup_stm32h753xx.o [5]
  .text              ro code   0x800'9634     0x4  startup_stm32h753xx.o [5]
  .text              ro code   0x800'9638     0x4  startup_stm32h753xx.o [5]
  .text              ro code   0x800'963c     0x4  startup_stm32h753xx.o [5]
  .text              ro code   0x800'9640     0x4  startup_stm32h753xx.o [5]
  .text              ro code   0x800'9644     0x4  startup_stm32h753xx.o [5]
  .text              ro code   0x800'9648     0x4  startup_stm32h753xx.o [5]
  .text              ro code   0x800'964c     0x4  startup_stm32h753xx.o [5]
  .text              ro code   0x800'9650     0x4  startup_stm32h753xx.o [5]
  .text              ro code   0x800'9654     0x4  startup_stm32h753xx.o [5]
  .text              ro code   0x800'9658     0x4  startup_stm32h753xx.o [5]
  .text              ro code   0x800'965c     0x4  startup_stm32h753xx.o [5]
  .text              ro code   0x800'9660     0x4  startup_stm32h753xx.o [5]
  .text              ro code   0x800'9664     0x4  startup_stm32h753xx.o [5]
  .text              ro code   0x800'9668     0x4  startup_stm32h753xx.o [5]
  .text              ro code   0x800'966c     0x4  startup_stm32h753xx.o [5]
  .text              ro code   0x800'9670     0x4  startup_stm32h753xx.o [5]
  .text              ro code   0x800'9674     0x4  startup_stm32h753xx.o [5]
  .text              ro code   0x800'9678     0x4  startup_stm32h753xx.o [5]
  .text              ro code   0x800'967c     0x4  startup_stm32h753xx.o [5]
  .text              ro code   0x800'9680     0x4  startup_stm32h753xx.o [5]
  .text              ro code   0x800'9684     0x4  startup_stm32h753xx.o [5]
  .text              ro code   0x800'9688     0x4  startup_stm32h753xx.o [5]
  .text              ro code   0x800'968c     0x4  startup_stm32h753xx.o [5]
  .text              ro code   0x800'9690     0x4  startup_stm32h753xx.o [5]
  .text              ro code   0x800'9694     0x4  startup_stm32h753xx.o [5]
  .text              ro code   0x800'9698     0x4  startup_stm32h753xx.o [5]
  .text              ro code   0x800'969c     0x4  startup_stm32h753xx.o [5]
  .text              ro code   0x800'96a0     0x4  startup_stm32h753xx.o [5]
  .text              ro code   0x800'96a4     0x4  startup_stm32h753xx.o [5]
  .text              ro code   0x800'96a8     0x4  startup_stm32h753xx.o [5]
  .text              ro code   0x800'96ac     0x4  startup_stm32h753xx.o [5]
  .text              ro code   0x800'96b0     0x4  startup_stm32h753xx.o [5]
  .text              ro code   0x800'96b4     0x4  startup_stm32h753xx.o [5]
  .text              ro code   0x800'96b8     0x4  startup_stm32h753xx.o [5]
  .text              ro code   0x800'96bc     0x4  startup_stm32h753xx.o [5]
  .text              ro code   0x800'96c0     0x4  startup_stm32h753xx.o [5]
  .text              ro code   0x800'96c4     0x4  startup_stm32h753xx.o [5]
  .text              ro code   0x800'96c8     0x4  startup_stm32h753xx.o [5]
  .text              ro code   0x800'96cc     0x4  startup_stm32h753xx.o [5]
  .text              ro code   0x800'96d0     0x4  startup_stm32h753xx.o [5]
  .text              ro code   0x800'96d4     0x4  startup_stm32h753xx.o [5]
  .text              ro code   0x800'96d8     0x4  startup_stm32h753xx.o [5]
  .text              ro code   0x800'96dc     0x4  startup_stm32h753xx.o [5]
  .text              ro code   0x800'96e0     0x4  startup_stm32h753xx.o [5]
  .text              ro code   0x800'96e4     0x4  startup_stm32h753xx.o [5]
  .text              ro code   0x800'96e8     0x4  startup_stm32h753xx.o [5]
  .text              ro code   0x800'96ec     0x4  startup_stm32h753xx.o [5]
  .text              ro code   0x800'96f0     0x4  startup_stm32h753xx.o [5]
  .text              ro code   0x800'96f4     0x4  startup_stm32h753xx.o [5]
  .text              ro code   0x800'96f8     0x4  startup_stm32h753xx.o [5]
  .text              ro code   0x800'96fc     0x4  startup_stm32h753xx.o [5]
  .text              ro code   0x800'9700     0x4  startup_stm32h753xx.o [5]
  .text              ro code   0x800'9704     0x4  startup_stm32h753xx.o [5]
  .text              ro code   0x800'9708     0x4  startup_stm32h753xx.o [5]
  .text              ro code   0x800'970c     0x4  startup_stm32h753xx.o [5]
  .text              ro code   0x800'9710     0x4  startup_stm32h753xx.o [5]
  .text              ro code   0x800'9714     0x4  startup_stm32h753xx.o [5]
  .text              ro code   0x800'9718     0x4  startup_stm32h753xx.o [5]
  .text              ro code   0x800'971c     0x4  startup_stm32h753xx.o [5]
  .text              ro code   0x800'9720     0x4  startup_stm32h753xx.o [5]
  .text              ro code   0x800'9724     0x4  startup_stm32h753xx.o [5]
  .text              ro code   0x800'9728     0x4  startup_stm32h753xx.o [5]
  .text              ro code   0x800'972c     0x4  startup_stm32h753xx.o [5]
  .text              ro code   0x800'9730     0x4  startup_stm32h753xx.o [5]
  .text              ro code   0x800'9734     0x4  startup_stm32h753xx.o [5]
  .text              ro code   0x800'9738     0x4  startup_stm32h753xx.o [5]
  .text              ro code   0x800'973c     0x4  startup_stm32h753xx.o [5]
  .text              ro code   0x800'9740     0x4  startup_stm32h753xx.o [5]
  .text              ro code   0x800'9744     0x4  startup_stm32h753xx.o [5]
  .text              ro code   0x800'9748     0x4  startup_stm32h753xx.o [5]
  .text              ro code   0x800'974c     0x4  startup_stm32h753xx.o [5]
  .text              ro code   0x800'9750     0x4  startup_stm32h753xx.o [5]
  .text              ro code   0x800'9754     0x4  startup_stm32h753xx.o [5]
  .text              ro code   0x800'9758     0x4  startup_stm32h753xx.o [5]
  .text              ro code   0x800'975c     0x4  startup_stm32h753xx.o [5]
  .text              ro code   0x800'9760     0x4  startup_stm32h753xx.o [5]
  .text              ro code   0x800'9764     0x4  startup_stm32h753xx.o [5]
  .text              ro code   0x800'9768     0x4  startup_stm32h753xx.o [5]
  .text              ro code   0x800'976c     0x4  startup_stm32h753xx.o [5]
  .text              ro code   0x800'9770     0x4  startup_stm32h753xx.o [5]
  .text              ro code   0x800'9774     0x4  startup_stm32h753xx.o [5]
  .text              ro code   0x800'9778     0x4  startup_stm32h753xx.o [5]
  .text              ro code   0x800'977c     0x4  startup_stm32h753xx.o [5]
  .text              ro code   0x800'9780     0x4  startup_stm32h753xx.o [5]
  .text              ro code   0x800'9784     0x4  startup_stm32h753xx.o [5]
  .text              ro code   0x800'9788     0x4  startup_stm32h753xx.o [5]
  .text              ro code   0x800'978c     0x4  startup_stm32h753xx.o [5]
  .text              ro code   0x800'9790     0x4  startup_stm32h753xx.o [5]
  .text              ro code   0x800'9794     0x4  startup_stm32h753xx.o [5]
  .text              ro code   0x800'9798     0x4  startup_stm32h753xx.o [5]
  .text              ro code   0x800'979c     0x4  startup_stm32h753xx.o [5]
  .text              ro code   0x800'97a0     0x4  startup_stm32h753xx.o [5]
  .text              ro code   0x800'97a4     0x4  startup_stm32h753xx.o [5]
  .text              ro code   0x800'97a8     0x4  startup_stm32h753xx.o [5]
  .text              ro code   0x800'97ac     0x4  startup_stm32h753xx.o [5]
  .text              ro code   0x800'97b0     0x4  startup_stm32h753xx.o [5]
  .text              ro code   0x800'97b4     0x4  startup_stm32h753xx.o [5]
  .text              ro code   0x800'97b8     0x4  startup_stm32h753xx.o [5]
  .text              ro code   0x800'97bc     0x4  startup_stm32h753xx.o [5]
  .text              ro code   0x800'97c0     0x4  startup_stm32h753xx.o [5]
  .text              ro code   0x800'97c4     0x4  startup_stm32h753xx.o [5]
  .text              ro code   0x800'97c8     0x4  startup_stm32h753xx.o [5]
  .rodata            const     0x800'97cc     0x0  zero_init3.o [10]
  .rodata            const     0x800'97cc     0x0  packbits_init_single.o [10]
  Initializer bytes  const     0x800'97cc    0x85  <for P2-1>
                             - 0x800'9851  0x95b9

"P2", part 1 of 3:                           0xc0
  P2-1                        0x2000'0000    0xc0  <Init block>
    .data            inited   0x2000'0000     0xc  port.o [6]
    .data            inited   0x2000'000c     0xc  stm32h7xx_hal.o [7]
    .data            inited   0x2000'0018    0x14  stm32h7xx_nucleo.o [1]
    .data            inited   0x2000'002c     0xc  stm32h7xx_nucleo.o [1]
    .data            inited   0x2000'0038     0x8  system_stm32h7xx.o [2]
    .data            inited   0x2000'0040    0x38  xlocale_c.o [8]
    .data            inited   0x2000'0078    0x48  xfiles.o [8]
                            - 0x2000'00c0    0xc0

"P2", part 2 of 3:                         0x4e80
  .bss               zero     0x2000'00c0  0x3c20  heap_4.o [6]
  .bss               zero     0x2000'3ce0   0x460  cmsis_os2.o [6]
  .bss               zero     0x2000'4140   0x460  tasks.o [6]
  .bss               zero     0x2000'45a0   0x260  cmsis_os2.o [6]
  .bss               zero     0x2000'4800   0x1e0  usart.o [4]
  .bss               zero     0x2000'49e0   0x12c  timers.o [6]
  .bss               zero     0x2000'4b0c    0xa0  tasks.o [6]
  .bss               zero     0x2000'4bac    0x94  usart.o [4]
  .bss               zero     0x2000'4c40    0x94  usart.o [4]
  .bss               zero     0x2000'4cd4    0x8c  rtc_timeStamp.o [3]
  .bss               zero     0x2000'4d60    0x68  main.o [4]
  .bss               zero     0x2000'4dc8    0x50  timerForDebug.o [3]
  .bss               zero     0x2000'4e18    0x50  xfiles.o [8]
  .bss               zero     0x2000'4e68    0x4c  stm32h7xx_hal_timebase_tim.o [4]
  .bss               zero     0x2000'4eb4    0x40  queue.o [6]
  .bss               zero     0x2000'4ef4    0x1c  main.o [4]
  .bss               zero     0x2000'4f10    0x18  wwdg.o [3]
  .bss               zero     0x2000'4f28    0x10  iwdg.o [3]
  .bss               zero     0x2000'4f38     0x4  rtc_timeStamp.o [3]
  .bss               zero     0x2000'4f3c     0x4  xfail_s.o [8]
                            - 0x2000'4f40  0x4e80

"P2", part 3 of 3:                          0x400
  CSTACK                      0x2000'4f40   0x400  <Block>
    CSTACK           uninit   0x2000'4f40   0x400  <Block tail>
                            - 0x2000'5340   0x400

"P3":                                        0x2c
  .RAM_D1            zero     0x2400'0000    0x2c  main.o [4]
                            - 0x2400'002c    0x2c

"P4":                                        0x2c
  .RAM_D2            zero     0x3000'0000    0x2c  main.o [4]
                            - 0x3000'002c    0x2c

"P5":                                        0x2c
  .RAM_D3            zero     0x3800'0000    0x2c  main.o [4]
                            - 0x3800'002c    0x2c

"P6":                                        0x2c
  .RAM_BKP           zero     0x3880'0000    0x2c  main.o [4]
                            - 0x3880'002c    0x2c

Unused ranges:

         From           To       Size
         ----           --       ----
   0x800'9851   0x81f'ffff  0x1f'67af
  0x2000'5340  0x2001'ffff   0x1'acc0
  0x2400'002c  0x2408'0000   0x7'ffd5
  0x3000'002c  0x3004'8000   0x4'7fd5
  0x3800'002c  0x3801'0000     0xffd5
  0x3880'002c  0x3880'1000      0xfd5


*******************************************************************************
*** INIT TABLE
***

          Address      Size
          -------      ----
Zero (__iar_zero_init3)
    5 destination ranges, total size 0x4f30:
          0x2000'00c0  0x4e80
          0x2400'0000    0x2c
          0x3000'0000    0x2c
          0x3800'0000    0x2c
          0x3880'0000    0x2c

Copy/packbits (__iar_packbits_init_single3)
    1 source range, total size 0x85 (69% of destination):
           0x800'97cc    0x85
    1 destination range, total size 0xc0:
          0x2000'0000    0xc0



*******************************************************************************
*** MODULE SUMMARY
***

    Module                        ro code  ro data  rw data
    ------                        -------  -------  -------
command line/config:
    -------------------------------------------------------
    Total:

D:\MyProject\FreeRTOS_Project\h753FreertosTemplate2\EWARM\h753FreertosTemplate\Obj\BSP_16987466797925798938.dir: [1]
    stm32h7xx_nucleo.o                346       22       32
    -------------------------------------------------------
    Total:                            346       22       32

D:\MyProject\FreeRTOS_Project\h753FreertosTemplate2\EWARM\h753FreertosTemplate\Obj\CMSIS_6603591812247902717.dir: [2]
    system_stm32h7xx.o                212        6        8
    -------------------------------------------------------
    Total:                            212        6        8

D:\MyProject\FreeRTOS_Project\h753FreertosTemplate2\EWARM\h753FreertosTemplate\Obj\Common_Drv_14642545183444923962.dir: [3]
    delay.o                            60
    iwdg.o                            140       44       16
    rtc_timeStamp.o                   880      200      144
    timerForDebug.o                   196                80
    wwdg.o                            288       40       24
    -------------------------------------------------------
    Total:                          1'564      284      264

D:\MyProject\FreeRTOS_Project\h753FreertosTemplate2\EWARM\h753FreertosTemplate\Obj\Core_13247989168731456611.dir: [4]
    dma.o                              96
    freertos.o                         20
    gpio.o                             68
    main.o                          1'632      840      308
    stm32h7xx_hal_msp.o                40
    stm32h7xx_hal_timebase_tim.o      144                76
    stm32h7xx_it.o                     92
    usart.o                           812               776
    -------------------------------------------------------
    Total:                          2'904      840    1'160

D:\MyProject\FreeRTOS_Project\h753FreertosTemplate2\EWARM\h753FreertosTemplate\Obj\EWARM_18443280873093131863.dir: [5]
    startup_stm32h753xx.o           1'196
    -------------------------------------------------------
    Total:                          1'196

D:\MyProject\FreeRTOS_Project\h753FreertosTemplate2\EWARM\h753FreertosTemplate\Obj\FreeRTOS_4809373609813369194.dir: [6]
    cmsis_os2.o                        76             1'728
    heap_4.o                          432            15'392
    list.o                            148
    port.o                            502        8       12
    portasm.o                         176
    queue.o                         1'416                64
    tasks.o                         3'236             1'280
    timers.o                          852               300
    -------------------------------------------------------
    Total:                          6'838        8   18'776

D:\MyProject\FreeRTOS_Project\h753FreertosTemplate2\EWARM\h753FreertosTemplate\Obj\STM32H7xx_HAL_Driver_12323373487323971647.dir: [7]
    stm32h7xx_hal.o                   132        8       12
    stm32h7xx_hal_cortex.o            284
    stm32h7xx_hal_dma.o             6'316
    stm32h7xx_hal_exti.o               28
    stm32h7xx_hal_gpio.o              592
    stm32h7xx_hal_iwdg.o              104
    stm32h7xx_hal_pwr.o                16
    stm32h7xx_hal_pwr_ex.o             72
    stm32h7xx_hal_rcc.o             2'308
    stm32h7xx_hal_rcc_ex.o          3'012
    stm32h7xx_hal_rtc.o             1'446
    stm32h7xx_hal_rtc_ex.o            270
    stm32h7xx_hal_tim.o               836
    stm32h7xx_hal_tim_ex.o              6
    stm32h7xx_hal_uart.o            3'376
    stm32h7xx_hal_uart_ex.o           250
    stm32h7xx_hal_wwdg.o               50
    -------------------------------------------------------
    Total:                         19'098        8       12

dl7M_tlf.a: [8]
    abort.o                             6
    exit.o                              4
    low_level_init.o                    4
    printf.o                           40
    putchar.o                          68
    sprintf.o                          64
    xfail_s.o                          64                 4
    xfiles.o                                    50      152
    xlocale_c.o                         8       42       56
    xprintffull_nomb.o              3'786
    xprout.o                           22
    xsprout.o                          10
    -------------------------------------------------------
    Total:                          4'076       92      212

m7M_tlv.a: [9]
    DblCmpGe.o                         52
    DblCmpLe.o                         52
    DblDiv.o                           18
    DblMul.o                           18
    DblSub.o                           18
    DblToS32.o                         14
    DblToU32.o                         14
    S32ToDbl.o                         14
    U32ToDbl.o                         14
    fpinit_M.o                         34
    frexp.o                           112
    ldexp.o                           260
    -------------------------------------------------------
    Total:                            620

rt7M_tl.a: [10]
    ABImemclr4.o                        6
    ABImemcpy_small.o                  24
    ABImemset48.o                      58
    ABImemset_small.o                  18
    I64DivMod_small.o                 262
    I64DivZer.o                         2
    cexit.o                            10
    cmain.o                            30
    cstartup_M.o                       28
    data_init.o                        40
    memchr.o                           88
    memset.o                           20
    packbits_init_single.o             58
    strchr.o                           22
    strcpy.o                           24
    strlen_small.o                     20
    zero_init3.o                       56
    -------------------------------------------------------
    Total:                            766

shb_l.a: [11]
    exit.o                             20
    -------------------------------------------------------
    Total:                             20

    Gaps                               25        4
    Linker created                              64    1'024
-----------------------------------------------------------
    Grand Total:                   37'665    1'328   21'488


*******************************************************************************
*** ENTRY LIST
***

Entry                       Address    Size  Type      Object
-----                       -------    ----  ----      ------
.iar.init_table$$Base    0x800'94f0           --   Gb  - Linker created -
.iar.init_table$$Limit   0x800'9530           --   Gb  - Linker created -
?main                    0x800'9551          Code  Gb  cmain.o [10]
ADC3_IRQHandler          0x800'977d          Code  Wk  startup_stm32h753xx.o [5]
ADC_IRQHandler           0x800'95fd          Code  Wk  startup_stm32h753xx.o [5]
AXISRAMBuf              0x2400'0004    0x28  Data  Gb  main.o [4]
AXISRAMCount            0x2400'0000     0x2  Data  Gb  main.o [4]
BDMA_Channel0_IRQHandler
                         0x800'9785          Code  Wk  startup_stm32h753xx.o [5]
BDMA_Channel1_IRQHandler
                         0x800'9789          Code  Wk  startup_stm32h753xx.o [5]
BDMA_Channel2_IRQHandler
                         0x800'978d          Code  Wk  startup_stm32h753xx.o [5]
BDMA_Channel3_IRQHandler
                         0x800'9791          Code  Wk  startup_stm32h753xx.o [5]
BDMA_Channel4_IRQHandler
                         0x800'9795          Code  Wk  startup_stm32h753xx.o [5]
BDMA_Channel5_IRQHandler
                         0x800'9799          Code  Wk  startup_stm32h753xx.o [5]
BDMA_Channel6_IRQHandler
                         0x800'979d          Code  Wk  startup_stm32h753xx.o [5]
BDMA_Channel7_IRQHandler
                         0x800'97a1          Code  Wk  startup_stm32h753xx.o [5]
BKPSRAMBuf              0x3880'0004    0x28  Data  Gb  main.o [4]
BKPSRAMCount            0x3880'0000     0x2  Data  Gb  main.o [4]
BSP_LED_Init             0x800'6a6d    0x78  Code  Gb  stm32h7xx_nucleo.o [1]
BSP_LED_Toggle           0x800'6ae5    0x2c  Code  Gb  stm32h7xx_nucleo.o [1]
BSP_PB_Callback          0x800'87d9     0x2  Code  Wk  stm32h7xx_nucleo.o [1]
BSP_PB_Init              0x800'6b11    0x8c  Code  Gb  stm32h7xx_nucleo.o [1]
BSP_PB_Init::BSP_BUTTON_PRIO
                        0x2000'0020     0x4  Data  Lc  stm32h7xx_nucleo.o [1]
BSP_PB_Init::BUTTON_EXTI_LINE
                         0x800'6bc0     0x4  Data  Lc  stm32h7xx_nucleo.o [1]
BSP_PB_Init::ButtonCallback
                        0x2000'001c     0x4  Data  Lc  stm32h7xx_nucleo.o [1]
BUTTON_IRQn              0x800'6bbc     0x2  Data  Lc  stm32h7xx_nucleo.o [1]
BUTTON_PIN               0x800'6bb8     0x2  Data  Lc  stm32h7xx_nucleo.o [1]
BUTTON_PORT             0x2000'0018     0x4  Data  Lc  stm32h7xx_nucleo.o [1]
BUTTON_USER_EXTI_Callback
                         0x800'6ba9     0x6  Code  Lc  stm32h7xx_nucleo.o [1]
BusFault_Handler         0x800'937f     0x2  Code  Gb  stm32h7xx_it.o [4]
CEC_IRQHandler           0x800'9701          Code  Wk  startup_stm32h753xx.o [5]
COMP1_IRQHandler         0x800'97a5          Code  Wk  startup_stm32h753xx.o [5]
CRS_IRQHandler           0x800'97bd          Code  Wk  startup_stm32h753xx.o [5]
CRYP_IRQHandler          0x800'96c9          Code  Wk  startup_stm32h753xx.o [5]
CSTACK$$Base            0x2000'4f40           --   Gb  - Linker created -
CSTACK$$Limit           0x2000'5340           --   Gb  - Linker created -
D1CorePrescTable         0x800'92a0    0x10  Data  Gb  system_stm32h7xx.o [2]
D2SRAMBuf               0x3000'0004    0x28  Data  Gb  main.o [4]
D2SRAMCount             0x3000'0000     0x2  Data  Gb  main.o [4]
D3SRAMBuf               0x3800'0004    0x28  Data  Gb  main.o [4]
D3SRAMCount             0x3800'0000     0x2  Data  Gb  main.o [4]
DCMI_IRQHandler          0x800'96c5          Code  Wk  startup_stm32h753xx.o [5]
DFSDM1_FLT0_IRQHandler   0x800'9741          Code  Wk  startup_stm32h753xx.o [5]
DFSDM1_FLT1_IRQHandler   0x800'9745          Code  Wk  startup_stm32h753xx.o [5]
DFSDM1_FLT2_IRQHandler   0x800'9749          Code  Wk  startup_stm32h753xx.o [5]
DFSDM1_FLT3_IRQHandler   0x800'974d          Code  Wk  startup_stm32h753xx.o [5]
DMA1_Stream0_IRQHandler
                         0x800'9385     0x6  Code  Gb  stm32h7xx_it.o [4]
DMA1_Stream1_IRQHandler
                         0x800'938b     0x6  Code  Gb  stm32h7xx_it.o [4]
DMA1_Stream2_IRQHandler
                         0x800'9391     0x6  Code  Gb  stm32h7xx_it.o [4]
DMA1_Stream3_IRQHandler
                         0x800'9397     0x6  Code  Gb  stm32h7xx_it.o [4]
DMA1_Stream4_IRQHandler
                         0x800'95f1          Code  Wk  startup_stm32h753xx.o [5]
DMA1_Stream5_IRQHandler
                         0x800'95f5          Code  Wk  startup_stm32h753xx.o [5]
DMA1_Stream6_IRQHandler
                         0x800'95f9          Code  Wk  startup_stm32h753xx.o [5]
DMA1_Stream7_IRQHandler
                         0x800'9661          Code  Wk  startup_stm32h753xx.o [5]
DMA2D_IRQHandler         0x800'96f1          Code  Wk  startup_stm32h753xx.o [5]
DMA2_Stream0_IRQHandler
                         0x800'9681          Code  Wk  startup_stm32h753xx.o [5]
DMA2_Stream1_IRQHandler
                         0x800'9685          Code  Wk  startup_stm32h753xx.o [5]
DMA2_Stream2_IRQHandler
                         0x800'9689          Code  Wk  startup_stm32h753xx.o [5]
DMA2_Stream3_IRQHandler
                         0x800'968d          Code  Wk  startup_stm32h753xx.o [5]
DMA2_Stream4_IRQHandler
                         0x800'9691          Code  Wk  startup_stm32h753xx.o [5]
DMA2_Stream5_IRQHandler
                         0x800'96a1          Code  Wk  startup_stm32h753xx.o [5]
DMA2_Stream6_IRQHandler
                         0x800'96a5          Code  Wk  startup_stm32h753xx.o [5]
DMA2_Stream7_IRQHandler
                         0x800'96a9          Code  Wk  startup_stm32h753xx.o [5]
DMAMUX1_OVR_IRQHandler   0x800'9721          Code  Wk  startup_stm32h753xx.o [5]
DMAMUX2_OVR_IRQHandler   0x800'9781          Code  Wk  startup_stm32h753xx.o [5]
DMA_CalcBaseAndBitshift
                         0x800'1929    0x92  Code  Lc  stm32h7xx_hal_dma.o [7]
DMA_CalcBaseAndBitshift{1}{2}::flagBitshiftOffset
                         0x800'1b3c     0x8  Data  Lc  stm32h7xx_hal_dma.o [7]
DMA_CalcDMAMUXChannelBaseAndMask
                         0x800'19d5    0x80  Code  Lc  stm32h7xx_hal_dma.o [7]
DMA_CalcDMAMUXRequestGenBaseAndMask
                         0x800'1a71    0x60  Code  Lc  stm32h7xx_hal_dma.o [7]
DMA_SetConfig            0x800'1781   0x192  Code  Lc  stm32h7xx_hal_dma.o [7]
DebugMon_Handler         0x800'9383     0x2  Code  Gb  stm32h7xx_it.o [4]
ECC_IRQHandler           0x800'97c1          Code  Wk  startup_stm32h753xx.o [5]
ETH_IRQHandler           0x800'9695          Code  Wk  startup_stm32h753xx.o [5]
ETH_WKUP_IRQHandler      0x800'9699          Code  Wk  startup_stm32h753xx.o [5]
EXTI0_IRQHandler         0x800'95dd          Code  Wk  startup_stm32h753xx.o [5]
EXTI15_10_IRQHandler     0x800'93cd     0x8  Code  Gb  stm32h7xx_it.o [4]
EXTI1_IRQHandler         0x800'95e1          Code  Wk  startup_stm32h753xx.o [5]
EXTI2_IRQHandler         0x800'95e5          Code  Wk  startup_stm32h753xx.o [5]
EXTI3_IRQHandler         0x800'95e9          Code  Wk  startup_stm32h753xx.o [5]
EXTI4_IRQHandler         0x800'95ed          Code  Wk  startup_stm32h753xx.o [5]
EXTI9_5_IRQHandler       0x800'9611          Code  Wk  startup_stm32h753xx.o [5]
Error_Handler            0x800'5471     0x4  Code  Gb  main.o [4]
FDCAN1_IT0_IRQHandler    0x800'9601          Code  Wk  startup_stm32h753xx.o [5]
FDCAN1_IT1_IRQHandler    0x800'9609          Code  Wk  startup_stm32h753xx.o [5]
FDCAN2_IT0_IRQHandler    0x800'9605          Code  Wk  startup_stm32h753xx.o [5]
FDCAN2_IT1_IRQHandler    0x800'960d          Code  Wk  startup_stm32h753xx.o [5]
FDCAN_CAL_IRQHandler     0x800'969d          Code  Wk  startup_stm32h753xx.o [5]
FLASH_IRQHandler         0x800'95d5          Code  Wk  startup_stm32h753xx.o [5]
FMC_IRQHandler           0x800'9665          Code  Wk  startup_stm32h753xx.o [5]
FPU_IRQHandler           0x800'96d1          Code  Wk  startup_stm32h753xx.o [5]
HAL_DMA_Abort            0x800'0979   0x366  Code  Gb  stm32h7xx_hal_dma.o [7]
HAL_DMA_Abort_IT         0x800'0d25   0x268  Code  Gb  stm32h7xx_hal_dma.o [7]
HAL_DMA_IRQHandler       0x800'0ff5   0x73c  Code  Gb  stm32h7xx_hal_dma.o [7]
HAL_DMA_Init             0x800'0299   0x3a6  Code  Gb  stm32h7xx_hal_dma.o [7]
HAL_DMA_Start_IT         0x800'066d   0x282  Code  Gb  stm32h7xx_hal_dma.o [7]
HAL_EXTI_GetHandle       0x800'87cd     0xc  Code  Gb  stm32h7xx_hal_exti.o [7]
HAL_EXTI_RegisterCallback
                         0x800'87bd    0x10  Code  Gb  stm32h7xx_hal_exti.o [7]
HAL_GPIO_EXTI_Callback   0x800'53c1    0x2a  Code  Gb  main.o [4]
HAL_GPIO_EXTI_IRQHandler
                         0x800'5953    0x12  Code  Gb  stm32h7xx_hal_gpio.o [7]
HAL_GPIO_Init            0x800'5751   0x1ea  Code  Gb  stm32h7xx_hal_gpio.o [7]
HAL_GPIO_TogglePin       0x800'5943    0x10  Code  Gb  stm32h7xx_hal_gpio.o [7]
HAL_GPIO_WritePin        0x800'593b     0x8  Code  Gb  stm32h7xx_hal_gpio.o [7]
HAL_GetREVID             0x800'6cfb     0x8  Code  Gb  stm32h7xx_hal.o [7]
HAL_GetTick              0x800'1b45     0xc  Code  Wk  stm32h7xx_hal.o [7]
HAL_IWDG_Init            0x800'6c15    0x5c  Code  Gb  stm32h7xx_hal_iwdg.o [7]
HAL_IWDG_Refresh         0x800'6c71     0xc  Code  Gb  stm32h7xx_hal_iwdg.o [7]
HAL_IncTick              0x800'758d    0x10  Code  Wk  stm32h7xx_hal.o [7]
HAL_Init                 0x800'6cb1    0x4a  Code  Gb  stm32h7xx_hal.o [7]
HAL_InitTick             0x800'59a1    0x7c  Code  Gb  stm32h7xx_hal_timebase_tim.o [4]
HAL_MPU_ConfigRegion     0x800'56e9    0x4a  Code  Gb  stm32h7xx_hal_cortex.o [7]
HAL_MPU_Disable          0x800'56bb    0x14  Code  Gb  stm32h7xx_hal_cortex.o [7]
HAL_MPU_Enable           0x800'56cf    0x1a  Code  Gb  stm32h7xx_hal_cortex.o [7]
HAL_MspInit              0x800'87dd    0x28  Code  Gb  stm32h7xx_hal_msp.o [4]
HAL_NVIC_EnableIRQ       0x800'56a5    0x16  Code  Gb  stm32h7xx_hal_cortex.o [7]
HAL_NVIC_SetPriority     0x800'5669    0x3a  Code  Gb  stm32h7xx_hal_cortex.o [7]
HAL_NVIC_SetPriorityGrouping
                         0x800'564f    0x1a  Code  Gb  stm32h7xx_hal_cortex.o [7]
HAL_PWREx_ConfigSupply   0x800'7035    0x44  Code  Gb  stm32h7xx_hal_pwr_ex.o [7]
HAL_PWR_EnableBkUpAccess
                         0x800'87ad     0xc  Code  Gb  stm32h7xx_hal_pwr.o [7]
HAL_RCCEx_GetD3PCLK1Freq
                         0x800'46fd     0xa  Code  Gb  stm32h7xx_hal_rcc_ex.o [7]
HAL_RCCEx_GetPLL2ClockFreq
                         0x800'471d    0x58  Code  Gb  stm32h7xx_hal_rcc_ex.o [7]
HAL_RCCEx_GetPLL3ClockFreq
                         0x800'4775    0x58  Code  Gb  stm32h7xx_hal_rcc_ex.o [7]
HAL_RCCEx_PeriphCLKConfig
                         0x800'3f11   0x7c0  Code  Gb  stm32h7xx_hal_rcc_ex.o [7]
HAL_RCCEx_WWDGxSysResetConfig
                         0x800'48eb     0x8  Code  Gb  stm32h7xx_hal_rcc_ex.o [7]
HAL_RCC_ClockConfig      0x800'4ad5   0x1ac  Code  Gb  stm32h7xx_hal_rcc.o [7]
HAL_RCC_GetClockConfig   0x800'4e3b    0x4c  Code  Gb  stm32h7xx_hal_rcc.o [7]
HAL_RCC_GetHCLKFreq      0x800'4ddb    0x30  Code  Gb  stm32h7xx_hal_rcc.o [7]
HAL_RCC_GetPCLK1Freq     0x800'4e0b    0x10  Code  Gb  stm32h7xx_hal_rcc.o [7]
HAL_RCC_GetPCLK2Freq     0x800'4e1b     0xe  Code  Gb  stm32h7xx_hal_rcc.o [7]
HAL_RCC_GetSysClockFreq
                         0x800'4cdd    0xf0  Code  Gb  stm32h7xx_hal_rcc.o [7]
HAL_RCC_OscConfig        0x800'707d   0x510  Code  Wk  stm32h7xx_hal_rcc.o [7]
HAL_RTCEx_AlarmBEventCallback
                         0x800'8e91     0x2  Code  Wk  stm32h7xx_hal_rtc_ex.o [7]
HAL_RTCEx_SetWakeUpTimer_IT
                         0x800'86a1    0x96  Code  Gb  stm32h7xx_hal_rtc_ex.o [7]
HAL_RTCEx_WakeUpTimerEventCallback
                         0x800'68b1    0x6a  Code  Gb  rtc_timeStamp.o [3]
HAL_RTCEx_WakeUpTimerIRQHandler
                         0x800'8761    0x28  Code  Gb  stm32h7xx_hal_rtc_ex.o [7]
HAL_RTC_AlarmAEventCallback
                         0x800'6935     0xe  Code  Gb  rtc_timeStamp.o [3]
HAL_RTC_AlarmIRQHandler
                         0x800'8565    0x4c  Code  Gb  stm32h7xx_hal_rtc.o [7]
HAL_RTC_GetDate          0x800'833f    0x34  Code  Gb  stm32h7xx_hal_rtc.o [7]
HAL_RTC_GetTime          0x800'825f    0x3c  Code  Gb  stm32h7xx_hal_rtc.o [7]
HAL_RTC_Init             0x800'80f9    0xa0  Code  Gb  stm32h7xx_hal_rtc.o [7]
HAL_RTC_MspInit          0x800'6831    0x74  Code  Gb  rtc_timeStamp.o [3]
HAL_RTC_SetAlarm_IT      0x800'83cf    0xdc  Code  Gb  stm32h7xx_hal_rtc.o [7]
HAL_RTC_SetDate          0x800'829b    0xa4  Code  Gb  stm32h7xx_hal_rtc.o [7]
HAL_RTC_SetTime          0x800'8199    0xc6  Code  Gb  stm32h7xx_hal_rtc.o [7]
HAL_RTC_WaitForSynchro   0x800'85b1    0x2e  Code  Gb  stm32h7xx_hal_rtc.o [7]
HAL_TIMEx_Break2Callback
                         0x800'880b     0x2  Code  Wk  stm32h7xx_hal_tim_ex.o [7]
HAL_TIMEx_BreakCallback
                         0x800'8809     0x2  Code  Wk  stm32h7xx_hal_tim_ex.o [7]
HAL_TIMEx_CommutCallback
                         0x800'880f     0x2  Code  Wk  stm32h7xx_hal_tim_ex.o [7]
HAL_TIM_Base_Init        0x800'759d    0x1a  Code  Gb  stm32h7xx_hal_tim.o [7]
HAL_TIM_Base_MspInit     0x800'6e05    0x2a  Code  Gb  timerForDebug.o [3]
HAL_TIM_Base_Start_IT    0x800'75b7    0x86  Code  Gb  stm32h7xx_hal_tim.o [7]
HAL_TIM_IC_CaptureCallback
                         0x800'8805     0x2  Code  Wk  stm32h7xx_hal_tim.o [7]
HAL_TIM_IRQHandler       0x800'76a9   0x142  Code  Gb  stm32h7xx_hal_tim.o [7]
HAL_TIM_OC_DelayElapsedCallback
                         0x800'8807     0x2  Code  Wk  stm32h7xx_hal_tim.o [7]
HAL_TIM_PWM_PulseFinishedCallback
                         0x800'8811     0x2  Code  Wk  stm32h7xx_hal_tim.o [7]
HAL_TIM_PeriodElapsedCallback
                         0x800'53f7     0xe  Code  Gb  main.o [4]
HAL_TIM_TriggerCallback
                         0x800'880d     0x2  Code  Wk  stm32h7xx_hal_tim.o [7]
HAL_UARTEx_DisableFifoMode
                         0x800'552d    0x3a  Code  Gb  stm32h7xx_hal_uart_ex.o [7]
HAL_UARTEx_RxEventCallback
                         0x800'3f07     0x2  Code  Wk  stm32h7xx_hal_uart.o [7]
HAL_UARTEx_RxFifoFullCallback
                         0x800'3f0f     0x2  Code  Wk  stm32h7xx_hal_uart_ex.o [7]
HAL_UARTEx_SetRxFifoThreshold
                         0x800'557d    0x14  Code  Gb  stm32h7xx_hal_uart_ex.o [7]
HAL_UARTEx_SetTxFifoThreshold
                         0x800'5567    0x16  Code  Gb  stm32h7xx_hal_uart_ex.o [7]
HAL_UARTEx_TxFifoEmptyCallback
                         0x800'3f0d     0x2  Code  Wk  stm32h7xx_hal_uart_ex.o [7]
HAL_UARTEx_WakeupCallback
                         0x800'3f09     0x2  Code  Wk  stm32h7xx_hal_uart_ex.o [7]
HAL_UART_ErrorCallback   0x800'3f05     0x2  Code  Wk  stm32h7xx_hal_uart.o [7]
HAL_UART_IRQHandler      0x800'306b   0x32e  Code  Gb  stm32h7xx_hal_uart.o [7]
HAL_UART_Init            0x800'2eb1    0x38  Code  Gb  stm32h7xx_hal_uart.o [7]
HAL_UART_MspInit         0x800'3c8d   0x1c0  Code  Gb  usart.o [4]
HAL_UART_Transmit        0x800'2f33    0x9a  Code  Gb  stm32h7xx_hal_uart.o [7]
HAL_UART_Transmit_DMA    0x800'2fd3    0x86  Code  Gb  stm32h7xx_hal_uart.o [7]
HAL_UART_TxCpltCallback
                         0x800'3f0b     0x2  Code  Wk  stm32h7xx_hal_uart.o [7]
HAL_UART_TxHalfCpltCallback
                         0x800'4ec9     0x2  Code  Wk  stm32h7xx_hal_uart.o [7]
HAL_WWDG_Init            0x800'6c7d    0x28  Code  Gb  stm32h7xx_hal_wwdg.o [7]
HAL_WWDG_MspInit         0x800'6fc9    0x1a  Code  Gb  wwdg.o [3]
HAL_WWDG_Refresh         0x800'6ca5     0xa  Code  Gb  stm32h7xx_hal_wwdg.o [7]
HASH_RNG_IRQHandler      0x800'96cd          Code  Wk  startup_stm32h753xx.o [5]
HRTIM1_FLT_IRQHandler    0x800'973d          Code  Wk  startup_stm32h753xx.o [5]
HRTIM1_Master_IRQHandler
                         0x800'9725          Code  Wk  startup_stm32h753xx.o [5]
HRTIM1_TIMA_IRQHandler   0x800'9729          Code  Wk  startup_stm32h753xx.o [5]
HRTIM1_TIMB_IRQHandler   0x800'972d          Code  Wk  startup_stm32h753xx.o [5]
HRTIM1_TIMC_IRQHandler   0x800'9731          Code  Wk  startup_stm32h753xx.o [5]
HRTIM1_TIMD_IRQHandler   0x800'9735          Code  Wk  startup_stm32h753xx.o [5]
HRTIM1_TIME_IRQHandler   0x800'9739          Code  Wk  startup_stm32h753xx.o [5]
HSEM1_IRQHandler         0x800'9779          Code  Wk  startup_stm32h753xx.o [5]
HardFault_Handler        0x800'937b     0x2  Code  Gb  stm32h7xx_it.o [4]
I2C1_ER_IRQHandler       0x800'9631          Code  Wk  startup_stm32h753xx.o [5]
I2C1_EV_IRQHandler       0x800'962d          Code  Wk  startup_stm32h753xx.o [5]
I2C2_ER_IRQHandler       0x800'9639          Code  Wk  startup_stm32h753xx.o [5]
I2C2_EV_IRQHandler       0x800'9635          Code  Wk  startup_stm32h753xx.o [5]
I2C3_ER_IRQHandler       0x800'96b1          Code  Wk  startup_stm32h753xx.o [5]
I2C3_EV_IRQHandler       0x800'96ad          Code  Wk  startup_stm32h753xx.o [5]
I2C4_ER_IRQHandler       0x800'9709          Code  Wk  startup_stm32h753xx.o [5]
I2C4_EV_IRQHandler       0x800'9705          Code  Wk  startup_stm32h753xx.o [5]
IwdgHandle              0x2000'4f28    0x10  Data  Gb  iwdg.o [3]
JPEG_IRQHandler          0x800'976d          Code  Wk  startup_stm32h753xx.o [5]
LED_PIN                  0x800'6bb0     0x8  Data  Lc  stm32h7xx_nucleo.o [1]
LED_PORT                0x2000'002c     0xc  Data  Lc  stm32h7xx_nucleo.o [1]
LPTIM1_IRQHandler        0x800'96fd          Code  Wk  startup_stm32h753xx.o [5]
LPTIM2_IRQHandler        0x800'97a9          Code  Wk  startup_stm32h753xx.o [5]
LPTIM3_IRQHandler        0x800'97ad          Code  Wk  startup_stm32h753xx.o [5]
LPTIM4_IRQHandler        0x800'97b1          Code  Wk  startup_stm32h753xx.o [5]
LPTIM5_IRQHandler        0x800'97b5          Code  Wk  startup_stm32h753xx.o [5]
LPUART1_IRQHandler       0x800'97b9          Code  Wk  startup_stm32h753xx.o [5]
LTDC_ER_IRQHandler       0x800'96ed          Code  Wk  startup_stm32h753xx.o [5]
LTDC_IRQHandler          0x800'96e9          Code  Wk  startup_stm32h753xx.o [5]
MDIOS_IRQHandler         0x800'9769          Code  Wk  startup_stm32h753xx.o [5]
MDIOS_WKUP_IRQHandler    0x800'9765          Code  Wk  startup_stm32h753xx.o [5]
MDMA_IRQHandler          0x800'9771          Code  Wk  startup_stm32h753xx.o [5]
MX_DMA_Init              0x800'6d5d    0x60  Code  Gb  dma.o [4]
MX_GPIO_Init             0x800'6d19    0x44  Code  Gb  gpio.o [4]
MX_UART7_Init            0x800'3bd9    0x52  Code  Gb  usart.o [4]
MX_USART6_UART_Init      0x800'3c2b    0x48  Code  Gb  usart.o [4]
MemManage_Handler        0x800'937d     0x2  Code  Gb  stm32h7xx_it.o [4]
NMI_Handler              0x800'9379     0x2  Code  Gb  stm32h7xx_it.o [4]
OTG_FS_EP1_IN_IRQHandler
                         0x800'9715          Code  Wk  startup_stm32h753xx.o [5]
OTG_FS_EP1_OUT_IRQHandler
                         0x800'9711          Code  Wk  startup_stm32h753xx.o [5]
OTG_FS_IRQHandler        0x800'971d          Code  Wk  startup_stm32h753xx.o [5]
OTG_FS_WKUP_IRQHandler   0x800'9719          Code  Wk  startup_stm32h753xx.o [5]
OTG_HS_EP1_IN_IRQHandler
                         0x800'96b9          Code  Wk  startup_stm32h753xx.o [5]
OTG_HS_EP1_OUT_IRQHandler
                         0x800'96b5          Code  Wk  startup_stm32h753xx.o [5]
OTG_HS_IRQHandler        0x800'96c1          Code  Wk  startup_stm32h753xx.o [5]
OTG_HS_WKUP_IRQHandler   0x800'96bd          Code  Wk  startup_stm32h753xx.o [5]
PVD_AVD_IRQHandler       0x800'95cd          Code  Wk  startup_stm32h753xx.o [5]
PendSV_Handler           0x800'8841          Code  Gb  portasm.o [6]
QUADSPI_IRQHandler       0x800'96f9          Code  Wk  startup_stm32h753xx.o [5]
RCCEx_PLL2_Config        0x800'490d    0xac  Code  Lc  stm32h7xx_hal_rcc_ex.o [7]
RCCEx_PLL3_Config        0x800'49b9    0xac  Code  Lc  stm32h7xx_hal_rcc_ex.o [7]
RCC_IRQHandler           0x800'95d9          Code  Wk  startup_stm32h753xx.o [5]
RTC_Alarm_IRQHandler     0x800'68a5     0x6  Code  Gb  rtc_timeStamp.o [3]
RTC_ByteToBcd2           0x800'8689    0x16  Code  Gb  stm32h7xx_hal_rtc.o [7]
RTC_CalendarShow         0x800'66fd    0x5a  Code  Gb  rtc_timeStamp.o [3]
RTC_EnterInitMode        0x800'85df    0x42  Code  Gb  stm32h7xx_hal_rtc.o [7]
RTC_ExitInitMode         0x800'8621    0x4c  Code  Gb  stm32h7xx_hal_rtc.o [7]
RTC_WKUP_IRQHandler      0x800'68ab     0x6  Code  Gb  rtc_timeStamp.o [3]
Region$$Table$$Base      0x800'94f0           --   Gb  - Linker created -
Region$$Table$$Limit     0x800'9530           --   Gb  - Linker created -
Reset_Handler            0x800'95b9          Code  Wk  startup_stm32h753xx.o [5]
RtcHandle               0x2000'4cd4    0x24  Data  Gb  rtc_timeStamp.o [3]
SAI1_IRQHandler          0x800'96e5          Code  Wk  startup_stm32h753xx.o [5]
SAI2_IRQHandler          0x800'96f5          Code  Wk  startup_stm32h753xx.o [5]
SAI3_IRQHandler          0x800'9751          Code  Wk  startup_stm32h753xx.o [5]
SAI4_IRQHandler          0x800'97c5          Code  Wk  startup_stm32h753xx.o [5]
SDMMC1_IRQHandler        0x800'9669          Code  Wk  startup_stm32h753xx.o [5]
SDMMC2_IRQHandler        0x800'9775          Code  Wk  startup_stm32h753xx.o [5]
SPDIF_RX_IRQHandler      0x800'970d          Code  Wk  startup_stm32h753xx.o [5]
SPI1_IRQHandler          0x800'963d          Code  Wk  startup_stm32h753xx.o [5]
SPI2_IRQHandler          0x800'9641          Code  Wk  startup_stm32h753xx.o [5]
SPI3_IRQHandler          0x800'9671          Code  Wk  startup_stm32h753xx.o [5]
SPI4_IRQHandler          0x800'96d9          Code  Wk  startup_stm32h753xx.o [5]
SPI5_IRQHandler          0x800'96dd          Code  Wk  startup_stm32h753xx.o [5]
SPI6_IRQHandler          0x800'96e1          Code  Wk  startup_stm32h753xx.o [5]
SVC_Handler              0x800'8899          Code  Gb  portasm.o [6]
SWPMI1_IRQHandler        0x800'9755          Code  Wk  startup_stm32h753xx.o [5]
SysTick_Handler          0x800'9531    0x1a  Code  Gb  cmsis_os2.o [6]
SystemClock_Config       0x800'5311    0xb0  Code  Gb  main.o [4]
SystemCoreClock         0x2000'0038     0x4  Data  Gb  system_stm32h7xx.o [2]
SystemD2Clock           0x2000'003c     0x4  Data  Gb  system_stm32h7xx.o [2]
SystemInit               0x800'91dd    0x9a  Code  Gb  system_stm32h7xx.o [2]
TAMP_STAMP_IRQHandler    0x800'95d1          Code  Wk  startup_stm32h753xx.o [5]
TIM15_IRQHandler         0x800'9759          Code  Wk  startup_stm32h753xx.o [5]
TIM16_IRQHandler         0x800'975d          Code  Wk  startup_stm32h753xx.o [5]
TIM17_IRQHandler         0x800'9761          Code  Wk  startup_stm32h753xx.o [5]
TIM1_BRK_IRQHandler      0x800'9615          Code  Wk  startup_stm32h753xx.o [5]
TIM1_CC_IRQHandler       0x800'9621          Code  Wk  startup_stm32h753xx.o [5]
TIM1_TRG_COM_IRQHandler
                         0x800'961d          Code  Wk  startup_stm32h753xx.o [5]
TIM1_UP_IRQHandler       0x800'9619          Code  Wk  startup_stm32h753xx.o [5]
TIM2_IRQHandler          0x800'9625          Code  Wk  startup_stm32h753xx.o [5]
TIM3_IRQHandler          0x800'6e2f     0xc  Code  Gb  timerForDebug.o [3]
TIM4_IRQHandler          0x800'9629          Code  Wk  startup_stm32h753xx.o [5]
TIM5_IRQHandler          0x800'966d          Code  Wk  startup_stm32h753xx.o [5]
TIM6_DAC_IRQHandler      0x800'939d     0x6  Code  Gb  stm32h7xx_it.o [4]
TIM7_IRQHandler          0x800'967d          Code  Wk  startup_stm32h753xx.o [5]
TIM8_BRK_TIM12_IRQHandler
                         0x800'9651          Code  Wk  startup_stm32h753xx.o [5]
TIM8_CC_IRQHandler       0x800'965d          Code  Wk  startup_stm32h753xx.o [5]
TIM8_TRG_COM_TIM14_IRQHandler
                         0x800'9659          Code  Wk  startup_stm32h753xx.o [5]
TIM8_UP_TIM13_IRQHandler
                         0x800'9655          Code  Wk  startup_stm32h753xx.o [5]
TIM_Base_SetConfig       0x800'77f1    0xc8  Code  Gb  stm32h7xx_hal_tim.o [7]
TimHandle               0x2000'4dc8    0x4c  Data  Gb  timerForDebug.o [3]
UART4_IRQHandler         0x800'9675          Code  Wk  startup_stm32h753xx.o [5]
UART5_IRQHandler         0x800'9679          Code  Wk  startup_stm32h753xx.o [5]
UART7_IRQHandler         0x800'93a9     0x6  Code  Gb  stm32h7xx_it.o [4]
UART8_IRQHandler         0x800'96d5          Code  Wk  startup_stm32h753xx.o [5]
UARTEx_SetNbDataToProcess
                         0x800'55d1    0x3e  Code  Lc  stm32h7xx_hal_uart_ex.o [7]
UARTEx_SetNbDataToProcess::denominator
                         0x800'5618     0x8  Data  Lc  stm32h7xx_hal_uart_ex.o [7]
UARTEx_SetNbDataToProcess::numerator
                         0x800'5610     0x8  Data  Lc  stm32h7xx_hal_uart_ex.o [7]
UARTPrescTable           0x800'37e0    0x18  Data  Gb  stm32h7xx_hal_uart.o [7]
UART_AdvFeatureConfig    0x800'3811    0xc8  Code  Gb  stm32h7xx_hal_uart.o [7]
UART_CheckIdleState      0x800'38d9    0x94  Code  Gb  stm32h7xx_hal_uart.o [7]
UART_DMAAbortOnError     0x800'3b9b    0x12  Code  Lc  stm32h7xx_hal_uart.o [7]
UART_DMAError            0x800'3b4d    0x4e  Code  Lc  stm32h7xx_hal_uart.o [7]
UART_DMATransmitCplt     0x800'3afb    0x3e  Code  Lc  stm32h7xx_hal_uart.o [7]
UART_DMATxHalfCplt       0x800'3b39     0x6  Code  Lc  stm32h7xx_hal_uart.o [7]
UART_EndRxTransfer       0x800'3a63    0x22  Code  Lc  stm32h7xx_hal_uart.o [7]
UART_EndTxTransfer       0x800'3a1f    0x16  Code  Lc  stm32h7xx_hal_uart.o [7]
UART_SetConfig           0x800'33f9   0x3a4  Code  Gb  stm32h7xx_hal_uart.o [7]
UART_WaitOnFlagUntilTimeout
                         0x800'3987    0x8e  Code  Gb  stm32h7xx_hal_uart.o [7]
USART1_IRQHandler        0x800'9645          Code  Wk  startup_stm32h753xx.o [5]
USART2_IRQHandler        0x800'9649          Code  Wk  startup_stm32h753xx.o [5]
USART3_IRQHandler        0x800'964d          Code  Wk  startup_stm32h753xx.o [5]
USART6_IRQHandler        0x800'93a3     0x6  Code  Gb  stm32h7xx_it.o [4]
UsageFault_Handler       0x800'9381     0x2  Code  Gb  stm32h7xx_it.o [4]
UserButtonStatus        0x2000'4f04     0x4  Data  Gb  main.o [4]
WAKEUP_PIN_IRQHandler    0x800'97c9          Code  Wk  startup_stm32h753xx.o [5]
WWDG_IRQHandler          0x800'95c9          Code  Wk  startup_stm32h753xx.o [5]
WwdgHandle              0x2000'4f10    0x14  Data  Gb  wwdg.o [3]
_LC                      0x800'1b51     0x6  Code  Lc  xprintffull_nomb.o [8]
_LitobFullNoMb           0x800'2839   0x114  Code  Lc  xprintffull_nomb.o [8]
_Locale_lconv           0x2000'0040    0x38  Data  Lc  xlocale_c.o [8]
_PrintfFullNoMb          0x800'1b57   0xcb2  Code  Gb  xprintffull_nomb.o [8]
_Prout                   0x800'95a1    0x16  Code  Gb  xprout.o [8]
_PutcharsFullNoMb        0x800'29a5    0x2e  Code  Lc  xprintffull_nomb.o [8]
_SProut                  0x800'2a6b     0xa  Code  Gb  xsprout.o [8]
__NVIC_SetPriority       0x800'5635    0x1a  Code  Lc  stm32h7xx_hal_cortex.o [7]
__aeabi_cdcmple          0x800'2ba9          Code  Gb  DblCmpLe.o [9]
__aeabi_cdrcmple         0x800'2bdd          Code  Gb  DblCmpGe.o [9]
__aeabi_d2iz             0x800'2d15     0xe  Code  Gb  DblToS32.o [9]
__aeabi_d2uiz            0x800'2d55     0xe  Code  Gb  DblToU32.o [9]
__aeabi_ddiv             0x800'2d43    0x12  Code  Gb  DblDiv.o [9]
__aeabi_dmul             0x800'2d71    0x12  Code  Gb  DblMul.o [9]
__aeabi_dsub             0x800'2d31    0x12  Code  Gb  DblSub.o [9]
__aeabi_i2d              0x800'2d23     0xe  Code  Gb  S32ToDbl.o [9]
__aeabi_ldiv0            0x800'2e99          Code  Gb  I64DivZer.o [10]
__aeabi_memclr4          0x800'702d          Code  Gb  ABImemclr4.o [10]
__aeabi_memset4          0x800'7a89          Code  Gb  ABImemset48.o [10]
__aeabi_memset8          0x800'7a89          Code  Gb  ABImemset48.o [10]
__aeabi_ui2d             0x800'2d63     0xe  Code  Gb  U32ToDbl.o [9]
__cmain                  0x800'9551          Code  Gb  cmain.o [10]
__exit                   0x800'2e9d    0x14  Code  Gb  exit.o [11]
__iar_Fail_s             0x800'2a75    0x1c  Code  Gb  xfail_s.o [8]
__iar_Memchr             0x800'2ac9          Code  Gb  memchr.o [10]
__iar_Memset4_word       0x800'7a91          Code  Gb  ABImemset48.o [10]
__iar_Memset8_word       0x800'7a91          Code  Gb  ABImemset48.o [10]
__iar_Stdout            0x2000'0078    0x48  Data  Gb  xfiles.o [8]
__iar_Strchr             0x800'2a55          Code  Gb  strchr.o [10]
__iar_data_init3         0x800'94a5    0x28  Code  Gb  data_init.o [10]
__iar_frexp              0x800'2b45          Code  Gb  frexp.o [9]
__iar_frexpl             0x800'2b45          Code  Gb  frexp.o [9]
__iar_init_vfp           0x800'94cd          Code  Gb  fpinit_M.o [9]
__iar_ldexp64            0x800'2c25          Code  Gb  ldexp.o [9]
__iar_packbits_init_single3
                         0x800'2a1b    0x3a  Code  Gb  packbits_init_single.o [10]
__iar_program_start      0x800'9585          Code  Gb  cstartup_M.o [10]
__iar_scalbln64          0x800'2c25          Code  Gb  ldexp.o [9]
__iar_scalbn64           0x800'2c25          Code  Gb  ldexp.o [9]
__iar_small_Memcpy       0x800'2b25          Code  Gb  ABImemcpy_small.o [10]
__iar_small_Memset       0x800'6bc5          Code  Gb  ABImemset_small.o [10]
__iar_small_Memset_word
                         0x800'6bc5          Code  Gb  ABImemset_small.o [10]
__iar_small_memcpy       0x800'2b21          Code  Gb  ABImemcpy_small.o [10]
__iar_small_memcpy4      0x800'2b21          Code  Gb  ABImemcpy_small.o [10]
__iar_small_memcpy8      0x800'2b21          Code  Gb  ABImemcpy_small.o [10]
__iar_small_memset       0x800'6bc5          Code  Gb  ABImemset_small.o [10]
__iar_small_strlen       0x800'2ab5          Code  Gb  strlen_small.o [10]
__iar_small_uldivmod     0x800'2d8d          Code  Gb  I64DivMod_small.o [10]
__iar_softfp___iar_frexp64
                         0x800'2b39          Code  Gb  frexp.o [9]
__iar_softfp___iar_ldexp64
                         0x800'2c11          Code  Gb  ldexp.o [9]
__iar_softfp___iar_scalbln64
                         0x800'2c11          Code  Gb  ldexp.o [9]
__iar_softfp___iar_scalbn64
                         0x800'2c11          Code  Gb  ldexp.o [9]
__iar_softfp_frexp       0x800'2b39          Code  Gb  frexp.o [9]
__iar_softfp_frexpl      0x800'2b39          Code  Gb  frexp.o [9]
__iar_softfp_ldexp       0x800'2c11          Code  Gb  ldexp.o [9]
__iar_softfp_ldexpl      0x800'2c11          Code  Gb  ldexp.o [9]
__iar_softfp_scalbln     0x800'2c11          Code  Gb  ldexp.o [9]
__iar_softfp_scalblnl    0x800'2c11          Code  Gb  ldexp.o [9]
__iar_softfp_scalbn      0x800'2c11          Code  Gb  ldexp.o [9]
__iar_softfp_scalbnl     0x800'2c11          Code  Gb  ldexp.o [9]
__iar_zero_init3         0x800'9419    0x38  Code  Gb  zero_init3.o [10]
__low_level_init         0x800'956f     0x4  Code  Gb  low_level_init.o [8]
__vector_table           0x800'0000          Data  Gb  startup_stm32h753xx.o [5]
__write                  0x800'3e95    0x34  Code  Gb  usart.o [4]
_call_main               0x800'955d          Code  Gb  cmain.o [10]
_exit                    0x800'9579          Code  Gb  cexit.o [10]
aShowDate               0x2000'4d2c    0x34  Data  Gb  rtc_timeStamp.o [3]
aShowTime               0x2000'4cf8    0x34  Data  Gb  rtc_timeStamp.o [3]
abort                    0x800'2e93     0x6  Code  Gb  abort.o [8]
configureTimerForRunTimeStats
                         0x800'808d     0x8  Code  Gb  freertos.o [4]
delay_us                 0x800'6bd9    0x3c  Code  Gb  delay.o [3]
eTaskGetState            0x800'5cf7    0x62  Code  Gb  tasks.o [6]
exit                     0x800'9573     0x4  Code  Gb  exit.o [8]
getRunTimeCounterValue   0x800'8095     0x6  Code  Gb  freertos.o [4]
hdma_uart7_rx           0x2000'4800    0x78  Data  Gb  usart.o [4]
hdma_uart7_tx           0x2000'4878    0x78  Data  Gb  usart.o [4]
hdma_usart6_rx          0x2000'48f0    0x78  Data  Gb  usart.o [4]
hdma_usart6_tx          0x2000'4968    0x78  Data  Gb  usart.o [4]
hpb_exti                0x2000'0024     0x8  Data  Gb  stm32h7xx_nucleo.o [1]
htim6                   0x2000'4e68    0x4c  Data  Gb  stm32h7xx_hal_timebase_tim.o [4]
huart6                  0x2000'4c40    0x94  Data  Gb  usart.o [4]
huart7                  0x2000'4bac    0x94  Data  Gb  usart.o [4]
iar9x_putc               0x800'3ec9    0x14  Code  Gb  usart.o [4]
iwdgInit                 0x800'6e81    0x48  Code  Gb  iwdg.o [3]
ldexp                    0x800'2c25          Code  Gb  ldexp.o [9]
ldexpl                   0x800'2c25          Code  Gb  ldexp.o [9]
localeconv               0x800'2d85     0x4  Code  Gb  xlocale_c.o [8]
main                     0x800'5139   0x1be  Code  Gb  main.o [4]
memchr                   0x800'2ac9          Code  Gb  memchr.o [10]
memset                   0x800'5621    0x14  Code  Gb  memset.o [10]
obuf                    0x2000'4e18    0x50  Data  Lc  xfiles.o [8]
printf                   0x800'5a31    0x28  Code  Gb  printf.o [8]
prvAddCurrentTaskToDelayedList
                         0x800'6673    0x4e  Code  Lc  tasks.o [6]
prvAddNewTaskToReadyList
                         0x800'5ba9    0xb0  Code  Lc  tasks.o [6]
prvCheckForValidListAndQueue
                         0x800'8025    0x4e  Code  Lc  timers.o [6]
prvCheckForValidListAndQueue{1}{2}{3}{4}::ucStaticTimerQueueStorage
                        0x2000'4a6c    0xa0  Data  Lc  timers.o [6]
prvCheckForValidListAndQueue{1}{2}{3}{4}::xStaticTimerQueue
                        0x2000'4a1c    0x50  Data  Lc  timers.o [6]
prvCopyDataFromQueue     0x800'8d7d    0x26  Code  Lc  queue.o [6]
prvCopyDataToQueue       0x800'8d15    0x68  Code  Lc  queue.o [6]
prvDeleteTCB             0x800'642b    0x2a  Code  Lc  tasks.o [6]
prvIdleTask              0x800'62f9    0x48  Code  Lc  tasks.o [6]
prvInitialiseNewQueue    0x800'89dd    0x20  Code  Lc  queue.o [6]
prvInitialiseNewTask     0x800'5b17    0x92  Code  Lc  tasks.o [6]
prvInsertBlockIntoFreeList
                         0x800'7a3f    0x46  Code  Lc  heap_4.o [6]
prvInsertTimerInActiveList
                         0x800'7fef    0x34  Code  Lc  timers.o [6]
prvIsQueueEmpty          0x800'8e0b    0x16  Code  Lc  queue.o [6]
prvListTasksWithinSingleList
                         0x800'63bb    0x5a  Code  Lc  tasks.o [6]
prvResetNextTaskUnblockTime
                         0x800'6455    0x1c  Code  Lc  tasks.o [6]
prvSampleTimeNow         0x800'7f75    0x7a  Code  Lc  timers.o [6]
prvSampleTimeNow::xLastTime
                        0x2000'49f0     0x4  Data  Lc  timers.o [6]
prvTaskCheckFreeStackSpace
                         0x800'6415    0x16  Code  Lc  tasks.o [6]
prvTaskExitError         0x800'7b81    0x1c  Code  Lc  port.o [6]
prvTaskIsTaskSuspended   0x800'5ded    0x28  Code  Lc  tasks.o [6]
prvTimerTask             0x800'7ded   0x188  Code  Lc  timers.o [6]
prvUnlockQueue           0x800'8da3    0x68  Code  Lc  queue.o [6]
prvWriteNameToBuffer     0x800'64f1    0x22  Code  Lc  tasks.o [6]
putchar                  0x800'93d5    0x44  Code  Gb  putchar.o [8]
pvPortMalloc             0x800'78d9   0x104  Code  Gb  heap_4.o [6]
pxCurrentTCB            0x2000'4b34     0x4  Data  Gb  tasks.o [6]
pxCurrentTimerList      0x2000'49e0     0x4  Data  Lc  timers.o [6]
pxDelayedTaskList       0x2000'4b38     0x4  Data  Lc  tasks.o [6]
pxEnd                   0x2000'00c8     0x4  Data  Lc  heap_4.o [6]
pxOverflowDelayedTaskList
                        0x2000'4b3c     0x4  Data  Lc  tasks.o [6]
pxOverflowTimerList     0x2000'49e4     0x4  Data  Lc  timers.o [6]
pxPortInitialiseStack    0x800'7b59    0x26  Code  Gb  port.o [6]
pxReadyTasksLists       0x2000'4140   0x460  Data  Lc  tasks.o [6]
rtcTimeStampInit         0x800'6759    0xd6  Code  Gb  rtc_timeStamp.o [3]
scalbln                  0x800'2c25          Code  Gb  ldexp.o [9]
scalblnl                 0x800'2c25          Code  Gb  ldexp.o [9]
scalbn                   0x800'2c25          Code  Gb  ldexp.o [9]
scalbnl                  0x800'2c25          Code  Gb  ldexp.o [9]
scale                    0x800'294d    0x46  Code  Lc  xprintffull_nomb.o [8]
sec_hand                0x2000'4f3c     0x4  Data  Lc  xfail_s.o [8]
sprintf                  0x800'80b9    0x40  Code  Gb  sprintf.o [8]
strchr                   0x800'2a55          Code  Gb  strchr.o [10]
strcpy                   0x800'80a1          Code  Gb  strcpy.o [10]
timer4DebugInit          0x800'6dbd    0x48  Code  Gb  timerForDebug.o [3]
triggerCntA             0x2000'4f38     0x4  Data  Lc  rtc_timeStamp.o [3]
uart7ModeChange          0x800'3e67    0x2e  Code  Gb  usart.o [4]
ucHeap                  0x2000'00e0  0x3c00  Data  Lc  heap_4.o [6]
ucMaxSysCallPriority    0x2000'0000     0x1  Data  Lc  port.o [6]
ulHighFrequencyTimerTicks
                        0x2000'4e14     0x4  Data  Gb  timerForDebug.o [3]
ulMaxPRIGROUPValue      0x2000'0008     0x4  Data  Lc  port.o [6]
ulTaskSwitchedInTime    0x2000'4b80     0x4  Data  Lc  tasks.o [6]
uwTick                  0x2000'0010     0x4  Data  Gb  stm32h7xx_hal.o [7]
uwTickFreq              0x2000'000c     0x1  Data  Gb  stm32h7xx_hal.o [7]
uwTickPrio              0x2000'0014     0x4  Data  Gb  stm32h7xx_hal.o [7]
uxCriticalNesting       0x2000'0004     0x4  Data  Lc  port.o [6]
uxCurrentNumberOfTasks  0x2000'4b58     0x4  Data  Lc  tasks.o [6]
uxDeletedTasksWaitingCleanUp
                        0x2000'4b40     0x4  Data  Lc  tasks.o [6]
uxListRemove             0x800'7b2f    0x28  Code  Gb  list.o [6]
uxSchedulerSuspended    0x2000'4b7c     0x4  Data  Lc  tasks.o [6]
uxTaskGetSystemState     0x800'5ffd    0x9c  Code  Gb  tasks.o [6]
uxTaskNumber            0x2000'4b74     0x4  Data  Lc  tasks.o [6]
uxTopReadyPriority      0x2000'4b60     0x4  Data  Lc  tasks.o [6]
vApplicationGetIdleTaskMemory
                         0x800'7d25    0x14  Code  Wk  cmsis_os2.o [6]
vApplicationGetIdleTaskMemory::Idle_Stack
                        0x2000'4600   0x200  Data  Lc  cmsis_os2.o [6]
vApplicationGetIdleTaskMemory::Idle_TCB
                        0x2000'45a0    0x60  Data  Lc  cmsis_os2.o [6]
vApplicationGetTimerTaskMemory
                         0x800'88f1    0x18  Code  Wk  cmsis_os2.o [6]
vApplicationGetTimerTaskMemory::Timer_Stack
                        0x2000'3d40   0x400  Data  Lc  cmsis_os2.o [6]
vApplicationGetTimerTaskMemory::Timer_TCB
                        0x2000'3ce0    0x60  Data  Lc  cmsis_os2.o [6]
vListInitialise          0x800'7ac3    0x1a  Code  Gb  list.o [6]
vListInitialiseItem      0x800'7add     0x6  Code  Gb  list.o [6]
vListInsert              0x800'7afd    0x32  Code  Gb  list.o [6]
vListInsertEnd           0x800'7ae3    0x1a  Code  Gb  list.o [6]
vPortEnableVFP           0x800'88d5          Code  Gb  portasm.o [6]
vPortEnterCritical       0x800'7c3d    0x32  Code  Gb  port.o [6]
vPortExitCritical        0x800'7c6f    0x22  Code  Gb  port.o [6]
vPortFree                0x800'79eb    0x54  Code  Gb  heap_4.o [6]
vPortSetupTimerInterrupt
                         0x800'8815    0x2c  Code  Wk  port.o [6]
vPortStartFirstTask      0x800'88b5          Code  Gb  portasm.o [6]
vPortValidateInterruptPriority
                         0x800'7cb5    0x3c  Code  Gb  port.o [6]
vQueueAddToRegistry      0x800'8e21    0x20  Code  Gb  queue.o [6]
vQueueWaitForMessageRestricted
                         0x800'8e49    0x48  Code  Gb  queue.o [6]
vTaskDelay               0x800'5cc9    0x2e  Code  Gb  tasks.o [6]
vTaskDelete              0x800'5c59    0x66  Code  Gb  tasks.o [6]
vTaskGetInfo             0x800'6351    0x6a  Code  Gb  tasks.o [6]
vTaskGetRunTimeStats     0x800'65b5    0x90  Code  Gb  tasks.o [6]
vTaskInternalSetTimeOutState
                         0x800'6283     0xe  Code  Gb  tasks.o [6]
vTaskIwdg                0x800'50f5    0x22  Code  Lc  main.o [4]
vTaskLED                 0x800'5061    0x22  Code  Lc  main.o [4]
vTaskList                0x800'6515    0xa0  Code  Gb  tasks.o [6]
vTaskMissedYield         0x800'62ef     0xa  Code  Gb  tasks.o [6]
vTaskMsgPro              0x800'5083    0x68  Code  Lc  main.o [4]
vTaskMsgPro::frameBuffer
                        0x2000'4d60    0x68  Data  Lc  main.o [4]
vTaskPlaceOnEventList    0x800'61c7    0x20  Code  Gb  tasks.o [6]
vTaskPlaceOnEventListRestricted
                         0x800'61e7    0x20  Code  Gb  tasks.o [6]
vTaskResume              0x800'5e15    0x4e  Code  Gb  tasks.o [6]
vTaskStart               0x800'50eb     0xa  Code  Lc  main.o [4]
vTaskStartScheduler      0x800'5ed5    0x70  Code  Gb  tasks.o [6]
vTaskSuspend             0x800'5d65    0x76  Code  Gb  tasks.o [6]
vTaskSuspendAll          0x800'5f4d     0xc  Code  Gb  tasks.o [6]
vTaskSwitchContext       0x800'6161    0x66  Code  Gb  tasks.o [6]
vTaskTaskUserIF          0x800'4ecd   0x186  Code  Lc  main.o [4]
vTaskWwdg                0x800'5117    0x22  Code  Lc  main.o [4]
wwdgDelayNum            0x2000'4f24     0x4  Data  Gb  wwdg.o [3]
wwdgInit                 0x800'6f0d    0xbc  Code  Gb  wwdg.o [3]
xActiveTimerList1       0x2000'49f4    0x14  Data  Lc  timers.o [6]
xActiveTimerList2       0x2000'4a08    0x14  Data  Lc  timers.o [6]
xBlockAllocatedBit      0x2000'00dc     0x4  Data  Lc  heap_4.o [6]
xDelayedTaskList1       0x2000'4b84    0x14  Data  Lc  tasks.o [6]
xDelayedTaskList2       0x2000'4b98    0x14  Data  Lc  tasks.o [6]
xFreeBytesRemaining     0x2000'00cc     0x4  Data  Lc  heap_4.o [6]
xHandleTaskIwdg         0x2000'4efc     0x4  Data  Lc  main.o [4]
xHandleTaskLED          0x2000'4ef8     0x4  Data  Lc  main.o [4]
xHandleTaskMsgPro       0x2000'4f08     0x4  Data  Lc  main.o [4]
xHandleTaskStart        0x2000'4f0c     0x4  Data  Lc  main.o [4]
xHandleTaskUserIF       0x2000'4ef4     0x4  Data  Lc  main.o [4]
xHandleTaskWwdg         0x2000'4f00     0x4  Data  Lc  main.o [4]
xMinimumEverFreeBytesRemaining
                        0x2000'00d0     0x4  Data  Lc  heap_4.o [6]
xNextTaskUnblockTime    0x2000'4b78     0x4  Data  Lc  tasks.o [6]
xNumOfOverflows         0x2000'4b70     0x4  Data  Lc  tasks.o [6]
xNumberOfSuccessfulAllocations
                        0x2000'00d4     0x4  Data  Lc  heap_4.o [6]
xNumberOfSuccessfulFrees
                        0x2000'00d8     0x4  Data  Lc  heap_4.o [6]
xPendedTicks            0x2000'4b68     0x4  Data  Lc  tasks.o [6]
xPendingReadyList       0x2000'4b0c    0x14  Data  Lc  tasks.o [6]
xPortStartScheduler      0x800'7b9d    0xa0  Code  Gb  port.o [6]
xPortSysTickHandler      0x800'7c91    0x22  Code  Gb  port.o [6]
xQueueGenericCreateStatic
                         0x800'897b    0x62  Code  Gb  queue.o [6]
xQueueGenericReset       0x800'8909    0x72  Code  Gb  queue.o [6]
xQueueGenericSend        0x800'8a0d   0x120  Code  Gb  queue.o [6]
xQueueGenericSendFromISR
                         0x800'8b35    0x8c  Code  Gb  queue.o [6]
xQueueReceive            0x800'8bd5    0xfe  Code  Gb  queue.o [6]
xQueueRegistry          0x2000'4eb4    0x40  Data  Gb  queue.o [6]
xSchedulerRunning       0x2000'4b64     0x4  Data  Lc  tasks.o [6]
xStart                  0x2000'00c0     0x8  Data  Lc  heap_4.o [6]
xSuspendedTaskList      0x2000'4b44    0x14  Data  Lc  tasks.o [6]
xTaskCheckForTimeOut     0x800'6291    0x5e  Code  Gb  tasks.o [6]
xTaskCreate              0x800'5abb    0x5c  Code  Gb  tasks.o [6]
xTaskCreateStatic        0x800'5a59    0x62  Code  Gb  tasks.o [6]
xTaskGetSchedulerState   0x800'6471    0x18  Code  Gb  tasks.o [6]
xTaskGetTickCount        0x800'5ff5     0x8  Code  Gb  tasks.o [6]
xTaskIncrementTick       0x800'6099    0xc0  Code  Gb  tasks.o [6]
xTaskPriorityDisinherit
                         0x800'6493    0x5a  Code  Gb  tasks.o [6]
xTaskRemoveFromEventList
                         0x800'621b    0x50  Code  Gb  tasks.o [6]
xTaskResumeAll           0x800'5f59    0x9c  Code  Gb  tasks.o [6]
xTaskResumeFromISR       0x800'5e6f    0x66  Code  Gb  tasks.o [6]
xTasksWaitingTermination
                        0x2000'4b20    0x14  Data  Lc  tasks.o [6]
xTickCount              0x2000'4b5c     0x4  Data  Lc  tasks.o [6]
xTimerCreateTimerTask    0x800'7d39    0x54  Code  Gb  timers.o [6]
xTimerGenericCommand     0x800'7d9d    0x4e  Code  Gb  timers.o [6]
xTimerQueue             0x2000'49e8     0x4  Data  Lc  timers.o [6]
xTimerTaskHandle        0x2000'49ec     0x4  Data  Lc  timers.o [6]
xYieldPending           0x2000'4b6c     0x4  Data  Lc  tasks.o [6]


[1] = D:\MyProject\FreeRTOS_Project\h753FreertosTemplate2\EWARM\h753FreertosTemplate\Obj\BSP_16987466797925798938.dir
[2] = D:\MyProject\FreeRTOS_Project\h753FreertosTemplate2\EWARM\h753FreertosTemplate\Obj\CMSIS_6603591812247902717.dir
[3] = D:\MyProject\FreeRTOS_Project\h753FreertosTemplate2\EWARM\h753FreertosTemplate\Obj\Common_Drv_14642545183444923962.dir
[4] = D:\MyProject\FreeRTOS_Project\h753FreertosTemplate2\EWARM\h753FreertosTemplate\Obj\Core_13247989168731456611.dir
[5] = D:\MyProject\FreeRTOS_Project\h753FreertosTemplate2\EWARM\h753FreertosTemplate\Obj\EWARM_18443280873093131863.dir
[6] = D:\MyProject\FreeRTOS_Project\h753FreertosTemplate2\EWARM\h753FreertosTemplate\Obj\FreeRTOS_4809373609813369194.dir
[7] = D:\MyProject\FreeRTOS_Project\h753FreertosTemplate2\EWARM\h753FreertosTemplate\Obj\STM32H7xx_HAL_Driver_12323373487323971647.dir
[8] = dl7M_tlf.a
[9] = m7M_tlv.a
[10] = rt7M_tl.a
[11] = shb_l.a

  37'665 bytes of readonly  code memory
   1'328 bytes of readonly  data memory
  21'488 bytes of readwrite data memory

Errors: none
Warnings: none
