###############################################################################
#
# IAR ELF Linker V9.40.1.364/W64 for ARM                  10/Oct/2024  11:00:00
# Copyright 2007-2023 IAR Systems AB.
#
#    Output file  =
#        D:\MyProject\FreeRTOS_Project\h753FreertosTemplate\EWARM\h753FreertosTemplate\Exe\h753FreertosTemplate.out
#    Map file     =
#        D:\MyProject\FreeRTOS_Project\h753FreertosTemplate\EWARM\h753FreertosTemplate\List\h753FreertosTemplate.map
#    Command line =
#        -f
#        D:\MyProject\FreeRTOS_Project\h753FreertosTemplate\EWARM\h753FreertosTemplate\Exe\h753FreertosTemplate.out.rsp
#        (D:\MyProject\FreeRTOS_Project\h753FreertosTemplate\EWARM\h753FreertosTemplate\Obj\FreeRTOS_4809373609813369194.dir\cmsis_os2.o
#        D:\MyProject\FreeRTOS_Project\h753FreertosTemplate\EWARM\h753FreertosTemplate\Obj\FreeRTOS_4809373609813369194.dir\croutine.o
#        D:\MyProject\FreeRTOS_Project\h753FreertosTemplate\EWARM\h753FreertosTemplate\Obj\FreeRTOS_4809373609813369194.dir\event_groups.o
#        D:\MyProject\FreeRTOS_Project\h753FreertosTemplate\EWARM\h753FreertosTemplate\Obj\Core_13247989168731456611.dir\freertos.o
#        D:\MyProject\FreeRTOS_Project\h753FreertosTemplate\EWARM\h753FreertosTemplate\Obj\Core_13247989168731456611.dir\gpio.o
#        D:\MyProject\FreeRTOS_Project\h753FreertosTemplate\EWARM\h753FreertosTemplate\Obj\FreeRTOS_4809373609813369194.dir\heap_4.o
#        D:\MyProject\FreeRTOS_Project\h753FreertosTemplate\EWARM\h753FreertosTemplate\Obj\FreeRTOS_4809373609813369194.dir\list.o
#        D:\MyProject\FreeRTOS_Project\h753FreertosTemplate\EWARM\h753FreertosTemplate\Obj\Core_13247989168731456611.dir\main.o
#        D:\MyProject\FreeRTOS_Project\h753FreertosTemplate\EWARM\h753FreertosTemplate\Obj\Core_13247989168731456611.dir\memorymap.o
#        D:\MyProject\FreeRTOS_Project\h753FreertosTemplate\EWARM\h753FreertosTemplate\Obj\FreeRTOS_4809373609813369194.dir\port.o
#        D:\MyProject\FreeRTOS_Project\h753FreertosTemplate\EWARM\h753FreertosTemplate\Obj\FreeRTOS_4809373609813369194.dir\portasm.o
#        D:\MyProject\FreeRTOS_Project\h753FreertosTemplate\EWARM\h753FreertosTemplate\Obj\FreeRTOS_4809373609813369194.dir\queue.o
#        D:\MyProject\FreeRTOS_Project\h753FreertosTemplate\EWARM\h753FreertosTemplate\Obj\EWARM_18443280873093131863.dir\startup_stm32h753xx.o
#        D:\MyProject\FreeRTOS_Project\h753FreertosTemplate\EWARM\h753FreertosTemplate\Obj\STM32H7xx_HAL_Driver_12323373487323971647.dir\stm32h7xx_hal.o
#        D:\MyProject\FreeRTOS_Project\h753FreertosTemplate\EWARM\h753FreertosTemplate\Obj\STM32H7xx_HAL_Driver_12323373487323971647.dir\stm32h7xx_hal_adc.o
#        D:\MyProject\FreeRTOS_Project\h753FreertosTemplate\EWARM\h753FreertosTemplate\Obj\STM32H7xx_HAL_Driver_12323373487323971647.dir\stm32h7xx_hal_adc_ex.o
#        D:\MyProject\FreeRTOS_Project\h753FreertosTemplate\EWARM\h753FreertosTemplate\Obj\STM32H7xx_HAL_Driver_12323373487323971647.dir\stm32h7xx_hal_cec.o
#        D:\MyProject\FreeRTOS_Project\h753FreertosTemplate\EWARM\h753FreertosTemplate\Obj\STM32H7xx_HAL_Driver_12323373487323971647.dir\stm32h7xx_hal_comp.o
#        D:\MyProject\FreeRTOS_Project\h753FreertosTemplate\EWARM\h753FreertosTemplate\Obj\STM32H7xx_HAL_Driver_12323373487323971647.dir\stm32h7xx_hal_cordic.o
#        D:\MyProject\FreeRTOS_Project\h753FreertosTemplate\EWARM\h753FreertosTemplate\Obj\STM32H7xx_HAL_Driver_12323373487323971647.dir\stm32h7xx_hal_cortex.o
#        D:\MyProject\FreeRTOS_Project\h753FreertosTemplate\EWARM\h753FreertosTemplate\Obj\STM32H7xx_HAL_Driver_12323373487323971647.dir\stm32h7xx_hal_crc.o
#        D:\MyProject\FreeRTOS_Project\h753FreertosTemplate\EWARM\h753FreertosTemplate\Obj\STM32H7xx_HAL_Driver_12323373487323971647.dir\stm32h7xx_hal_crc_ex.o
#        D:\MyProject\FreeRTOS_Project\h753FreertosTemplate\EWARM\h753FreertosTemplate\Obj\STM32H7xx_HAL_Driver_12323373487323971647.dir\stm32h7xx_hal_cryp.o
#        D:\MyProject\FreeRTOS_Project\h753FreertosTemplate\EWARM\h753FreertosTemplate\Obj\STM32H7xx_HAL_Driver_12323373487323971647.dir\stm32h7xx_hal_cryp_ex.o
#        D:\MyProject\FreeRTOS_Project\h753FreertosTemplate\EWARM\h753FreertosTemplate\Obj\STM32H7xx_HAL_Driver_12323373487323971647.dir\stm32h7xx_hal_dac.o
#        D:\MyProject\FreeRTOS_Project\h753FreertosTemplate\EWARM\h753FreertosTemplate\Obj\STM32H7xx_HAL_Driver_12323373487323971647.dir\stm32h7xx_hal_dac_ex.o
#        D:\MyProject\FreeRTOS_Project\h753FreertosTemplate\EWARM\h753FreertosTemplate\Obj\STM32H7xx_HAL_Driver_12323373487323971647.dir\stm32h7xx_hal_dcmi.o
#        D:\MyProject\FreeRTOS_Project\h753FreertosTemplate\EWARM\h753FreertosTemplate\Obj\STM32H7xx_HAL_Driver_12323373487323971647.dir\stm32h7xx_hal_dfsdm.o
#        D:\MyProject\FreeRTOS_Project\h753FreertosTemplate\EWARM\h753FreertosTemplate\Obj\STM32H7xx_HAL_Driver_12323373487323971647.dir\stm32h7xx_hal_dfsdm_ex.o
#        D:\MyProject\FreeRTOS_Project\h753FreertosTemplate\EWARM\h753FreertosTemplate\Obj\STM32H7xx_HAL_Driver_12323373487323971647.dir\stm32h7xx_hal_dma.o
#        D:\MyProject\FreeRTOS_Project\h753FreertosTemplate\EWARM\h753FreertosTemplate\Obj\STM32H7xx_HAL_Driver_12323373487323971647.dir\stm32h7xx_hal_dma2d.o
#        D:\MyProject\FreeRTOS_Project\h753FreertosTemplate\EWARM\h753FreertosTemplate\Obj\STM32H7xx_HAL_Driver_12323373487323971647.dir\stm32h7xx_hal_dma_ex.o
#        D:\MyProject\FreeRTOS_Project\h753FreertosTemplate\EWARM\h753FreertosTemplate\Obj\STM32H7xx_HAL_Driver_12323373487323971647.dir\stm32h7xx_hal_dsi.o
#        D:\MyProject\FreeRTOS_Project\h753FreertosTemplate\EWARM\h753FreertosTemplate\Obj\STM32H7xx_HAL_Driver_12323373487323971647.dir\stm32h7xx_hal_dts.o
#        D:\MyProject\FreeRTOS_Project\h753FreertosTemplate\EWARM\h753FreertosTemplate\Obj\STM32H7xx_HAL_Driver_12323373487323971647.dir\stm32h7xx_hal_eth.o
#        D:\MyProject\FreeRTOS_Project\h753FreertosTemplate\EWARM\h753FreertosTemplate\Obj\STM32H7xx_HAL_Driver_12323373487323971647.dir\stm32h7xx_hal_eth_ex.o
#        D:\MyProject\FreeRTOS_Project\h753FreertosTemplate\EWARM\h753FreertosTemplate\Obj\STM32H7xx_HAL_Driver_12323373487323971647.dir\stm32h7xx_hal_exti.o
#        D:\MyProject\FreeRTOS_Project\h753FreertosTemplate\EWARM\h753FreertosTemplate\Obj\STM32H7xx_HAL_Driver_12323373487323971647.dir\stm32h7xx_hal_fdcan.o
#        D:\MyProject\FreeRTOS_Project\h753FreertosTemplate\EWARM\h753FreertosTemplate\Obj\STM32H7xx_HAL_Driver_12323373487323971647.dir\stm32h7xx_hal_flash.o
#        D:\MyProject\FreeRTOS_Project\h753FreertosTemplate\EWARM\h753FreertosTemplate\Obj\STM32H7xx_HAL_Driver_12323373487323971647.dir\stm32h7xx_hal_flash_ex.o
#        D:\MyProject\FreeRTOS_Project\h753FreertosTemplate\EWARM\h753FreertosTemplate\Obj\STM32H7xx_HAL_Driver_12323373487323971647.dir\stm32h7xx_hal_fmac.o
#        D:\MyProject\FreeRTOS_Project\h753FreertosTemplate\EWARM\h753FreertosTemplate\Obj\STM32H7xx_HAL_Driver_12323373487323971647.dir\stm32h7xx_hal_gfxmmu.o
#        D:\MyProject\FreeRTOS_Project\h753FreertosTemplate\EWARM\h753FreertosTemplate\Obj\STM32H7xx_HAL_Driver_12323373487323971647.dir\stm32h7xx_hal_gpio.o
#        D:\MyProject\FreeRTOS_Project\h753FreertosTemplate\EWARM\h753FreertosTemplate\Obj\STM32H7xx_HAL_Driver_12323373487323971647.dir\stm32h7xx_hal_hash.o
#        D:\MyProject\FreeRTOS_Project\h753FreertosTemplate\EWARM\h753FreertosTemplate\Obj\STM32H7xx_HAL_Driver_12323373487323971647.dir\stm32h7xx_hal_hash_ex.o
#        D:\MyProject\FreeRTOS_Project\h753FreertosTemplate\EWARM\h753FreertosTemplate\Obj\STM32H7xx_HAL_Driver_12323373487323971647.dir\stm32h7xx_hal_hcd.o
#        D:\MyProject\FreeRTOS_Project\h753FreertosTemplate\EWARM\h753FreertosTemplate\Obj\STM32H7xx_HAL_Driver_12323373487323971647.dir\stm32h7xx_hal_hrtim.o
#        D:\MyProject\FreeRTOS_Project\h753FreertosTemplate\EWARM\h753FreertosTemplate\Obj\STM32H7xx_HAL_Driver_12323373487323971647.dir\stm32h7xx_hal_hsem.o
#        D:\MyProject\FreeRTOS_Project\h753FreertosTemplate\EWARM\h753FreertosTemplate\Obj\STM32H7xx_HAL_Driver_12323373487323971647.dir\stm32h7xx_hal_i2c.o
#        D:\MyProject\FreeRTOS_Project\h753FreertosTemplate\EWARM\h753FreertosTemplate\Obj\STM32H7xx_HAL_Driver_12323373487323971647.dir\stm32h7xx_hal_i2c_ex.o
#        D:\MyProject\FreeRTOS_Project\h753FreertosTemplate\EWARM\h753FreertosTemplate\Obj\STM32H7xx_HAL_Driver_12323373487323971647.dir\stm32h7xx_hal_i2s.o
#        D:\MyProject\FreeRTOS_Project\h753FreertosTemplate\EWARM\h753FreertosTemplate\Obj\STM32H7xx_HAL_Driver_12323373487323971647.dir\stm32h7xx_hal_i2s_ex.o
#        D:\MyProject\FreeRTOS_Project\h753FreertosTemplate\EWARM\h753FreertosTemplate\Obj\STM32H7xx_HAL_Driver_12323373487323971647.dir\stm32h7xx_hal_irda.o
#        D:\MyProject\FreeRTOS_Project\h753FreertosTemplate\EWARM\h753FreertosTemplate\Obj\STM32H7xx_HAL_Driver_12323373487323971647.dir\stm32h7xx_hal_iwdg.o
#        D:\MyProject\FreeRTOS_Project\h753FreertosTemplate\EWARM\h753FreertosTemplate\Obj\STM32H7xx_HAL_Driver_12323373487323971647.dir\stm32h7xx_hal_jpeg.o
#        D:\MyProject\FreeRTOS_Project\h753FreertosTemplate\EWARM\h753FreertosTemplate\Obj\STM32H7xx_HAL_Driver_12323373487323971647.dir\stm32h7xx_hal_lptim.o
#        D:\MyProject\FreeRTOS_Project\h753FreertosTemplate\EWARM\h753FreertosTemplate\Obj\STM32H7xx_HAL_Driver_12323373487323971647.dir\stm32h7xx_hal_ltdc.o
#        D:\MyProject\FreeRTOS_Project\h753FreertosTemplate\EWARM\h753FreertosTemplate\Obj\STM32H7xx_HAL_Driver_12323373487323971647.dir\stm32h7xx_hal_ltdc_ex.o
#        D:\MyProject\FreeRTOS_Project\h753FreertosTemplate\EWARM\h753FreertosTemplate\Obj\STM32H7xx_HAL_Driver_12323373487323971647.dir\stm32h7xx_hal_mdios.o
#        D:\MyProject\FreeRTOS_Project\h753FreertosTemplate\EWARM\h753FreertosTemplate\Obj\STM32H7xx_HAL_Driver_12323373487323971647.dir\stm32h7xx_hal_mdma.o
#        D:\MyProject\FreeRTOS_Project\h753FreertosTemplate\EWARM\h753FreertosTemplate\Obj\STM32H7xx_HAL_Driver_12323373487323971647.dir\stm32h7xx_hal_mmc.o
#        D:\MyProject\FreeRTOS_Project\h753FreertosTemplate\EWARM\h753FreertosTemplate\Obj\STM32H7xx_HAL_Driver_12323373487323971647.dir\stm32h7xx_hal_mmc_ex.o
#        D:\MyProject\FreeRTOS_Project\h753FreertosTemplate\EWARM\h753FreertosTemplate\Obj\Core_13247989168731456611.dir\stm32h7xx_hal_msp.o
#        D:\MyProject\FreeRTOS_Project\h753FreertosTemplate\EWARM\h753FreertosTemplate\Obj\STM32H7xx_HAL_Driver_12323373487323971647.dir\stm32h7xx_hal_nand.o
#        D:\MyProject\FreeRTOS_Project\h753FreertosTemplate\EWARM\h753FreertosTemplate\Obj\STM32H7xx_HAL_Driver_12323373487323971647.dir\stm32h7xx_hal_nor.o
#        D:\MyProject\FreeRTOS_Project\h753FreertosTemplate\EWARM\h753FreertosTemplate\Obj\STM32H7xx_HAL_Driver_12323373487323971647.dir\stm32h7xx_hal_opamp.o
#        D:\MyProject\FreeRTOS_Project\h753FreertosTemplate\EWARM\h753FreertosTemplate\Obj\STM32H7xx_HAL_Driver_12323373487323971647.dir\stm32h7xx_hal_opamp_ex.o
#        D:\MyProject\FreeRTOS_Project\h753FreertosTemplate\EWARM\h753FreertosTemplate\Obj\STM32H7xx_HAL_Driver_12323373487323971647.dir\stm32h7xx_hal_ospi.o
#        D:\MyProject\FreeRTOS_Project\h753FreertosTemplate\EWARM\h753FreertosTemplate\Obj\STM32H7xx_HAL_Driver_12323373487323971647.dir\stm32h7xx_hal_otfdec.o
#        D:\MyProject\FreeRTOS_Project\h753FreertosTemplate\EWARM\h753FreertosTemplate\Obj\STM32H7xx_HAL_Driver_12323373487323971647.dir\stm32h7xx_hal_pcd.o
#        D:\MyProject\FreeRTOS_Project\h753FreertosTemplate\EWARM\h753FreertosTemplate\Obj\STM32H7xx_HAL_Driver_12323373487323971647.dir\stm32h7xx_hal_pcd_ex.o
#        D:\MyProject\FreeRTOS_Project\h753FreertosTemplate\EWARM\h753FreertosTemplate\Obj\STM32H7xx_HAL_Driver_12323373487323971647.dir\stm32h7xx_hal_pssi.o
#        D:\MyProject\FreeRTOS_Project\h753FreertosTemplate\EWARM\h753FreertosTemplate\Obj\STM32H7xx_HAL_Driver_12323373487323971647.dir\stm32h7xx_hal_pwr.o
#        D:\MyProject\FreeRTOS_Project\h753FreertosTemplate\EWARM\h753FreertosTemplate\Obj\STM32H7xx_HAL_Driver_12323373487323971647.dir\stm32h7xx_hal_pwr_ex.o
#        D:\MyProject\FreeRTOS_Project\h753FreertosTemplate\EWARM\h753FreertosTemplate\Obj\STM32H7xx_HAL_Driver_12323373487323971647.dir\stm32h7xx_hal_qspi.o
#        D:\MyProject\FreeRTOS_Project\h753FreertosTemplate\EWARM\h753FreertosTemplate\Obj\STM32H7xx_HAL_Driver_12323373487323971647.dir\stm32h7xx_hal_ramecc.o
#        D:\MyProject\FreeRTOS_Project\h753FreertosTemplate\EWARM\h753FreertosTemplate\Obj\STM32H7xx_HAL_Driver_12323373487323971647.dir\stm32h7xx_hal_rcc.o
#        D:\MyProject\FreeRTOS_Project\h753FreertosTemplate\EWARM\h753FreertosTemplate\Obj\STM32H7xx_HAL_Driver_12323373487323971647.dir\stm32h7xx_hal_rcc_ex.o
#        D:\MyProject\FreeRTOS_Project\h753FreertosTemplate\EWARM\h753FreertosTemplate\Obj\STM32H7xx_HAL_Driver_12323373487323971647.dir\stm32h7xx_hal_rng.o
#        D:\MyProject\FreeRTOS_Project\h753FreertosTemplate\EWARM\h753FreertosTemplate\Obj\STM32H7xx_HAL_Driver_12323373487323971647.dir\stm32h7xx_hal_rng_ex.o
#        D:\MyProject\FreeRTOS_Project\h753FreertosTemplate\EWARM\h753FreertosTemplate\Obj\STM32H7xx_HAL_Driver_12323373487323971647.dir\stm32h7xx_hal_rtc.o
#        D:\MyProject\FreeRTOS_Project\h753FreertosTemplate\EWARM\h753FreertosTemplate\Obj\STM32H7xx_HAL_Driver_12323373487323971647.dir\stm32h7xx_hal_rtc_ex.o
#        D:\MyProject\FreeRTOS_Project\h753FreertosTemplate\EWARM\h753FreertosTemplate\Obj\STM32H7xx_HAL_Driver_12323373487323971647.dir\stm32h7xx_hal_sai.o
#        D:\MyProject\FreeRTOS_Project\h753FreertosTemplate\EWARM\h753FreertosTemplate\Obj\STM32H7xx_HAL_Driver_12323373487323971647.dir\stm32h7xx_hal_sai_ex.o
#        D:\MyProject\FreeRTOS_Project\h753FreertosTemplate\EWARM\h753FreertosTemplate\Obj\STM32H7xx_HAL_Driver_12323373487323971647.dir\stm32h7xx_hal_sd.o
#        D:\MyProject\FreeRTOS_Project\h753FreertosTemplate\EWARM\h753FreertosTemplate\Obj\STM32H7xx_HAL_Driver_12323373487323971647.dir\stm32h7xx_hal_sd_ex.o
#        D:\MyProject\FreeRTOS_Project\h753FreertosTemplate\EWARM\h753FreertosTemplate\Obj\STM32H7xx_HAL_Driver_12323373487323971647.dir\stm32h7xx_hal_sdram.o
#        D:\MyProject\FreeRTOS_Project\h753FreertosTemplate\EWARM\h753FreertosTemplate\Obj\STM32H7xx_HAL_Driver_12323373487323971647.dir\stm32h7xx_hal_smartcard.o
#        D:\MyProject\FreeRTOS_Project\h753FreertosTemplate\EWARM\h753FreertosTemplate\Obj\STM32H7xx_HAL_Driver_12323373487323971647.dir\stm32h7xx_hal_smartcard_ex.o
#        D:\MyProject\FreeRTOS_Project\h753FreertosTemplate\EWARM\h753FreertosTemplate\Obj\STM32H7xx_HAL_Driver_12323373487323971647.dir\stm32h7xx_hal_smbus.o
#        D:\MyProject\FreeRTOS_Project\h753FreertosTemplate\EWARM\h753FreertosTemplate\Obj\STM32H7xx_HAL_Driver_12323373487323971647.dir\stm32h7xx_hal_smbus_ex.o
#        D:\MyProject\FreeRTOS_Project\h753FreertosTemplate\EWARM\h753FreertosTemplate\Obj\STM32H7xx_HAL_Driver_12323373487323971647.dir\stm32h7xx_hal_spdifrx.o
#        D:\MyProject\FreeRTOS_Project\h753FreertosTemplate\EWARM\h753FreertosTemplate\Obj\STM32H7xx_HAL_Driver_12323373487323971647.dir\stm32h7xx_hal_spi.o
#        D:\MyProject\FreeRTOS_Project\h753FreertosTemplate\EWARM\h753FreertosTemplate\Obj\STM32H7xx_HAL_Driver_12323373487323971647.dir\stm32h7xx_hal_spi_ex.o
#        D:\MyProject\FreeRTOS_Project\h753FreertosTemplate\EWARM\h753FreertosTemplate\Obj\STM32H7xx_HAL_Driver_12323373487323971647.dir\stm32h7xx_hal_sram.o
#        D:\MyProject\FreeRTOS_Project\h753FreertosTemplate\EWARM\h753FreertosTemplate\Obj\STM32H7xx_HAL_Driver_12323373487323971647.dir\stm32h7xx_hal_swpmi.o
#        D:\MyProject\FreeRTOS_Project\h753FreertosTemplate\EWARM\h753FreertosTemplate\Obj\STM32H7xx_HAL_Driver_12323373487323971647.dir\stm32h7xx_hal_tim.o
#        D:\MyProject\FreeRTOS_Project\h753FreertosTemplate\EWARM\h753FreertosTemplate\Obj\STM32H7xx_HAL_Driver_12323373487323971647.dir\stm32h7xx_hal_tim_ex.o
#        D:\MyProject\FreeRTOS_Project\h753FreertosTemplate\EWARM\h753FreertosTemplate\Obj\Core_13247989168731456611.dir\stm32h7xx_hal_timebase_tim.o
#        D:\MyProject\FreeRTOS_Project\h753FreertosTemplate\EWARM\h753FreertosTemplate\Obj\STM32H7xx_HAL_Driver_12323373487323971647.dir\stm32h7xx_hal_uart.o
#        D:\MyProject\FreeRTOS_Project\h753FreertosTemplate\EWARM\h753FreertosTemplate\Obj\STM32H7xx_HAL_Driver_12323373487323971647.dir\stm32h7xx_hal_uart_ex.o
#        D:\MyProject\FreeRTOS_Project\h753FreertosTemplate\EWARM\h753FreertosTemplate\Obj\STM32H7xx_HAL_Driver_12323373487323971647.dir\stm32h7xx_hal_usart.o
#        D:\MyProject\FreeRTOS_Project\h753FreertosTemplate\EWARM\h753FreertosTemplate\Obj\STM32H7xx_HAL_Driver_12323373487323971647.dir\stm32h7xx_hal_usart_ex.o
#        D:\MyProject\FreeRTOS_Project\h753FreertosTemplate\EWARM\h753FreertosTemplate\Obj\STM32H7xx_HAL_Driver_12323373487323971647.dir\stm32h7xx_hal_wwdg.o
#        D:\MyProject\FreeRTOS_Project\h753FreertosTemplate\EWARM\h753FreertosTemplate\Obj\Core_13247989168731456611.dir\stm32h7xx_it.o
#        D:\MyProject\FreeRTOS_Project\h753FreertosTemplate\EWARM\h753FreertosTemplate\Obj\STM32H7xx_HAL_Driver_12323373487323971647.dir\stm32h7xx_ll_adc.o
#        D:\MyProject\FreeRTOS_Project\h753FreertosTemplate\EWARM\h753FreertosTemplate\Obj\STM32H7xx_HAL_Driver_12323373487323971647.dir\stm32h7xx_ll_bdma.o
#        D:\MyProject\FreeRTOS_Project\h753FreertosTemplate\EWARM\h753FreertosTemplate\Obj\STM32H7xx_HAL_Driver_12323373487323971647.dir\stm32h7xx_ll_comp.o
#        D:\MyProject\FreeRTOS_Project\h753FreertosTemplate\EWARM\h753FreertosTemplate\Obj\STM32H7xx_HAL_Driver_12323373487323971647.dir\stm32h7xx_ll_cordic.o
#        D:\MyProject\FreeRTOS_Project\h753FreertosTemplate\EWARM\h753FreertosTemplate\Obj\STM32H7xx_HAL_Driver_12323373487323971647.dir\stm32h7xx_ll_crc.o
#        D:\MyProject\FreeRTOS_Project\h753FreertosTemplate\EWARM\h753FreertosTemplate\Obj\STM32H7xx_HAL_Driver_12323373487323971647.dir\stm32h7xx_ll_crs.o
#        D:\MyProject\FreeRTOS_Project\h753FreertosTemplate\EWARM\h753FreertosTemplate\Obj\STM32H7xx_HAL_Driver_12323373487323971647.dir\stm32h7xx_ll_dac.o
#        D:\MyProject\FreeRTOS_Project\h753FreertosTemplate\EWARM\h753FreertosTemplate\Obj\STM32H7xx_HAL_Driver_12323373487323971647.dir\stm32h7xx_ll_delayblock.o
#        D:\MyProject\FreeRTOS_Project\h753FreertosTemplate\EWARM\h753FreertosTemplate\Obj\STM32H7xx_HAL_Driver_12323373487323971647.dir\stm32h7xx_ll_dma.o
#        D:\MyProject\FreeRTOS_Project\h753FreertosTemplate\EWARM\h753FreertosTemplate\Obj\STM32H7xx_HAL_Driver_12323373487323971647.dir\stm32h7xx_ll_dma2d.o
#        D:\MyProject\FreeRTOS_Project\h753FreertosTemplate\EWARM\h753FreertosTemplate\Obj\STM32H7xx_HAL_Driver_12323373487323971647.dir\stm32h7xx_ll_exti.o
#        D:\MyProject\FreeRTOS_Project\h753FreertosTemplate\EWARM\h753FreertosTemplate\Obj\STM32H7xx_HAL_Driver_12323373487323971647.dir\stm32h7xx_ll_fmac.o
#        D:\MyProject\FreeRTOS_Project\h753FreertosTemplate\EWARM\h753FreertosTemplate\Obj\STM32H7xx_HAL_Driver_12323373487323971647.dir\stm32h7xx_ll_fmc.o
#        D:\MyProject\FreeRTOS_Project\h753FreertosTemplate\EWARM\h753FreertosTemplate\Obj\STM32H7xx_HAL_Driver_12323373487323971647.dir\stm32h7xx_ll_gpio.o
#        D:\MyProject\FreeRTOS_Project\h753FreertosTemplate\EWARM\h753FreertosTemplate\Obj\STM32H7xx_HAL_Driver_12323373487323971647.dir\stm32h7xx_ll_hrtim.o
#        D:\MyProject\FreeRTOS_Project\h753FreertosTemplate\EWARM\h753FreertosTemplate\Obj\STM32H7xx_HAL_Driver_12323373487323971647.dir\stm32h7xx_ll_i2c.o
#        D:\MyProject\FreeRTOS_Project\h753FreertosTemplate\EWARM\h753FreertosTemplate\Obj\STM32H7xx_HAL_Driver_12323373487323971647.dir\stm32h7xx_ll_lptim.o
#        D:\MyProject\FreeRTOS_Project\h753FreertosTemplate\EWARM\h753FreertosTemplate\Obj\STM32H7xx_HAL_Driver_12323373487323971647.dir\stm32h7xx_ll_lpuart.o
#        D:\MyProject\FreeRTOS_Project\h753FreertosTemplate\EWARM\h753FreertosTemplate\Obj\STM32H7xx_HAL_Driver_12323373487323971647.dir\stm32h7xx_ll_mdma.o
#        D:\MyProject\FreeRTOS_Project\h753FreertosTemplate\EWARM\h753FreertosTemplate\Obj\STM32H7xx_HAL_Driver_12323373487323971647.dir\stm32h7xx_ll_opamp.o
#        D:\MyProject\FreeRTOS_Project\h753FreertosTemplate\EWARM\h753FreertosTemplate\Obj\STM32H7xx_HAL_Driver_12323373487323971647.dir\stm32h7xx_ll_pwr.o
#        D:\MyProject\FreeRTOS_Project\h753FreertosTemplate\EWARM\h753FreertosTemplate\Obj\STM32H7xx_HAL_Driver_12323373487323971647.dir\stm32h7xx_ll_rcc.o
#        D:\MyProject\FreeRTOS_Project\h753FreertosTemplate\EWARM\h753FreertosTemplate\Obj\STM32H7xx_HAL_Driver_12323373487323971647.dir\stm32h7xx_ll_rng.o
#        D:\MyProject\FreeRTOS_Project\h753FreertosTemplate\EWARM\h753FreertosTemplate\Obj\STM32H7xx_HAL_Driver_12323373487323971647.dir\stm32h7xx_ll_rtc.o
#        D:\MyProject\FreeRTOS_Project\h753FreertosTemplate\EWARM\h753FreertosTemplate\Obj\STM32H7xx_HAL_Driver_12323373487323971647.dir\stm32h7xx_ll_sdmmc.o
#        D:\MyProject\FreeRTOS_Project\h753FreertosTemplate\EWARM\h753FreertosTemplate\Obj\STM32H7xx_HAL_Driver_12323373487323971647.dir\stm32h7xx_ll_spi.o
#        D:\MyProject\FreeRTOS_Project\h753FreertosTemplate\EWARM\h753FreertosTemplate\Obj\STM32H7xx_HAL_Driver_12323373487323971647.dir\stm32h7xx_ll_swpmi.o
#        D:\MyProject\FreeRTOS_Project\h753FreertosTemplate\EWARM\h753FreertosTemplate\Obj\STM32H7xx_HAL_Driver_12323373487323971647.dir\stm32h7xx_ll_tim.o
#        D:\MyProject\FreeRTOS_Project\h753FreertosTemplate\EWARM\h753FreertosTemplate\Obj\STM32H7xx_HAL_Driver_12323373487323971647.dir\stm32h7xx_ll_usart.o
#        D:\MyProject\FreeRTOS_Project\h753FreertosTemplate\EWARM\h753FreertosTemplate\Obj\STM32H7xx_HAL_Driver_12323373487323971647.dir\stm32h7xx_ll_usb.o
#        D:\MyProject\FreeRTOS_Project\h753FreertosTemplate\EWARM\h753FreertosTemplate\Obj\STM32H7xx_HAL_Driver_12323373487323971647.dir\stm32h7xx_ll_utils.o
#        D:\MyProject\FreeRTOS_Project\h753FreertosTemplate\EWARM\h753FreertosTemplate\Obj\BSP_16987466797925798938.dir\stm32h7xx_nucleo.o
#        D:\MyProject\FreeRTOS_Project\h753FreertosTemplate\EWARM\h753FreertosTemplate\Obj\FreeRTOS_4809373609813369194.dir\stream_buffer.o
#        D:\MyProject\FreeRTOS_Project\h753FreertosTemplate\EWARM\h753FreertosTemplate\Obj\CMSIS_6603591812247902717.dir\system_stm32h7xx.o
#        D:\MyProject\FreeRTOS_Project\h753FreertosTemplate\EWARM\h753FreertosTemplate\Obj\FreeRTOS_4809373609813369194.dir\tasks.o
#        D:\MyProject\FreeRTOS_Project\h753FreertosTemplate\EWARM\h753FreertosTemplate\Obj\Common_Drv_14642545183444923962.dir\timerForDebug.o
#        D:\MyProject\FreeRTOS_Project\h753FreertosTemplate\EWARM\h753FreertosTemplate\Obj\FreeRTOS_4809373609813369194.dir\timers.o
#        D:\MyProject\FreeRTOS_Project\h753FreertosTemplate\EWARM\h753FreertosTemplate\Obj\Common_Drv_14642545183444923962.dir\uart_dma.o
#        --no_out_extension -o
#        D:\MyProject\FreeRTOS_Project\h753FreertosTemplate\EWARM\h753FreertosTemplate\Exe\h753FreertosTemplate.out
#        --redirect _Printf=_PrintfFullNoMb --redirect _Scanf=_ScanfFullNoMb
#        --map
#        D:\MyProject\FreeRTOS_Project\h753FreertosTemplate\EWARM\h753FreertosTemplate\List\h753FreertosTemplate.map
#        --config
#        D:\MyProject\FreeRTOS_Project\h753FreertosTemplate\EWARM/stm32h753xx_flash.icf
#        --semihosting --entry __iar_program_start --vfe --text_out locale
#        --cpu=Cortex-M7 --fpu=VFPv5_d16) --dependencies=n
#        D:\MyProject\FreeRTOS_Project\h753FreertosTemplate\EWARM\h753FreertosTemplate\Exe\h753FreertosTemplate.out.iar_deps
#
###############################################################################

*******************************************************************************
*** RUNTIME MODEL ATTRIBUTES
***

CppFlavor       = *
__CPP_Runtime   = 1
__SystemLibrary = DLib
__dlib_version  = 6


*******************************************************************************
*** HEAP SELECTION
***

The basic heap was selected because --advanced_heap
was not specified and the application did not appear to
be primarily optimized for speed.


*******************************************************************************
*** PLACEMENT SUMMARY
***

"A0":  place at address 0x800'0000 { ro section .intvec };
"P1":  place in [from 0x800'0000 to 0x81f'ffff] { ro };
define block CSTACK with size = 1K, alignment = 8 { };
define block HEAP with size = 512, alignment = 8 { };
"P2":  place in [from 0x2000'0000 to 0x2001'ffff] {
          rw, block CSTACK, block HEAP };
initialize by copy { rw };

  Section            Kind         Address    Size  Object
  -------            ----         -------    ----  ------
"A0":                                       0x298
  .intvec            ro code   0x800'0000   0x298  startup_stm32h753xx.o [5]
                             - 0x800'0298   0x298

"P1":                                      0x7145
  .text              ro code   0x800'0298  0x1638  stm32h7xx_hal_dma.o [7]
  .text              ro code   0x800'18d0     0xc  stm32h7xx_hal.o [7]
  .text              ro code   0x800'18dc   0xeca  xprintffull_nomb.o [8]
  .text              ro code   0x800'27a6    0x3a  packbits_init_single.o [10]
  .text              ro code   0x800'27e0    0x16  strchr.o [10]
  .text              ro code   0x800'27f6     0xa  xsprout.o [8]
  .text              ro code   0x800'2800    0x40  xfail_s.o [8]
  .text              ro code   0x800'2840    0x14  strlen_small.o [10]
  .text              ro code   0x800'2854    0x58  memchr.o [10]
  .text              ro code   0x800'28ac    0x18  ABImemcpy_small.o [10]
  .text              ro code   0x800'28c4    0x70  frexp.o [9]
  .text              ro code   0x800'2934    0x34  DblCmpLe.o [9]
  .text              ro code   0x800'2968    0x34  DblCmpGe.o [9]
  .text              ro code   0x800'299c   0x104  ldexp.o [9]
  .text              ro code   0x800'2aa0     0xe  DblToS32.o [9]
  .text              ro code   0x800'2aae     0xe  S32ToDbl.o [9]
  .text              ro code   0x800'2abc    0x12  DblSub.o [9]
  .text              ro code   0x800'2ace    0x12  DblDiv.o [9]
  .text              ro code   0x800'2ae0     0xe  DblToU32.o [9]
  .text              ro code   0x800'2aee     0xe  U32ToDbl.o [9]
  .text              ro code   0x800'2afc    0x12  DblMul.o [9]
  .rodata            const     0x800'2b0e     0x2  xlocale_c.o [8]
  .text              ro code   0x800'2b10     0x8  xlocale_c.o [8]
  .text              ro code   0x800'2b18   0x106  I64DivMod_small.o [10]
  .text              ro code   0x800'2c1e     0x6  abort.o [8]
  .text              ro code   0x800'2c24     0x2  I64DivZer.o [10]
  .rodata            const     0x800'2c26     0x1  xlocale_c.o [8]
  .text              ro code   0x800'2c28    0x14  exit.o [11]
  .text              ro code   0x800'2c3c   0xbf0  stm32h7xx_hal_uart.o [7]
  .text              ro code   0x800'382c   0x264  uart_dma.o [3]
  .text              ro code   0x800'3a90     0x2  stm32h7xx_hal_uart.o [7]
  .text              ro code   0x800'3a92     0x2  stm32h7xx_hal_uart.o [7]
  .text              ro code   0x800'3a94     0x2  stm32h7xx_hal_uart_ex.o [7]
  .text              ro code   0x800'3a96     0x2  stm32h7xx_hal_uart_ex.o [7]
  .text              ro code   0x800'3a98     0x2  stm32h7xx_hal_uart_ex.o [7]
  .text              ro code   0x800'3a9c   0x208  stm32h7xx_hal_rcc_ex.o [7]
  .text              ro code   0x800'3ca4   0x3f4  stm32h7xx_hal_rcc.o [7]
  .text              ro code   0x800'4098   0x2b4  main.o [4]
  .text              ro code   0x800'434c   0x378  stm32h7xx_hal_gpio.o [7]
  .text              ro code   0x800'46c4   0x13c  stm32h7xx_hal_cortex.o [7]
  .text              ro code   0x800'4800    0x90  stm32h7xx_hal_timebase_tim.o [4]
  .text              ro code   0x800'4890    0x28  printf.o [8]
  .text              ro code   0x800'48b8   0xae4  tasks.o [6]
  .text              ro code   0x800'539c   0x188  stm32h7xx_nucleo.o [1]
  .text              ro code   0x800'5524    0x68  stm32h7xx_hal.o [7]
  .text              ro code   0x800'558c    0x20  gpio.o [4]
  .text              ro code   0x800'55ac    0xc4  timerForDebug.o [3]
  .text              ro code   0x800'5670     0x6  ABImemclr4.o [10]
  .text              ro code   0x800'5678    0x48  stm32h7xx_hal_pwr_ex.o [7]
  .text              ro code   0x800'56c0   0x510  stm32h7xx_hal_rcc.o [7]
  .text              ro code   0x800'5bd0    0x10  stm32h7xx_hal.o [7]
  .text              ro code   0x800'5be0   0x33c  stm32h7xx_hal_tim.o [7]
  .text              ro code   0x800'5f1c   0x1b0  heap_4.o [6]
  .text              ro code   0x800'60cc    0x3a  ABImemset48.o [10]
  .text              ro code   0x800'6106    0x94  list.o [6]
  .text              ro code   0x800'619c   0x1c6  port.o [6]
  .text              ro code   0x800'6364    0x14  cmsis_os2.o [6]
  .text              ro code   0x800'6378   0x354  timers.o [6]
  .text              ro code   0x800'66cc    0x14  freertos.o [4]
  .text              ro code   0x800'66e0    0x18  strcpy.o [10]
  .text              ro code   0x800'66f8    0x40  sprintf.o [8]
  .text              ro code   0x800'6738    0x1c  stm32h7xx_hal_exti.o [7]
  .text              ro code   0x800'6754     0x2  stm32h7xx_nucleo.o [1]
  .text              ro code   0x800'6758    0x28  stm32h7xx_hal_msp.o [4]
  .text              ro code   0x800'6780     0x2  stm32h7xx_hal_tim.o [7]
  .text              ro code   0x800'6782     0x2  stm32h7xx_hal_tim.o [7]
  .text              ro code   0x800'6784     0x2  stm32h7xx_hal_tim_ex.o [7]
  .text              ro code   0x800'6786     0x2  stm32h7xx_hal_tim_ex.o [7]
  .text              ro code   0x800'6788     0x2  stm32h7xx_hal_tim.o [7]
  .text              ro code   0x800'678a     0x2  stm32h7xx_hal_tim_ex.o [7]
  .text              ro code   0x800'678c     0x2  stm32h7xx_hal_tim.o [7]
  .text              ro code   0x800'6790    0x2c  port.o [6]
  CODE               ro code   0x800'67bc    0xb0  portasm.o [6]
  .text              ro code   0x800'686c    0x18  cmsis_os2.o [6]
  .text              ro code   0x800'6884   0x588  queue.o [6]
  .text              ro code   0x800'6e0c    0xd4  system_stm32h7xx.o [2]
  .rodata            const     0x800'6ee0    0x9c  main.o [4]
  .text              ro code   0x800'6f7c    0x44  putchar.o [8]
  .text              ro code   0x800'6fc0    0x38  zero_init3.o [10]
  .text              ro code   0x800'6ff8    0x28  data_init.o [10]
  .text              ro code   0x800'7020    0x22  fpinit_M.o [9]
  .iar.init_table    const     0x800'7044    0x20  - Linker created -
  .text              ro code   0x800'7064    0x20  cmsis_os2.o [6]
  .text              ro code   0x800'7084    0x20  stm32h7xx_it.o [4]
  .text              ro code   0x800'70a4    0x1e  cmain.o [10]
  .text              ro code   0x800'70c2     0x4  low_level_init.o [8]
  .text              ro code   0x800'70c6     0x4  exit.o [8]
  .text              ro code   0x800'70cc     0xa  cexit.o [10]
  .text              ro code   0x800'70d8    0x1c  cstartup_M.o [10]
  .text              ro code   0x800'70f4    0x16  xprout.o [8]
  .text              ro code   0x800'710c    0x10  startup_stm32h753xx.o [5]
  .text              ro code   0x800'711c     0x4  startup_stm32h753xx.o [5]
  .text              ro code   0x800'7120     0x4  startup_stm32h753xx.o [5]
  .text              ro code   0x800'7124     0x4  startup_stm32h753xx.o [5]
  .text              ro code   0x800'7128     0x4  startup_stm32h753xx.o [5]
  .text              ro code   0x800'712c     0x4  startup_stm32h753xx.o [5]
  .text              ro code   0x800'7130     0x4  startup_stm32h753xx.o [5]
  .text              ro code   0x800'7134     0x4  startup_stm32h753xx.o [5]
  .text              ro code   0x800'7138     0x4  startup_stm32h753xx.o [5]
  .text              ro code   0x800'713c     0x4  startup_stm32h753xx.o [5]
  .text              ro code   0x800'7140     0x4  startup_stm32h753xx.o [5]
  .text              ro code   0x800'7144     0x4  startup_stm32h753xx.o [5]
  .text              ro code   0x800'7148     0x4  startup_stm32h753xx.o [5]
  .text              ro code   0x800'714c     0x4  startup_stm32h753xx.o [5]
  .text              ro code   0x800'7150     0x4  startup_stm32h753xx.o [5]
  .text              ro code   0x800'7154     0x4  startup_stm32h753xx.o [5]
  .text              ro code   0x800'7158     0x4  startup_stm32h753xx.o [5]
  .text              ro code   0x800'715c     0x4  startup_stm32h753xx.o [5]
  .text              ro code   0x800'7160     0x4  startup_stm32h753xx.o [5]
  .text              ro code   0x800'7164     0x4  startup_stm32h753xx.o [5]
  .text              ro code   0x800'7168     0x4  startup_stm32h753xx.o [5]
  .text              ro code   0x800'716c     0x4  startup_stm32h753xx.o [5]
  .text              ro code   0x800'7170     0x4  startup_stm32h753xx.o [5]
  .text              ro code   0x800'7174     0x4  startup_stm32h753xx.o [5]
  .text              ro code   0x800'7178     0x4  startup_stm32h753xx.o [5]
  .text              ro code   0x800'717c     0x4  startup_stm32h753xx.o [5]
  .text              ro code   0x800'7180     0x4  startup_stm32h753xx.o [5]
  .text              ro code   0x800'7184     0x4  startup_stm32h753xx.o [5]
  .text              ro code   0x800'7188     0x4  startup_stm32h753xx.o [5]
  .text              ro code   0x800'718c     0x4  startup_stm32h753xx.o [5]
  .text              ro code   0x800'7190     0x4  startup_stm32h753xx.o [5]
  .text              ro code   0x800'7194     0x4  startup_stm32h753xx.o [5]
  .text              ro code   0x800'7198     0x4  startup_stm32h753xx.o [5]
  .text              ro code   0x800'719c     0x4  startup_stm32h753xx.o [5]
  .text              ro code   0x800'71a0     0x4  startup_stm32h753xx.o [5]
  .text              ro code   0x800'71a4     0x4  startup_stm32h753xx.o [5]
  .text              ro code   0x800'71a8     0x4  startup_stm32h753xx.o [5]
  .text              ro code   0x800'71ac     0x4  startup_stm32h753xx.o [5]
  .text              ro code   0x800'71b0     0x4  startup_stm32h753xx.o [5]
  .text              ro code   0x800'71b4     0x4  startup_stm32h753xx.o [5]
  .text              ro code   0x800'71b8     0x4  startup_stm32h753xx.o [5]
  .text              ro code   0x800'71bc     0x4  startup_stm32h753xx.o [5]
  .text              ro code   0x800'71c0     0x4  startup_stm32h753xx.o [5]
  .text              ro code   0x800'71c4     0x4  startup_stm32h753xx.o [5]
  .text              ro code   0x800'71c8     0x4  startup_stm32h753xx.o [5]
  .text              ro code   0x800'71cc     0x4  startup_stm32h753xx.o [5]
  .text              ro code   0x800'71d0     0x4  startup_stm32h753xx.o [5]
  .text              ro code   0x800'71d4     0x4  startup_stm32h753xx.o [5]
  .text              ro code   0x800'71d8     0x4  startup_stm32h753xx.o [5]
  .text              ro code   0x800'71dc     0x4  startup_stm32h753xx.o [5]
  .text              ro code   0x800'71e0     0x4  startup_stm32h753xx.o [5]
  .text              ro code   0x800'71e4     0x4  startup_stm32h753xx.o [5]
  .text              ro code   0x800'71e8     0x4  startup_stm32h753xx.o [5]
  .text              ro code   0x800'71ec     0x4  startup_stm32h753xx.o [5]
  .text              ro code   0x800'71f0     0x4  startup_stm32h753xx.o [5]
  .text              ro code   0x800'71f4     0x4  startup_stm32h753xx.o [5]
  .text              ro code   0x800'71f8     0x4  startup_stm32h753xx.o [5]
  .text              ro code   0x800'71fc     0x4  startup_stm32h753xx.o [5]
  .text              ro code   0x800'7200     0x4  startup_stm32h753xx.o [5]
  .text              ro code   0x800'7204     0x4  startup_stm32h753xx.o [5]
  .text              ro code   0x800'7208     0x4  startup_stm32h753xx.o [5]
  .text              ro code   0x800'720c     0x4  startup_stm32h753xx.o [5]
  .text              ro code   0x800'7210     0x4  startup_stm32h753xx.o [5]
  .text              ro code   0x800'7214     0x4  startup_stm32h753xx.o [5]
  .text              ro code   0x800'7218     0x4  startup_stm32h753xx.o [5]
  .text              ro code   0x800'721c     0x4  startup_stm32h753xx.o [5]
  .text              ro code   0x800'7220     0x4  startup_stm32h753xx.o [5]
  .text              ro code   0x800'7224     0x4  startup_stm32h753xx.o [5]
  .text              ro code   0x800'7228     0x4  startup_stm32h753xx.o [5]
  .text              ro code   0x800'722c     0x4  startup_stm32h753xx.o [5]
  .text              ro code   0x800'7230     0x4  startup_stm32h753xx.o [5]
  .text              ro code   0x800'7234     0x4  startup_stm32h753xx.o [5]
  .text              ro code   0x800'7238     0x4  startup_stm32h753xx.o [5]
  .text              ro code   0x800'723c     0x4  startup_stm32h753xx.o [5]
  .text              ro code   0x800'7240     0x4  startup_stm32h753xx.o [5]
  .text              ro code   0x800'7244     0x4  startup_stm32h753xx.o [5]
  .text              ro code   0x800'7248     0x4  startup_stm32h753xx.o [5]
  .text              ro code   0x800'724c     0x4  startup_stm32h753xx.o [5]
  .text              ro code   0x800'7250     0x4  startup_stm32h753xx.o [5]
  .text              ro code   0x800'7254     0x4  startup_stm32h753xx.o [5]
  .text              ro code   0x800'7258     0x4  startup_stm32h753xx.o [5]
  .text              ro code   0x800'725c     0x4  startup_stm32h753xx.o [5]
  .text              ro code   0x800'7260     0x4  startup_stm32h753xx.o [5]
  .text              ro code   0x800'7264     0x4  startup_stm32h753xx.o [5]
  .text              ro code   0x800'7268     0x4  startup_stm32h753xx.o [5]
  .text              ro code   0x800'726c     0x4  startup_stm32h753xx.o [5]
  .text              ro code   0x800'7270     0x4  startup_stm32h753xx.o [5]
  .text              ro code   0x800'7274     0x4  startup_stm32h753xx.o [5]
  .text              ro code   0x800'7278     0x4  startup_stm32h753xx.o [5]
  .text              ro code   0x800'727c     0x4  startup_stm32h753xx.o [5]
  .text              ro code   0x800'7280     0x4  startup_stm32h753xx.o [5]
  .text              ro code   0x800'7284     0x4  startup_stm32h753xx.o [5]
  .text              ro code   0x800'7288     0x4  startup_stm32h753xx.o [5]
  .text              ro code   0x800'728c     0x4  startup_stm32h753xx.o [5]
  .text              ro code   0x800'7290     0x4  startup_stm32h753xx.o [5]
  .text              ro code   0x800'7294     0x4  startup_stm32h753xx.o [5]
  .text              ro code   0x800'7298     0x4  startup_stm32h753xx.o [5]
  .text              ro code   0x800'729c     0x4  startup_stm32h753xx.o [5]
  .text              ro code   0x800'72a0     0x4  startup_stm32h753xx.o [5]
  .text              ro code   0x800'72a4     0x4  startup_stm32h753xx.o [5]
  .text              ro code   0x800'72a8     0x4  startup_stm32h753xx.o [5]
  .text              ro code   0x800'72ac     0x4  startup_stm32h753xx.o [5]
  .text              ro code   0x800'72b0     0x4  startup_stm32h753xx.o [5]
  .text              ro code   0x800'72b4     0x4  startup_stm32h753xx.o [5]
  .text              ro code   0x800'72b8     0x4  startup_stm32h753xx.o [5]
  .text              ro code   0x800'72bc     0x4  startup_stm32h753xx.o [5]
  .text              ro code   0x800'72c0     0x4  startup_stm32h753xx.o [5]
  .text              ro code   0x800'72c4     0x4  startup_stm32h753xx.o [5]
  .text              ro code   0x800'72c8     0x4  startup_stm32h753xx.o [5]
  .text              ro code   0x800'72cc     0x4  startup_stm32h753xx.o [5]
  .text              ro code   0x800'72d0     0x4  startup_stm32h753xx.o [5]
  .text              ro code   0x800'72d4     0x4  startup_stm32h753xx.o [5]
  .text              ro code   0x800'72d8     0x4  startup_stm32h753xx.o [5]
  .text              ro code   0x800'72dc     0x4  startup_stm32h753xx.o [5]
  .text              ro code   0x800'72e0     0x4  startup_stm32h753xx.o [5]
  .text              ro code   0x800'72e4     0x4  startup_stm32h753xx.o [5]
  .text              ro code   0x800'72e8     0x4  startup_stm32h753xx.o [5]
  .text              ro code   0x800'72ec     0x4  startup_stm32h753xx.o [5]
  .text              ro code   0x800'72f0     0x4  startup_stm32h753xx.o [5]
  .text              ro code   0x800'72f4     0x4  startup_stm32h753xx.o [5]
  .text              ro code   0x800'72f8     0x4  startup_stm32h753xx.o [5]
  .text              ro code   0x800'72fc     0x4  startup_stm32h753xx.o [5]
  .text              ro code   0x800'7300     0x4  startup_stm32h753xx.o [5]
  .text              ro code   0x800'7304     0x4  startup_stm32h753xx.o [5]
  .text              ro code   0x800'7308     0x4  startup_stm32h753xx.o [5]
  .text              ro code   0x800'730c     0x4  startup_stm32h753xx.o [5]
  .text              ro code   0x800'7310     0x4  startup_stm32h753xx.o [5]
  .text              ro code   0x800'7314     0x4  startup_stm32h753xx.o [5]
  .text              ro code   0x800'7318     0x4  startup_stm32h753xx.o [5]
  .text              ro code   0x800'731c     0x4  startup_stm32h753xx.o [5]
  .text              ro code   0x800'7320     0x4  startup_stm32h753xx.o [5]
  .text              ro code   0x800'7324     0x4  startup_stm32h753xx.o [5]
  .text              ro code   0x800'7328     0x4  startup_stm32h753xx.o [5]
  .text              ro code   0x800'732c     0x4  startup_stm32h753xx.o [5]
  .text              ro code   0x800'7330     0x4  startup_stm32h753xx.o [5]
  .rodata            const     0x800'7334     0x0  zero_init3.o [10]
  .rodata            const     0x800'7334     0x0  packbits_init_single.o [10]
  Initializer bytes  const     0x800'7334    0xa9  <for P2-1>
                             - 0x800'73dd  0x7145

"P2", part 1 of 3:                          0x10c
  P2-1                        0x2000'0000   0x10c  <Init block>
    .data            inited   0x2000'0000     0xc  port.o [6]
    .data            inited   0x2000'000c     0xc  stm32h7xx_hal.o [7]
    .data            inited   0x2000'0018    0x14  stm32h7xx_nucleo.o [1]
    .data            inited   0x2000'002c     0xc  stm32h7xx_nucleo.o [1]
    .data            inited   0x2000'0038     0x8  system_stm32h7xx.o [2]
    .data            inited   0x2000'0040    0x4c  uart_dma.o [3]
    .data            inited   0x2000'008c    0x38  xlocale_c.o [8]
    .data            inited   0x2000'00c4    0x48  xfiles.o [8]
                            - 0x2000'010c   0x10c

"P2", part 2 of 3:                         0x4bd4
  .bss               zero     0x2000'010c  0x3c20  heap_4.o [6]
  .bss               zero     0x2000'3d2c   0x460  cmsis_os2.o [6]
  .bss               zero     0x2000'418c   0x460  tasks.o [6]
  .bss               zero     0x2000'45ec   0x260  cmsis_os2.o [6]
  .bss               zero     0x2000'484c   0x12c  timers.o [6]
  .bss               zero     0x2000'4978    0xf0  uart_dma.o [3]
  .bss               zero     0x2000'4a68    0xa0  tasks.o [6]
  .bss               zero     0x2000'4b08    0x94  uart_dma.o [3]
  .bss               zero     0x2000'4b9c    0x50  timerForDebug.o [3]
  .bss               zero     0x2000'4bec    0x50  xfiles.o [8]
  .bss               zero     0x2000'4c3c    0x4c  stm32h7xx_hal_timebase_tim.o [4]
  .bss               zero     0x2000'4c88    0x40  queue.o [6]
  .bss               zero     0x2000'4cc8    0x10  main.o [4]
  .bss               zero     0x2000'4cd8     0x4  main.o [4]
  .bss               zero     0x2000'4cdc     0x4  xfail_s.o [8]
                            - 0x2000'4ce0  0x4bd4

"P2", part 3 of 3:                          0x400
  CSTACK                      0x2000'4ce0   0x400  <Block>
    CSTACK           uninit   0x2000'4ce0   0x400  <Block tail>
                            - 0x2000'50e0   0x400

Unused ranges:

         From           To       Size
         ----           --       ----
   0x800'73dd   0x81f'ffff  0x1f'8c23
  0x2000'50e0  0x2001'ffff   0x1'af20


*******************************************************************************
*** INIT TABLE
***

          Address      Size
          -------      ----
Zero (__iar_zero_init3)
    1 destination range, total size 0x4bd4:
          0x2000'010c  0x4bd4

Copy/packbits (__iar_packbits_init_single3)
    1 source range, total size 0xa9 (63% of destination):
           0x800'7334    0xa9
    1 destination range, total size 0x10c:
          0x2000'0000   0x10c



*******************************************************************************
*** MODULE SUMMARY
***

    Module                        ro code  ro data  rw data
    ------                        -------  -------  -------
command line/config:
    -------------------------------------------------------
    Total:

D:\MyProject\FreeRTOS_Project\h753FreertosTemplate\EWARM\h753FreertosTemplate\Obj\BSP_16987466797925798938.dir: [1]
    stm32h7xx_nucleo.o                394       20       32
    -------------------------------------------------------
    Total:                            394       20       32

D:\MyProject\FreeRTOS_Project\h753FreertosTemplate\EWARM\h753FreertosTemplate\Obj\CMSIS_6603591812247902717.dir: [2]
    system_stm32h7xx.o                212        5        8
    -------------------------------------------------------
    Total:                            212        5        8

D:\MyProject\FreeRTOS_Project\h753FreertosTemplate\EWARM\h753FreertosTemplate\Obj\Common_Drv_14642545183444923962.dir: [3]
    timerForDebug.o                   196                80
    uart_dma.o                        612       48      464
    -------------------------------------------------------
    Total:                            808       48      544

D:\MyProject\FreeRTOS_Project\h753FreertosTemplate\EWARM\h753FreertosTemplate\Obj\Core_13247989168731456611.dir: [4]
    freertos.o                         20
    gpio.o                             32
    main.o                            692      156       20
    stm32h7xx_hal_msp.o                40
    stm32h7xx_hal_timebase_tim.o      144                76
    stm32h7xx_it.o                     32
    -------------------------------------------------------
    Total:                            960      156       96

D:\MyProject\FreeRTOS_Project\h753FreertosTemplate\EWARM\h753FreertosTemplate\Obj\EWARM_18443280873093131863.dir: [5]
    startup_stm32h753xx.o           1'216
    -------------------------------------------------------
    Total:                          1'216

D:\MyProject\FreeRTOS_Project\h753FreertosTemplate\EWARM\h753FreertosTemplate\Obj\FreeRTOS_4809373609813369194.dir: [6]
    cmsis_os2.o                        76             1'728
    heap_4.o                          432            15'392
    list.o                            148
    port.o                            498        7       12
    portasm.o                         176
    queue.o                         1'416                64
    tasks.o                         2'788             1'280
    timers.o                          852               300
    -------------------------------------------------------
    Total:                          6'386        7   18'776

D:\MyProject\FreeRTOS_Project\h753FreertosTemplate\EWARM\h753FreertosTemplate\Obj\STM32H7xx_HAL_Driver_12323373487323971647.dir: [7]
    stm32h7xx_hal.o                   132        8       12
    stm32h7xx_hal_cortex.o            316
    stm32h7xx_hal_dma.o             5'688
    stm32h7xx_hal_exti.o               28
    stm32h7xx_hal_gpio.o              888
    stm32h7xx_hal_pwr_ex.o             72
    stm32h7xx_hal_rcc.o             2'308
    stm32h7xx_hal_rcc_ex.o            520
    stm32h7xx_hal_tim.o               836
    stm32h7xx_hal_tim_ex.o              6
    stm32h7xx_hal_uart.o            3'060
    stm32h7xx_hal_uart_ex.o             6
    -------------------------------------------------------
    Total:                         13'860        8       12

dl7M_tlf.a: [8]
    abort.o                             6
    exit.o                              4
    low_level_init.o                    4
    printf.o                           40
    putchar.o                          68
    sprintf.o                          64
    xfail_s.o                          64                 4
    xfiles.o                                    46      152
    xlocale_c.o                         8       38       56
    xprintffull_nomb.o              3'786
    xprout.o                           22
    xsprout.o                          10
    -------------------------------------------------------
    Total:                          4'076       84      212

m7M_tlv.a: [9]
    DblCmpGe.o                         52
    DblCmpLe.o                         52
    DblDiv.o                           18
    DblMul.o                           18
    DblSub.o                           18
    DblToS32.o                         14
    DblToU32.o                         14
    S32ToDbl.o                         14
    U32ToDbl.o                         14
    fpinit_M.o                         34
    frexp.o                           112
    ldexp.o                           260
    -------------------------------------------------------
    Total:                            620

rt7M_tl.a: [10]
    ABImemclr4.o                        6
    ABImemcpy_small.o                  24
    ABImemset48.o                      58
    I64DivMod_small.o                 262
    I64DivZer.o                         2
    cexit.o                            10
    cmain.o                            30
    cstartup_M.o                       28
    data_init.o                        40
    memchr.o                           88
    packbits_init_single.o             58
    strchr.o                           22
    strcpy.o                           24
    strlen_small.o                     20
    zero_init3.o                       56
    -------------------------------------------------------
    Total:                            728

shb_l.a: [11]
    exit.o                             20
    -------------------------------------------------------
    Total:                             20

    Gaps                               19        2
    Linker created                              32    1'024
-----------------------------------------------------------
    Grand Total:                   29'299      362   20'704


*******************************************************************************
*** ENTRY LIST
***

Entry                       Address    Size  Type      Object
-----                       -------    ----  ----      ------
.iar.init_table$$Base    0x800'7044           --   Gb  - Linker created -
.iar.init_table$$Limit   0x800'7064           --   Gb  - Linker created -
?main                    0x800'70a5          Code  Gb  cmain.o [10]
ADC3_IRQHandler          0x800'72e5          Code  Wk  startup_stm32h753xx.o [5]
ADC_IRQHandler           0x800'7165          Code  Wk  startup_stm32h753xx.o [5]
BDMA_Channel0_IRQHandler
                         0x800'72ed          Code  Wk  startup_stm32h753xx.o [5]
BDMA_Channel1_IRQHandler
                         0x800'72f1          Code  Wk  startup_stm32h753xx.o [5]
BDMA_Channel2_IRQHandler
                         0x800'72f5          Code  Wk  startup_stm32h753xx.o [5]
BDMA_Channel3_IRQHandler
                         0x800'72f9          Code  Wk  startup_stm32h753xx.o [5]
BDMA_Channel4_IRQHandler
                         0x800'72fd          Code  Wk  startup_stm32h753xx.o [5]
BDMA_Channel5_IRQHandler
                         0x800'7301          Code  Wk  startup_stm32h753xx.o [5]
BDMA_Channel6_IRQHandler
                         0x800'7305          Code  Wk  startup_stm32h753xx.o [5]
BDMA_Channel7_IRQHandler
                         0x800'7309          Code  Wk  startup_stm32h753xx.o [5]
BSP_LED_Init             0x800'539d    0x78  Code  Gb  stm32h7xx_nucleo.o [1]
BSP_LED_Off              0x800'5439    0x24  Code  Gb  stm32h7xx_nucleo.o [1]
BSP_LED_On               0x800'5415    0x24  Code  Gb  stm32h7xx_nucleo.o [1]
BSP_PB_Callback          0x800'6755     0x2  Code  Wk  stm32h7xx_nucleo.o [1]
BSP_PB_Init              0x800'5471    0x8c  Code  Gb  stm32h7xx_nucleo.o [1]
BSP_PB_Init::BSP_BUTTON_PRIO
                        0x2000'0020     0x4  Data  Lc  stm32h7xx_nucleo.o [1]
BSP_PB_Init::BUTTON_EXTI_LINE
                         0x800'5520     0x4  Data  Lc  stm32h7xx_nucleo.o [1]
BSP_PB_Init::ButtonCallback
                        0x2000'001c     0x4  Data  Lc  stm32h7xx_nucleo.o [1]
BUTTON_IRQn              0x800'551c     0x2  Data  Lc  stm32h7xx_nucleo.o [1]
BUTTON_PIN               0x800'5518     0x2  Data  Lc  stm32h7xx_nucleo.o [1]
BUTTON_PORT             0x2000'0018     0x4  Data  Lc  stm32h7xx_nucleo.o [1]
BUTTON_USER_EXTI_Callback
                         0x800'5509     0x6  Code  Lc  stm32h7xx_nucleo.o [1]
BusFault_Handler         0x800'708b     0x2  Code  Gb  stm32h7xx_it.o [4]
CEC_IRQHandler           0x800'7269          Code  Wk  startup_stm32h753xx.o [5]
COMP1_IRQHandler         0x800'730d          Code  Wk  startup_stm32h753xx.o [5]
CRS_IRQHandler           0x800'7325          Code  Wk  startup_stm32h753xx.o [5]
CRYP_IRQHandler          0x800'722d          Code  Wk  startup_stm32h753xx.o [5]
CSTACK$$Base            0x2000'4ce0           --   Gb  - Linker created -
CSTACK$$Limit           0x2000'50e0           --   Gb  - Linker created -
D1CorePrescTable         0x800'6ed0    0x10  Data  Gb  system_stm32h7xx.o [2]
DCMI_IRQHandler          0x800'7229          Code  Wk  startup_stm32h753xx.o [5]
DFSDM1_FLT0_IRQHandler   0x800'72a9          Code  Wk  startup_stm32h753xx.o [5]
DFSDM1_FLT1_IRQHandler   0x800'72ad          Code  Wk  startup_stm32h753xx.o [5]
DFSDM1_FLT2_IRQHandler   0x800'72b1          Code  Wk  startup_stm32h753xx.o [5]
DFSDM1_FLT3_IRQHandler   0x800'72b5          Code  Wk  startup_stm32h753xx.o [5]
DMA1_Stream0_IRQHandler
                         0x800'7149          Code  Wk  startup_stm32h753xx.o [5]
DMA1_Stream1_IRQHandler
                         0x800'714d          Code  Wk  startup_stm32h753xx.o [5]
DMA1_Stream2_IRQHandler
                         0x800'7151          Code  Wk  startup_stm32h753xx.o [5]
DMA1_Stream3_IRQHandler
                         0x800'7155          Code  Wk  startup_stm32h753xx.o [5]
DMA1_Stream4_IRQHandler
                         0x800'7159          Code  Wk  startup_stm32h753xx.o [5]
DMA1_Stream5_IRQHandler
                         0x800'715d          Code  Wk  startup_stm32h753xx.o [5]
DMA1_Stream6_IRQHandler
                         0x800'7161          Code  Wk  startup_stm32h753xx.o [5]
DMA1_Stream7_IRQHandler
                         0x800'71cd          Code  Wk  startup_stm32h753xx.o [5]
DMA2D_IRQHandler         0x800'7259          Code  Wk  startup_stm32h753xx.o [5]
DMA2_Stream0_IRQHandler
                         0x800'71ed          Code  Wk  startup_stm32h753xx.o [5]
DMA2_Stream1_IRQHandler
                         0x800'3a09    0x10  Code  Gb  uart_dma.o [3]
DMA2_Stream2_IRQHandler
                         0x800'71f1          Code  Wk  startup_stm32h753xx.o [5]
DMA2_Stream3_IRQHandler
                         0x800'71f5          Code  Wk  startup_stm32h753xx.o [5]
DMA2_Stream4_IRQHandler
                         0x800'71f9          Code  Wk  startup_stm32h753xx.o [5]
DMA2_Stream5_IRQHandler
                         0x800'7209          Code  Wk  startup_stm32h753xx.o [5]
DMA2_Stream6_IRQHandler
                         0x800'720d          Code  Wk  startup_stm32h753xx.o [5]
DMA2_Stream7_IRQHandler
                         0x800'3a19     0x8  Code  Gb  uart_dma.o [3]
DMAMUX1_OVR_IRQHandler   0x800'7289          Code  Wk  startup_stm32h753xx.o [5]
DMAMUX2_OVR_IRQHandler   0x800'72e9          Code  Wk  startup_stm32h753xx.o [5]
DMA_CalcBaseAndBitshift
                         0x800'16b5    0x92  Code  Lc  stm32h7xx_hal_dma.o [7]
DMA_CalcBaseAndBitshift{1}{2}::flagBitshiftOffset
                         0x800'18c8     0x8  Data  Lc  stm32h7xx_hal_dma.o [7]
DMA_CalcDMAMUXChannelBaseAndMask
                         0x800'1761    0x80  Code  Lc  stm32h7xx_hal_dma.o [7]
DMA_CalcDMAMUXRequestGenBaseAndMask
                         0x800'17fd    0x60  Code  Lc  stm32h7xx_hal_dma.o [7]
DebugMon_Handler         0x800'708f     0x2  Code  Gb  stm32h7xx_it.o [4]
ECC_IRQHandler           0x800'7329          Code  Wk  startup_stm32h753xx.o [5]
ETH_IRQHandler           0x800'71fd          Code  Wk  startup_stm32h753xx.o [5]
ETH_WKUP_IRQHandler      0x800'7201          Code  Wk  startup_stm32h753xx.o [5]
EXTI0_IRQHandler         0x800'7135          Code  Wk  startup_stm32h753xx.o [5]
EXTI15_10_IRQHandler     0x800'709d     0x8  Code  Gb  stm32h7xx_it.o [4]
EXTI1_IRQHandler         0x800'7139          Code  Wk  startup_stm32h753xx.o [5]
EXTI2_IRQHandler         0x800'713d          Code  Wk  startup_stm32h753xx.o [5]
EXTI3_IRQHandler         0x800'7141          Code  Wk  startup_stm32h753xx.o [5]
EXTI4_IRQHandler         0x800'7145          Code  Wk  startup_stm32h753xx.o [5]
EXTI9_5_IRQHandler       0x800'7179          Code  Wk  startup_stm32h753xx.o [5]
Error_Handler            0x800'4311     0x4  Code  Gb  main.o [4]
FDCAN1_IT0_IRQHandler    0x800'7169          Code  Wk  startup_stm32h753xx.o [5]
FDCAN1_IT1_IRQHandler    0x800'7171          Code  Wk  startup_stm32h753xx.o [5]
FDCAN2_IT0_IRQHandler    0x800'716d          Code  Wk  startup_stm32h753xx.o [5]
FDCAN2_IT1_IRQHandler    0x800'7175          Code  Wk  startup_stm32h753xx.o [5]
FDCAN_CAL_IRQHandler     0x800'7205          Code  Wk  startup_stm32h753xx.o [5]
FLASH_IRQHandler         0x800'712d          Code  Wk  startup_stm32h753xx.o [5]
FMC_IRQHandler           0x800'71d1          Code  Wk  startup_stm32h753xx.o [5]
FPU_IRQHandler           0x800'7235          Code  Wk  startup_stm32h753xx.o [5]
HAL_DMA_Abort            0x800'0899   0x366  Code  Gb  stm32h7xx_hal_dma.o [7]
HAL_DMA_Abort_IT         0x800'0c45   0x268  Code  Gb  stm32h7xx_hal_dma.o [7]
HAL_DMA_DeInit           0x800'063f   0x1bc  Code  Gb  stm32h7xx_hal_dma.o [7]
HAL_DMA_IRQHandler       0x800'0f15   0x73c  Code  Gb  stm32h7xx_hal_dma.o [7]
HAL_DMA_Init             0x800'0299   0x3a6  Code  Gb  stm32h7xx_hal_dma.o [7]
HAL_EXTI_GetHandle       0x800'6749     0xc  Code  Gb  stm32h7xx_hal_exti.o [7]
HAL_EXTI_RegisterCallback
                         0x800'6739    0x10  Code  Gb  stm32h7xx_hal_exti.o [7]
HAL_GPIO_DeInit          0x800'4537   0x138  Code  Gb  stm32h7xx_hal_gpio.o [7]
HAL_GPIO_EXTI_Callback   0x800'42cb     0xe  Code  Gb  main.o [4]
HAL_GPIO_EXTI_IRQHandler
                         0x800'4677    0x12  Code  Gb  stm32h7xx_hal_gpio.o [7]
HAL_GPIO_Init            0x800'434d   0x1ea  Code  Gb  stm32h7xx_hal_gpio.o [7]
HAL_GPIO_WritePin        0x800'466f     0x8  Code  Gb  stm32h7xx_hal_gpio.o [7]
HAL_GetREVID             0x800'556f     0x8  Code  Gb  stm32h7xx_hal.o [7]
HAL_GetTick              0x800'18d1     0xc  Code  Wk  stm32h7xx_hal.o [7]
HAL_IncTick              0x800'5bd1    0x10  Code  Wk  stm32h7xx_hal.o [7]
HAL_Init                 0x800'5525    0x4a  Code  Gb  stm32h7xx_hal.o [7]
HAL_InitTick             0x800'4801    0x7c  Code  Gb  stm32h7xx_hal_timebase_tim.o [4]
HAL_MPU_ConfigRegion     0x800'4797    0x4a  Code  Gb  stm32h7xx_hal_cortex.o [7]
HAL_MPU_Disable          0x800'4769    0x14  Code  Gb  stm32h7xx_hal_cortex.o [7]
HAL_MPU_Enable           0x800'477d    0x1a  Code  Gb  stm32h7xx_hal_cortex.o [7]
HAL_MspInit              0x800'6759    0x28  Code  Gb  stm32h7xx_hal_msp.o [4]
HAL_NVIC_DisableIRQ      0x800'474b    0x1e  Code  Gb  stm32h7xx_hal_cortex.o [7]
HAL_NVIC_EnableIRQ       0x800'4735    0x16  Code  Gb  stm32h7xx_hal_cortex.o [7]
HAL_NVIC_SetPriority     0x800'46f9    0x3a  Code  Gb  stm32h7xx_hal_cortex.o [7]
HAL_NVIC_SetPriorityGrouping
                         0x800'46df    0x1a  Code  Gb  stm32h7xx_hal_cortex.o [7]
HAL_PWREx_ConfigSupply   0x800'5679    0x44  Code  Gb  stm32h7xx_hal_pwr_ex.o [7]
HAL_RCCEx_GetD3PCLK1Freq
                         0x800'3a9d     0xa  Code  Gb  stm32h7xx_hal_rcc_ex.o [7]
HAL_RCCEx_GetPLL2ClockFreq
                         0x800'3abd    0x58  Code  Gb  stm32h7xx_hal_rcc_ex.o [7]
HAL_RCCEx_GetPLL3ClockFreq
                         0x800'3b15    0x58  Code  Gb  stm32h7xx_hal_rcc_ex.o [7]
HAL_RCC_ClockConfig      0x800'3ca5   0x1ac  Code  Gb  stm32h7xx_hal_rcc.o [7]
HAL_RCC_GetClockConfig   0x800'400b    0x4c  Code  Gb  stm32h7xx_hal_rcc.o [7]
HAL_RCC_GetHCLKFreq      0x800'3fab    0x30  Code  Gb  stm32h7xx_hal_rcc.o [7]
HAL_RCC_GetPCLK1Freq     0x800'3fdb    0x10  Code  Gb  stm32h7xx_hal_rcc.o [7]
HAL_RCC_GetPCLK2Freq     0x800'3feb     0xe  Code  Gb  stm32h7xx_hal_rcc.o [7]
HAL_RCC_GetSysClockFreq
                         0x800'3ead    0xf0  Code  Gb  stm32h7xx_hal_rcc.o [7]
HAL_RCC_OscConfig        0x800'56c1   0x510  Code  Wk  stm32h7xx_hal_rcc.o [7]
HAL_TIMEx_Break2Callback
                         0x800'6787     0x2  Code  Wk  stm32h7xx_hal_tim_ex.o [7]
HAL_TIMEx_BreakCallback
                         0x800'6785     0x2  Code  Wk  stm32h7xx_hal_tim_ex.o [7]
HAL_TIMEx_CommutCallback
                         0x800'678b     0x2  Code  Wk  stm32h7xx_hal_tim_ex.o [7]
HAL_TIM_Base_Init        0x800'5be1    0x1a  Code  Gb  stm32h7xx_hal_tim.o [7]
HAL_TIM_Base_MspInit     0x800'55f5    0x2a  Code  Gb  timerForDebug.o [3]
HAL_TIM_Base_Start_IT    0x800'5bfb    0x86  Code  Gb  stm32h7xx_hal_tim.o [7]
HAL_TIM_IC_CaptureCallback
                         0x800'6781     0x2  Code  Wk  stm32h7xx_hal_tim.o [7]
HAL_TIM_IRQHandler       0x800'5ced   0x142  Code  Gb  stm32h7xx_hal_tim.o [7]
HAL_TIM_OC_DelayElapsedCallback
                         0x800'6783     0x2  Code  Wk  stm32h7xx_hal_tim.o [7]
HAL_TIM_PWM_PulseFinishedCallback
                         0x800'678d     0x2  Code  Wk  stm32h7xx_hal_tim.o [7]
HAL_TIM_PeriodElapsedCallback
                         0x800'42d9     0xe  Code  Gb  main.o [4]
HAL_TIM_TriggerCallback
                         0x800'6789     0x2  Code  Wk  stm32h7xx_hal_tim.o [7]
HAL_UARTEx_RxEventCallback
                         0x800'3a93     0x2  Code  Wk  stm32h7xx_hal_uart.o [7]
HAL_UARTEx_RxFifoFullCallback
                         0x800'3a99     0x2  Code  Wk  stm32h7xx_hal_uart_ex.o [7]
HAL_UARTEx_TxFifoEmptyCallback
                         0x800'3a97     0x2  Code  Wk  stm32h7xx_hal_uart_ex.o [7]
HAL_UARTEx_WakeupCallback
                         0x800'3a95     0x2  Code  Wk  stm32h7xx_hal_uart_ex.o [7]
HAL_UART_DeInit          0x800'2cbf    0x48  Code  Gb  stm32h7xx_hal_uart.o [7]
HAL_UART_ErrorCallback   0x800'3a91     0x2  Code  Wk  stm32h7xx_hal_uart.o [7]
HAL_UART_IRQHandler      0x800'2db9   0x32e  Code  Gb  stm32h7xx_hal_uart.o [7]
HAL_UART_Init            0x800'2c3d    0x38  Code  Gb  stm32h7xx_hal_uart.o [7]
HAL_UART_MspDeInit       0x800'39af    0x4a  Code  Gb  uart_dma.o [3]
HAL_UART_MspInit         0x800'3877   0x138  Code  Gb  uart_dma.o [3]
HAL_UART_MspInit::hdma_rx
                        0x2000'49f0    0x78  Data  Lc  uart_dma.o [3]
HAL_UART_MspInit::hdma_tx
                        0x2000'4978    0x78  Data  Lc  uart_dma.o [3]
HAL_UART_Transmit        0x800'2d07    0x9a  Code  Gb  stm32h7xx_hal_uart.o [7]
HAL_UART_TxCpltCallback
                         0x800'39ff     0x2  Code  Gb  uart_dma.o [3]
HASH_RNG_IRQHandler      0x800'7231          Code  Wk  startup_stm32h753xx.o [5]
HRTIM1_FLT_IRQHandler    0x800'72a5          Code  Wk  startup_stm32h753xx.o [5]
HRTIM1_Master_IRQHandler
                         0x800'728d          Code  Wk  startup_stm32h753xx.o [5]
HRTIM1_TIMA_IRQHandler   0x800'7291          Code  Wk  startup_stm32h753xx.o [5]
HRTIM1_TIMB_IRQHandler   0x800'7295          Code  Wk  startup_stm32h753xx.o [5]
HRTIM1_TIMC_IRQHandler   0x800'7299          Code  Wk  startup_stm32h753xx.o [5]
HRTIM1_TIMD_IRQHandler   0x800'729d          Code  Wk  startup_stm32h753xx.o [5]
HRTIM1_TIME_IRQHandler   0x800'72a1          Code  Wk  startup_stm32h753xx.o [5]
HSEM1_IRQHandler         0x800'72e1          Code  Wk  startup_stm32h753xx.o [5]
HardFault_Handler        0x800'7087     0x2  Code  Gb  stm32h7xx_it.o [4]
I2C1_ER_IRQHandler       0x800'7199          Code  Wk  startup_stm32h753xx.o [5]
I2C1_EV_IRQHandler       0x800'7195          Code  Wk  startup_stm32h753xx.o [5]
I2C2_ER_IRQHandler       0x800'71a1          Code  Wk  startup_stm32h753xx.o [5]
I2C2_EV_IRQHandler       0x800'719d          Code  Wk  startup_stm32h753xx.o [5]
I2C3_ER_IRQHandler       0x800'7215          Code  Wk  startup_stm32h753xx.o [5]
I2C3_EV_IRQHandler       0x800'7211          Code  Wk  startup_stm32h753xx.o [5]
I2C4_ER_IRQHandler       0x800'7271          Code  Wk  startup_stm32h753xx.o [5]
I2C4_EV_IRQHandler       0x800'726d          Code  Wk  startup_stm32h753xx.o [5]
JPEG_IRQHandler          0x800'72d5          Code  Wk  startup_stm32h753xx.o [5]
LED_PIN                  0x800'5510     0x8  Data  Lc  stm32h7xx_nucleo.o [1]
LED_PORT                0x2000'002c     0xc  Data  Lc  stm32h7xx_nucleo.o [1]
LPTIM1_IRQHandler        0x800'7265          Code  Wk  startup_stm32h753xx.o [5]
LPTIM2_IRQHandler        0x800'7311          Code  Wk  startup_stm32h753xx.o [5]
LPTIM3_IRQHandler        0x800'7315          Code  Wk  startup_stm32h753xx.o [5]
LPTIM4_IRQHandler        0x800'7319          Code  Wk  startup_stm32h753xx.o [5]
LPTIM5_IRQHandler        0x800'731d          Code  Wk  startup_stm32h753xx.o [5]
LPUART1_IRQHandler       0x800'7321          Code  Wk  startup_stm32h753xx.o [5]
LTDC_ER_IRQHandler       0x800'7255          Code  Wk  startup_stm32h753xx.o [5]
LTDC_IRQHandler          0x800'7251          Code  Wk  startup_stm32h753xx.o [5]
MDIOS_IRQHandler         0x800'72d1          Code  Wk  startup_stm32h753xx.o [5]
MDIOS_WKUP_IRQHandler    0x800'72cd          Code  Wk  startup_stm32h753xx.o [5]
MDMA_IRQHandler          0x800'72d9          Code  Wk  startup_stm32h753xx.o [5]
MX_GPIO_Init             0x800'558d    0x20  Code  Gb  gpio.o [4]
MemManage_Handler        0x800'7089     0x2  Code  Gb  stm32h7xx_it.o [4]
NMI_Handler              0x800'7085     0x2  Code  Gb  stm32h7xx_it.o [4]
OTG_FS_EP1_IN_IRQHandler
                         0x800'727d          Code  Wk  startup_stm32h753xx.o [5]
OTG_FS_EP1_OUT_IRQHandler
                         0x800'7279          Code  Wk  startup_stm32h753xx.o [5]
OTG_FS_IRQHandler        0x800'7285          Code  Wk  startup_stm32h753xx.o [5]
OTG_FS_WKUP_IRQHandler   0x800'7281          Code  Wk  startup_stm32h753xx.o [5]
OTG_HS_EP1_IN_IRQHandler
                         0x800'721d          Code  Wk  startup_stm32h753xx.o [5]
OTG_HS_EP1_OUT_IRQHandler
                         0x800'7219          Code  Wk  startup_stm32h753xx.o [5]
OTG_HS_IRQHandler        0x800'7225          Code  Wk  startup_stm32h753xx.o [5]
OTG_HS_WKUP_IRQHandler   0x800'7221          Code  Wk  startup_stm32h753xx.o [5]
PVD_AVD_IRQHandler       0x800'7121          Code  Wk  startup_stm32h753xx.o [5]
PendSV_Handler           0x800'67bd          Code  Gb  portasm.o [6]
QUADSPI_IRQHandler       0x800'7261          Code  Wk  startup_stm32h753xx.o [5]
RCC_IRQHandler           0x800'7131          Code  Wk  startup_stm32h753xx.o [5]
RTC_Alarm_IRQHandler     0x800'71b9          Code  Wk  startup_stm32h753xx.o [5]
RTC_WKUP_IRQHandler      0x800'7129          Code  Wk  startup_stm32h753xx.o [5]
Region$$Table$$Base      0x800'7044           --   Gb  - Linker created -
Region$$Table$$Limit     0x800'7064           --   Gb  - Linker created -
Reset_Handler            0x800'710d          Code  Wk  startup_stm32h753xx.o [5]
SAI1_IRQHandler          0x800'724d          Code  Wk  startup_stm32h753xx.o [5]
SAI2_IRQHandler          0x800'725d          Code  Wk  startup_stm32h753xx.o [5]
SAI3_IRQHandler          0x800'72b9          Code  Wk  startup_stm32h753xx.o [5]
SAI4_IRQHandler          0x800'732d          Code  Wk  startup_stm32h753xx.o [5]
SDMMC1_IRQHandler        0x800'71d5          Code  Wk  startup_stm32h753xx.o [5]
SDMMC2_IRQHandler        0x800'72dd          Code  Wk  startup_stm32h753xx.o [5]
SPDIF_RX_IRQHandler      0x800'7275          Code  Wk  startup_stm32h753xx.o [5]
SPI1_IRQHandler          0x800'71a5          Code  Wk  startup_stm32h753xx.o [5]
SPI2_IRQHandler          0x800'71a9          Code  Wk  startup_stm32h753xx.o [5]
SPI3_IRQHandler          0x800'71dd          Code  Wk  startup_stm32h753xx.o [5]
SPI4_IRQHandler          0x800'7241          Code  Wk  startup_stm32h753xx.o [5]
SPI5_IRQHandler          0x800'7245          Code  Wk  startup_stm32h753xx.o [5]
SPI6_IRQHandler          0x800'7249          Code  Wk  startup_stm32h753xx.o [5]
SVC_Handler              0x800'6815          Code  Gb  portasm.o [6]
SWPMI1_IRQHandler        0x800'72bd          Code  Wk  startup_stm32h753xx.o [5]
SysTick_Handler          0x800'7065    0x1a  Code  Gb  cmsis_os2.o [6]
SystemClock_Config       0x800'421b    0xb0  Code  Gb  main.o [4]
SystemCoreClock         0x2000'0038     0x4  Data  Gb  system_stm32h7xx.o [2]
SystemD2Clock           0x2000'003c     0x4  Data  Gb  system_stm32h7xx.o [2]
SystemInit               0x800'6e0d    0x9a  Code  Gb  system_stm32h7xx.o [2]
TAMP_STAMP_IRQHandler    0x800'7125          Code  Wk  startup_stm32h753xx.o [5]
TIM15_IRQHandler         0x800'72c1          Code  Wk  startup_stm32h753xx.o [5]
TIM16_IRQHandler         0x800'72c5          Code  Wk  startup_stm32h753xx.o [5]
TIM17_IRQHandler         0x800'72c9          Code  Wk  startup_stm32h753xx.o [5]
TIM1_BRK_IRQHandler      0x800'717d          Code  Wk  startup_stm32h753xx.o [5]
TIM1_CC_IRQHandler       0x800'7189          Code  Wk  startup_stm32h753xx.o [5]
TIM1_TRG_COM_IRQHandler
                         0x800'7185          Code  Wk  startup_stm32h753xx.o [5]
TIM1_UP_IRQHandler       0x800'7181          Code  Wk  startup_stm32h753xx.o [5]
TIM2_IRQHandler          0x800'718d          Code  Wk  startup_stm32h753xx.o [5]
TIM3_IRQHandler          0x800'561f     0xc  Code  Gb  timerForDebug.o [3]
TIM4_IRQHandler          0x800'7191          Code  Wk  startup_stm32h753xx.o [5]
TIM5_IRQHandler          0x800'71d9          Code  Wk  startup_stm32h753xx.o [5]
TIM6_DAC_IRQHandler      0x800'7091     0x6  Code  Gb  stm32h7xx_it.o [4]
TIM7_IRQHandler          0x800'71e9          Code  Wk  startup_stm32h753xx.o [5]
TIM8_BRK_TIM12_IRQHandler
                         0x800'71bd          Code  Wk  startup_stm32h753xx.o [5]
TIM8_CC_IRQHandler       0x800'71c9          Code  Wk  startup_stm32h753xx.o [5]
TIM8_TRG_COM_TIM14_IRQHandler
                         0x800'71c5          Code  Wk  startup_stm32h753xx.o [5]
TIM8_UP_TIM13_IRQHandler
                         0x800'71c1          Code  Wk  startup_stm32h753xx.o [5]
TIM_Base_SetConfig       0x800'5e35    0xc8  Code  Gb  stm32h7xx_hal_tim.o [7]
TimHandle               0x2000'4b9c    0x4c  Data  Gb  timerForDebug.o [3]
UART4_IRQHandler         0x800'71e1          Code  Wk  startup_stm32h753xx.o [5]
UART5_IRQHandler         0x800'71e5          Code  Wk  startup_stm32h753xx.o [5]
UART7_IRQHandler         0x800'7239          Code  Wk  startup_stm32h753xx.o [5]
UART8_IRQHandler         0x800'723d          Code  Wk  startup_stm32h753xx.o [5]
UARTPrescTable           0x800'3520    0x18  Data  Gb  stm32h7xx_hal_uart.o [7]
UART_AdvFeatureConfig    0x800'3551    0xc8  Code  Gb  stm32h7xx_hal_uart.o [7]
UART_CheckIdleState      0x800'3619    0x94  Code  Gb  stm32h7xx_hal_uart.o [7]
UART_DMAAbortOnError     0x800'3803    0x12  Code  Lc  stm32h7xx_hal_uart.o [7]
UART_EndRxTransfer       0x800'375f    0x22  Code  Lc  stm32h7xx_hal_uart.o [7]
UART_SetConfig           0x800'3139   0x3a4  Code  Gb  stm32h7xx_hal_uart.o [7]
UART_WaitOnFlagUntilTimeout
                         0x800'36c7    0x8e  Code  Gb  stm32h7xx_hal_uart.o [7]
USART1_IRQHandler        0x800'71ad          Code  Wk  startup_stm32h753xx.o [5]
USART2_IRQHandler        0x800'71b1          Code  Wk  startup_stm32h753xx.o [5]
USART3_IRQHandler        0x800'71b5          Code  Wk  startup_stm32h753xx.o [5]
USART6_IRQHandler        0x800'39f9     0x6  Code  Gb  uart_dma.o [3]
UartHandle              0x2000'4b08    0x94  Data  Gb  uart_dma.o [3]
UartReady               0x2000'0040     0x1  Data  Gb  uart_dma.o [3]
UsageFault_Handler       0x800'708d     0x2  Code  Gb  stm32h7xx_it.o [4]
UserButtonStatus        0x2000'4cd8     0x4  Data  Gb  main.o [4]
WAKEUP_PIN_IRQHandler    0x800'7331          Code  Wk  startup_stm32h753xx.o [5]
WWDG_IRQHandler          0x800'711d          Code  Wk  startup_stm32h753xx.o [5]
_LC                      0x800'18dd     0x6  Code  Lc  xprintffull_nomb.o [8]
_LitobFullNoMb           0x800'25c5   0x114  Code  Lc  xprintffull_nomb.o [8]
_Locale_lconv           0x2000'008c    0x38  Data  Lc  xlocale_c.o [8]
_PrintfFullNoMb          0x800'18e3   0xcb2  Code  Gb  xprintffull_nomb.o [8]
_Prout                   0x800'70f5    0x16  Code  Gb  xprout.o [8]
_PutcharsFullNoMb        0x800'2731    0x2e  Code  Lc  xprintffull_nomb.o [8]
_SProut                  0x800'27f7     0xa  Code  Gb  xsprout.o [8]
__NVIC_SetPriority       0x800'46c5    0x1a  Code  Lc  stm32h7xx_hal_cortex.o [7]
__aeabi_cdcmple          0x800'2935          Code  Gb  DblCmpLe.o [9]
__aeabi_cdrcmple         0x800'2969          Code  Gb  DblCmpGe.o [9]
__aeabi_d2iz             0x800'2aa1     0xe  Code  Gb  DblToS32.o [9]
__aeabi_d2uiz            0x800'2ae1     0xe  Code  Gb  DblToU32.o [9]
__aeabi_ddiv             0x800'2acf    0x12  Code  Gb  DblDiv.o [9]
__aeabi_dmul             0x800'2afd    0x12  Code  Gb  DblMul.o [9]
__aeabi_dsub             0x800'2abd    0x12  Code  Gb  DblSub.o [9]
__aeabi_i2d              0x800'2aaf     0xe  Code  Gb  S32ToDbl.o [9]
__aeabi_ldiv0            0x800'2c25          Code  Gb  I64DivZer.o [10]
__aeabi_memclr4          0x800'5671          Code  Gb  ABImemclr4.o [10]
__aeabi_memset4          0x800'60cd          Code  Gb  ABImemset48.o [10]
__aeabi_memset8          0x800'60cd          Code  Gb  ABImemset48.o [10]
__aeabi_ui2d             0x800'2aef     0xe  Code  Gb  U32ToDbl.o [9]
__cmain                  0x800'70a5          Code  Gb  cmain.o [10]
__exit                   0x800'2c29    0x14  Code  Gb  exit.o [11]
__iar_Fail_s             0x800'2801    0x1c  Code  Gb  xfail_s.o [8]
__iar_Memchr             0x800'2855          Code  Gb  memchr.o [10]
__iar_Memset4_word       0x800'60d5          Code  Gb  ABImemset48.o [10]
__iar_Memset8_word       0x800'60d5          Code  Gb  ABImemset48.o [10]
__iar_Stdout            0x2000'00c4    0x48  Data  Gb  xfiles.o [8]
__iar_Strchr             0x800'27e1          Code  Gb  strchr.o [10]
__iar_data_init3         0x800'6ff9    0x28  Code  Gb  data_init.o [10]
__iar_frexp              0x800'28d1          Code  Gb  frexp.o [9]
__iar_frexpl             0x800'28d1          Code  Gb  frexp.o [9]
__iar_init_vfp           0x800'7021          Code  Gb  fpinit_M.o [9]
__iar_ldexp64            0x800'29b1          Code  Gb  ldexp.o [9]
__iar_packbits_init_single3
                         0x800'27a7    0x3a  Code  Gb  packbits_init_single.o [10]
__iar_program_start      0x800'70d9          Code  Gb  cstartup_M.o [10]
__iar_scalbln64          0x800'29b1          Code  Gb  ldexp.o [9]
__iar_scalbn64           0x800'29b1          Code  Gb  ldexp.o [9]
__iar_small_Memcpy       0x800'28b1          Code  Gb  ABImemcpy_small.o [10]
__iar_small_memcpy       0x800'28ad          Code  Gb  ABImemcpy_small.o [10]
__iar_small_memcpy4      0x800'28ad          Code  Gb  ABImemcpy_small.o [10]
__iar_small_memcpy8      0x800'28ad          Code  Gb  ABImemcpy_small.o [10]
__iar_small_strlen       0x800'2841          Code  Gb  strlen_small.o [10]
__iar_small_uldivmod     0x800'2b19          Code  Gb  I64DivMod_small.o [10]
__iar_softfp___iar_frexp64
                         0x800'28c5          Code  Gb  frexp.o [9]
__iar_softfp___iar_ldexp64
                         0x800'299d          Code  Gb  ldexp.o [9]
__iar_softfp___iar_scalbln64
                         0x800'299d          Code  Gb  ldexp.o [9]
__iar_softfp___iar_scalbn64
                         0x800'299d          Code  Gb  ldexp.o [9]
__iar_softfp_frexp       0x800'28c5          Code  Gb  frexp.o [9]
__iar_softfp_frexpl      0x800'28c5          Code  Gb  frexp.o [9]
__iar_softfp_ldexp       0x800'299d          Code  Gb  ldexp.o [9]
__iar_softfp_ldexpl      0x800'299d          Code  Gb  ldexp.o [9]
__iar_softfp_scalbln     0x800'299d          Code  Gb  ldexp.o [9]
__iar_softfp_scalblnl    0x800'299d          Code  Gb  ldexp.o [9]
__iar_softfp_scalbn      0x800'299d          Code  Gb  ldexp.o [9]
__iar_softfp_scalbnl     0x800'299d          Code  Gb  ldexp.o [9]
__iar_zero_init3         0x800'6fc1    0x38  Code  Gb  zero_init3.o [10]
__low_level_init         0x800'70c3     0x4  Code  Gb  low_level_init.o [8]
__vector_table           0x800'0000          Data  Gb  startup_stm32h753xx.o [5]
__write                  0x800'3a21    0x34  Code  Gb  uart_dma.o [3]
_call_main               0x800'70b1          Code  Gb  cmain.o [10]
_exit                    0x800'70cd          Code  Gb  cexit.o [10]
aRxBuffer               0x2000'0068    0x24  Data  Gb  uart_dma.o [3]
aTxBuffer               0x2000'0044    0x24  Data  Gb  uart_dma.o [3]
abort                    0x800'2c1f     0x6  Code  Gb  abort.o [8]
configureTimerForRunTimeStats
                         0x800'66cd     0x8  Code  Gb  freertos.o [4]
eTaskGetState            0x800'4af1    0x62  Code  Gb  tasks.o [6]
exit                     0x800'70c7     0x4  Code  Gb  exit.o [8]
getRunTimeCounterValue   0x800'66d5     0x6  Code  Gb  freertos.o [4]
hpb_exti                0x2000'0024     0x8  Data  Gb  stm32h7xx_nucleo.o [1]
htim6                   0x2000'4c3c    0x4c  Data  Gb  stm32h7xx_hal_timebase_tim.o [4]
iar9x_putc               0x800'3a55    0x14  Code  Gb  uart_dma.o [3]
ldexp                    0x800'29b1          Code  Gb  ldexp.o [9]
ldexpl                   0x800'29b1          Code  Gb  ldexp.o [9]
localeconv               0x800'2b11     0x4  Code  Gb  xlocale_c.o [8]
main                     0x800'413d    0xd2  Code  Gb  main.o [4]
memchr                   0x800'2855          Code  Gb  memchr.o [10]
obuf                    0x2000'4bec    0x50  Data  Lc  xfiles.o [8]
printf                   0x800'4891    0x28  Code  Gb  printf.o [8]
prvAddCurrentTaskToDelayedList
                         0x800'5313    0x4e  Code  Lc  tasks.o [6]
prvAddNewTaskToReadyList
                         0x800'4a09    0xb0  Code  Lc  tasks.o [6]
prvCheckForValidListAndQueue
                         0x800'6665    0x4e  Code  Lc  timers.o [6]
prvCheckForValidListAndQueue{1}{2}{3}{4}::ucStaticTimerQueueStorage
                        0x2000'48d8    0xa0  Data  Lc  timers.o [6]
prvCheckForValidListAndQueue{1}{2}{3}{4}::xStaticTimerQueue
                        0x2000'4888    0x50  Data  Lc  timers.o [6]
prvCopyDataFromQueue     0x800'6cf9    0x26  Code  Lc  queue.o [6]
prvCopyDataToQueue       0x800'6c91    0x68  Code  Lc  queue.o [6]
prvDeleteTCB             0x800'50cb    0x2a  Code  Lc  tasks.o [6]
prvIdleTask              0x800'4f99    0x48  Code  Lc  tasks.o [6]
prvInitialiseNewQueue    0x800'6959    0x20  Code  Lc  queue.o [6]
prvInitialiseNewTask     0x800'4977    0x92  Code  Lc  tasks.o [6]
prvInsertBlockIntoFreeList
                         0x800'6083    0x46  Code  Lc  heap_4.o [6]
prvInsertTimerInActiveList
                         0x800'662f    0x34  Code  Lc  timers.o [6]
prvIsQueueEmpty          0x800'6d87    0x16  Code  Lc  queue.o [6]
prvListTasksWithinSingleList
                         0x800'505b    0x5a  Code  Lc  tasks.o [6]
prvResetNextTaskUnblockTime
                         0x800'50f5    0x1c  Code  Lc  tasks.o [6]
prvSampleTimeNow         0x800'65b5    0x7a  Code  Lc  timers.o [6]
prvSampleTimeNow::xLastTime
                        0x2000'485c     0x4  Data  Lc  timers.o [6]
prvTaskCheckFreeStackSpace
                         0x800'50b5    0x16  Code  Lc  tasks.o [6]
prvTaskExitError         0x800'61c5    0x1c  Code  Lc  port.o [6]
prvTimerTask             0x800'642d   0x188  Code  Lc  timers.o [6]
prvUnlockQueue           0x800'6d1f    0x68  Code  Lc  queue.o [6]
prvWriteNameToBuffer     0x800'5191    0x22  Code  Lc  tasks.o [6]
putchar                  0x800'6f7d    0x44  Code  Gb  putchar.o [8]
pvPortMalloc             0x800'5f1d   0x104  Code  Gb  heap_4.o [6]
pxCurrentTCB            0x2000'4a90     0x4  Data  Gb  tasks.o [6]
pxCurrentTimerList      0x2000'484c     0x4  Data  Lc  timers.o [6]
pxDelayedTaskList       0x2000'4a94     0x4  Data  Lc  tasks.o [6]
pxEnd                   0x2000'0114     0x4  Data  Lc  heap_4.o [6]
pxOverflowDelayedTaskList
                        0x2000'4a98     0x4  Data  Lc  tasks.o [6]
pxOverflowTimerList     0x2000'4850     0x4  Data  Lc  timers.o [6]
pxPortInitialiseStack    0x800'619d    0x26  Code  Gb  port.o [6]
pxReadyTasksLists       0x2000'418c   0x460  Data  Lc  tasks.o [6]
scalbln                  0x800'29b1          Code  Gb  ldexp.o [9]
scalblnl                 0x800'29b1          Code  Gb  ldexp.o [9]
scalbn                   0x800'29b1          Code  Gb  ldexp.o [9]
scalbnl                  0x800'29b1          Code  Gb  ldexp.o [9]
scale                    0x800'26d9    0x46  Code  Lc  xprintffull_nomb.o [8]
sec_hand                0x2000'4cdc     0x4  Data  Lc  xfail_s.o [8]
sprintf                  0x800'66f9    0x40  Code  Gb  sprintf.o [8]
strchr                   0x800'27e1          Code  Gb  strchr.o [10]
strcpy                   0x800'66e1          Code  Gb  strcpy.o [10]
timer4DebugInit          0x800'55ad    0x48  Code  Gb  timerForDebug.o [3]
uartDmaInit              0x800'382d    0x4a  Code  Gb  uart_dma.o [3]
ucHeap                  0x2000'012c  0x3c00  Data  Lc  heap_4.o [6]
ucMaxSysCallPriority    0x2000'0000     0x1  Data  Lc  port.o [6]
ulHighFrequencyTimerTicks
                        0x2000'4be8     0x4  Data  Gb  timerForDebug.o [3]
ulMaxPRIGROUPValue      0x2000'0008     0x4  Data  Lc  port.o [6]
ulTaskSwitchedInTime    0x2000'4adc     0x4  Data  Lc  tasks.o [6]
uwTick                  0x2000'0010     0x4  Data  Gb  stm32h7xx_hal.o [7]
uwTickFreq              0x2000'000c     0x1  Data  Gb  stm32h7xx_hal.o [7]
uwTickPrio              0x2000'0014     0x4  Data  Gb  stm32h7xx_hal.o [7]
uxCriticalNesting       0x2000'0004     0x4  Data  Lc  port.o [6]
uxCurrentNumberOfTasks  0x2000'4ab4     0x4  Data  Lc  tasks.o [6]
uxDeletedTasksWaitingCleanUp
                        0x2000'4a9c     0x4  Data  Lc  tasks.o [6]
uxListRemove             0x800'6173    0x28  Code  Gb  list.o [6]
uxSchedulerSuspended    0x2000'4ad8     0x4  Data  Lc  tasks.o [6]
uxTaskGetSystemState     0x800'4c9d    0x9c  Code  Gb  tasks.o [6]
uxTaskNumber            0x2000'4ad0     0x4  Data  Lc  tasks.o [6]
uxTopReadyPriority      0x2000'4abc     0x4  Data  Lc  tasks.o [6]
vApplicationGetIdleTaskMemory
                         0x800'6365    0x14  Code  Wk  cmsis_os2.o [6]
vApplicationGetIdleTaskMemory::Idle_Stack
                        0x2000'464c   0x200  Data  Lc  cmsis_os2.o [6]
vApplicationGetIdleTaskMemory::Idle_TCB
                        0x2000'45ec    0x60  Data  Lc  cmsis_os2.o [6]
vApplicationGetTimerTaskMemory
                         0x800'686d    0x18  Code  Wk  cmsis_os2.o [6]
vApplicationGetTimerTaskMemory::Timer_Stack
                        0x2000'3d8c   0x400  Data  Lc  cmsis_os2.o [6]
vApplicationGetTimerTaskMemory::Timer_TCB
                        0x2000'3d2c    0x60  Data  Lc  cmsis_os2.o [6]
vListInitialise          0x800'6107    0x1a  Code  Gb  list.o [6]
vListInitialiseItem      0x800'6121     0x6  Code  Gb  list.o [6]
vListInsert              0x800'6141    0x32  Code  Gb  list.o [6]
vListInsertEnd           0x800'6127    0x1a  Code  Gb  list.o [6]
vPortEnableVFP           0x800'6851          Code  Gb  portasm.o [6]
vPortEnterCritical       0x800'6281    0x32  Code  Gb  port.o [6]
vPortExitCritical        0x800'62b3    0x22  Code  Gb  port.o [6]
vPortFree                0x800'602f    0x54  Code  Gb  heap_4.o [6]
vPortSetupTimerInterrupt
                         0x800'6791    0x2c  Code  Wk  port.o [6]
vPortStartFirstTask      0x800'6831          Code  Gb  portasm.o [6]
vPortValidateInterruptPriority
                         0x800'62fd    0x34  Code  Gb  port.o [6]
vQueueAddToRegistry      0x800'6d9d    0x20  Code  Gb  queue.o [6]
vQueueWaitForMessageRestricted
                         0x800'6dc5    0x48  Code  Gb  queue.o [6]
vTaskDelay               0x800'4ac3    0x2e  Code  Gb  tasks.o [6]
vTaskGetInfo             0x800'4ff1    0x6a  Code  Gb  tasks.o [6]
vTaskGetRunTimeStats     0x800'5255    0x90  Code  Gb  tasks.o [6]
vTaskInternalSetTimeOutState
                         0x800'4f23     0xe  Code  Gb  tasks.o [6]
vTaskLED                 0x800'40e7    0x18  Code  Lc  main.o [4]
vTaskList                0x800'51b5    0xa0  Code  Gb  tasks.o [6]
vTaskMissedYield         0x800'4f8f     0xa  Code  Gb  tasks.o [6]
vTaskMsgPro              0x800'40ff    0x1c  Code  Lc  main.o [4]
vTaskPlaceOnEventList    0x800'4e67    0x20  Code  Gb  tasks.o [6]
vTaskPlaceOnEventListRestricted
                         0x800'4e87    0x20  Code  Gb  tasks.o [6]
vTaskStart               0x800'4123    0x18  Code  Lc  main.o [4]
vTaskStartScheduler      0x800'4b75    0x70  Code  Gb  tasks.o [6]
vTaskSuspendAll          0x800'4bed     0xc  Code  Gb  tasks.o [6]
vTaskSwitchContext       0x800'4e01    0x66  Code  Gb  tasks.o [6]
vTaskTaskUserIF          0x800'4099    0x4e  Code  Lc  main.o [4]
xActiveTimerList1       0x2000'4860    0x14  Data  Lc  timers.o [6]
xActiveTimerList2       0x2000'4874    0x14  Data  Lc  timers.o [6]
xBlockAllocatedBit      0x2000'0128     0x4  Data  Lc  heap_4.o [6]
xDelayedTaskList1       0x2000'4ae0    0x14  Data  Lc  tasks.o [6]
xDelayedTaskList2       0x2000'4af4    0x14  Data  Lc  tasks.o [6]
xFreeBytesRemaining     0x2000'0118     0x4  Data  Lc  heap_4.o [6]
xHandleTaskLED          0x2000'4ccc     0x4  Data  Lc  main.o [4]
xHandleTaskMsgPro       0x2000'4cd0     0x4  Data  Lc  main.o [4]
xHandleTaskStart        0x2000'4cd4     0x4  Data  Lc  main.o [4]
xHandleTaskUserIF       0x2000'4cc8     0x4  Data  Lc  main.o [4]
xMinimumEverFreeBytesRemaining
                        0x2000'011c     0x4  Data  Lc  heap_4.o [6]
xNextTaskUnblockTime    0x2000'4ad4     0x4  Data  Lc  tasks.o [6]
xNumOfOverflows         0x2000'4acc     0x4  Data  Lc  tasks.o [6]
xNumberOfSuccessfulAllocations
                        0x2000'0120     0x4  Data  Lc  heap_4.o [6]
xNumberOfSuccessfulFrees
                        0x2000'0124     0x4  Data  Lc  heap_4.o [6]
xPendedTicks            0x2000'4ac4     0x4  Data  Lc  tasks.o [6]
xPendingReadyList       0x2000'4a68    0x14  Data  Lc  tasks.o [6]
xPortStartScheduler      0x800'61e1    0xa0  Code  Gb  port.o [6]
xPortSysTickHandler      0x800'62d5    0x26  Code  Gb  port.o [6]
xQueueGenericCreateStatic
                         0x800'68f7    0x62  Code  Gb  queue.o [6]
xQueueGenericReset       0x800'6885    0x72  Code  Gb  queue.o [6]
xQueueGenericSend        0x800'6989   0x120  Code  Gb  queue.o [6]
xQueueGenericSendFromISR
                         0x800'6ab1    0x8c  Code  Gb  queue.o [6]
xQueueReceive            0x800'6b51    0xfe  Code  Gb  queue.o [6]
xQueueRegistry          0x2000'4c88    0x40  Data  Gb  queue.o [6]
xSchedulerRunning       0x2000'4ac0     0x4  Data  Lc  tasks.o [6]
xStart                  0x2000'010c     0x8  Data  Lc  heap_4.o [6]
xSuspendedTaskList      0x2000'4aa0    0x14  Data  Lc  tasks.o [6]
xTaskCheckForTimeOut     0x800'4f31    0x5e  Code  Gb  tasks.o [6]
xTaskCreate              0x800'491b    0x5c  Code  Gb  tasks.o [6]
xTaskCreateStatic        0x800'48b9    0x62  Code  Gb  tasks.o [6]
xTaskGetSchedulerState   0x800'5111    0x18  Code  Gb  tasks.o [6]
xTaskGetTickCount        0x800'4c95     0x8  Code  Gb  tasks.o [6]
xTaskIncrementTick       0x800'4d39    0xc0  Code  Gb  tasks.o [6]
xTaskPriorityDisinherit
                         0x800'5133    0x5a  Code  Gb  tasks.o [6]
xTaskRemoveFromEventList
                         0x800'4ebb    0x50  Code  Gb  tasks.o [6]
xTaskResumeAll           0x800'4bf9    0x9c  Code  Gb  tasks.o [6]
xTasksWaitingTermination
                        0x2000'4a7c    0x14  Data  Lc  tasks.o [6]
xTickCount              0x2000'4ab8     0x4  Data  Lc  tasks.o [6]
xTimerCreateTimerTask    0x800'6379    0x54  Code  Gb  timers.o [6]
xTimerGenericCommand     0x800'63dd    0x4e  Code  Gb  timers.o [6]
xTimerQueue             0x2000'4854     0x4  Data  Lc  timers.o [6]
xTimerTaskHandle        0x2000'4858     0x4  Data  Lc  timers.o [6]
xYieldPending           0x2000'4ac8     0x4  Data  Lc  tasks.o [6]


[1] = D:\MyProject\FreeRTOS_Project\h753FreertosTemplate\EWARM\h753FreertosTemplate\Obj\BSP_16987466797925798938.dir
[2] = D:\MyProject\FreeRTOS_Project\h753FreertosTemplate\EWARM\h753FreertosTemplate\Obj\CMSIS_6603591812247902717.dir
[3] = D:\MyProject\FreeRTOS_Project\h753FreertosTemplate\EWARM\h753FreertosTemplate\Obj\Common_Drv_14642545183444923962.dir
[4] = D:\MyProject\FreeRTOS_Project\h753FreertosTemplate\EWARM\h753FreertosTemplate\Obj\Core_13247989168731456611.dir
[5] = D:\MyProject\FreeRTOS_Project\h753FreertosTemplate\EWARM\h753FreertosTemplate\Obj\EWARM_18443280873093131863.dir
[6] = D:\MyProject\FreeRTOS_Project\h753FreertosTemplate\EWARM\h753FreertosTemplate\Obj\FreeRTOS_4809373609813369194.dir
[7] = D:\MyProject\FreeRTOS_Project\h753FreertosTemplate\EWARM\h753FreertosTemplate\Obj\STM32H7xx_HAL_Driver_12323373487323971647.dir
[8] = dl7M_tlf.a
[9] = m7M_tlv.a
[10] = rt7M_tl.a
[11] = shb_l.a

  29'299 bytes of readonly  code memory
     362 bytes of readonly  data memory
  20'704 bytes of readwrite data memory

Errors: none
Warnings: none
