###############################################################################
#
# IAR ELF Linker V9.40.1.364/W64 for ARM                  16/Oct/2024  15:44:44
# Copyright 2007-2023 IAR Systems AB.
#
#    Output file  =
#        D:\MyProject\FreeRTOS_Project\h753FreertosTemplate4\EWARM\h753FreertosTemplate\Exe\h753FreertosTemplate.out
#    Map file     =
#        D:\MyProject\FreeRTOS_Project\h753FreertosTemplate4\EWARM\h753FreertosTemplate\List\h753FreertosTemplate.map
#    Command line =
#        -f
#        D:\MyProject\FreeRTOS_Project\h753FreertosTemplate4\EWARM\h753FreertosTemplate\Exe\h753FreertosTemplate.out.rsp
#        (D:\MyProject\FreeRTOS_Project\h753FreertosTemplate4\EWARM\h753FreertosTemplate\Obj\App_13504199638787770977.dir\bootLoader.o
#        D:\MyProject\FreeRTOS_Project\h753FreertosTemplate4\EWARM\h753FreertosTemplate\Obj\FreeRTOS_4809373609813369194.dir\cmsis_os2.o
#        D:\MyProject\FreeRTOS_Project\h753FreertosTemplate4\EWARM\h753FreertosTemplate\Obj\Common_Drv_14642545183444923962.dir\cpu_flash.o
#        D:\MyProject\FreeRTOS_Project\h753FreertosTemplate4\EWARM\h753FreertosTemplate\Obj\FreeRTOS_4809373609813369194.dir\croutine.o
#        D:\MyProject\FreeRTOS_Project\h753FreertosTemplate4\EWARM\h753FreertosTemplate\Obj\Common_Drv_14642545183444923962.dir\delay.o
#        D:\MyProject\FreeRTOS_Project\h753FreertosTemplate4\EWARM\h753FreertosTemplate\Obj\Core_13247989168731456611.dir\dma.o
#        D:\MyProject\FreeRTOS_Project\h753FreertosTemplate4\EWARM\h753FreertosTemplate\Obj\FreeRTOS_4809373609813369194.dir\event_groups.o
#        D:\MyProject\FreeRTOS_Project\h753FreertosTemplate4\EWARM\h753FreertosTemplate\Obj\Core_13247989168731456611.dir\freertos.o
#        D:\MyProject\FreeRTOS_Project\h753FreertosTemplate4\EWARM\h753FreertosTemplate\Obj\Core_13247989168731456611.dir\gpio.o
#        D:\MyProject\FreeRTOS_Project\h753FreertosTemplate4\EWARM\h753FreertosTemplate\Obj\FreeRTOS_4809373609813369194.dir\heap_4.o
#        D:\MyProject\FreeRTOS_Project\h753FreertosTemplate4\EWARM\h753FreertosTemplate\Obj\Common_Drv_14642545183444923962.dir\iwdg.o
#        D:\MyProject\FreeRTOS_Project\h753FreertosTemplate4\EWARM\h753FreertosTemplate\Obj\FreeRTOS_4809373609813369194.dir\list.o
#        D:\MyProject\FreeRTOS_Project\h753FreertosTemplate4\EWARM\h753FreertosTemplate\Obj\Core_13247989168731456611.dir\main.o
#        D:\MyProject\FreeRTOS_Project\h753FreertosTemplate4\EWARM\h753FreertosTemplate\Obj\Core_13247989168731456611.dir\memorymap.o
#        D:\MyProject\FreeRTOS_Project\h753FreertosTemplate4\EWARM\h753FreertosTemplate\Obj\FreeRTOS_4809373609813369194.dir\port.o
#        D:\MyProject\FreeRTOS_Project\h753FreertosTemplate4\EWARM\h753FreertosTemplate\Obj\FreeRTOS_4809373609813369194.dir\portasm.o
#        D:\MyProject\FreeRTOS_Project\h753FreertosTemplate4\EWARM\h753FreertosTemplate\Obj\FreeRTOS_4809373609813369194.dir\queue.o
#        D:\MyProject\FreeRTOS_Project\h753FreertosTemplate4\EWARM\h753FreertosTemplate\Obj\Common_Drv_14642545183444923962.dir\rtc_timeStamp.o
#        D:\MyProject\FreeRTOS_Project\h753FreertosTemplate4\EWARM\h753FreertosTemplate\Obj\EWARM_18443280873093131863.dir\startup_stm32h753xx.o
#        D:\MyProject\FreeRTOS_Project\h753FreertosTemplate4\EWARM\h753FreertosTemplate\Obj\STM32H7xx_HAL_Driver_12323373487323971647.dir\stm32h7xx_hal.o
#        D:\MyProject\FreeRTOS_Project\h753FreertosTemplate4\EWARM\h753FreertosTemplate\Obj\STM32H7xx_HAL_Driver_12323373487323971647.dir\stm32h7xx_hal_adc.o
#        D:\MyProject\FreeRTOS_Project\h753FreertosTemplate4\EWARM\h753FreertosTemplate\Obj\STM32H7xx_HAL_Driver_12323373487323971647.dir\stm32h7xx_hal_adc_ex.o
#        D:\MyProject\FreeRTOS_Project\h753FreertosTemplate4\EWARM\h753FreertosTemplate\Obj\STM32H7xx_HAL_Driver_12323373487323971647.dir\stm32h7xx_hal_cec.o
#        D:\MyProject\FreeRTOS_Project\h753FreertosTemplate4\EWARM\h753FreertosTemplate\Obj\STM32H7xx_HAL_Driver_12323373487323971647.dir\stm32h7xx_hal_comp.o
#        D:\MyProject\FreeRTOS_Project\h753FreertosTemplate4\EWARM\h753FreertosTemplate\Obj\STM32H7xx_HAL_Driver_12323373487323971647.dir\stm32h7xx_hal_cordic.o
#        D:\MyProject\FreeRTOS_Project\h753FreertosTemplate4\EWARM\h753FreertosTemplate\Obj\STM32H7xx_HAL_Driver_12323373487323971647.dir\stm32h7xx_hal_cortex.o
#        D:\MyProject\FreeRTOS_Project\h753FreertosTemplate4\EWARM\h753FreertosTemplate\Obj\STM32H7xx_HAL_Driver_12323373487323971647.dir\stm32h7xx_hal_crc.o
#        D:\MyProject\FreeRTOS_Project\h753FreertosTemplate4\EWARM\h753FreertosTemplate\Obj\STM32H7xx_HAL_Driver_12323373487323971647.dir\stm32h7xx_hal_crc_ex.o
#        D:\MyProject\FreeRTOS_Project\h753FreertosTemplate4\EWARM\h753FreertosTemplate\Obj\STM32H7xx_HAL_Driver_12323373487323971647.dir\stm32h7xx_hal_cryp.o
#        D:\MyProject\FreeRTOS_Project\h753FreertosTemplate4\EWARM\h753FreertosTemplate\Obj\STM32H7xx_HAL_Driver_12323373487323971647.dir\stm32h7xx_hal_cryp_ex.o
#        D:\MyProject\FreeRTOS_Project\h753FreertosTemplate4\EWARM\h753FreertosTemplate\Obj\STM32H7xx_HAL_Driver_12323373487323971647.dir\stm32h7xx_hal_dac.o
#        D:\MyProject\FreeRTOS_Project\h753FreertosTemplate4\EWARM\h753FreertosTemplate\Obj\STM32H7xx_HAL_Driver_12323373487323971647.dir\stm32h7xx_hal_dac_ex.o
#        D:\MyProject\FreeRTOS_Project\h753FreertosTemplate4\EWARM\h753FreertosTemplate\Obj\STM32H7xx_HAL_Driver_12323373487323971647.dir\stm32h7xx_hal_dcmi.o
#        D:\MyProject\FreeRTOS_Project\h753FreertosTemplate4\EWARM\h753FreertosTemplate\Obj\STM32H7xx_HAL_Driver_12323373487323971647.dir\stm32h7xx_hal_dfsdm.o
#        D:\MyProject\FreeRTOS_Project\h753FreertosTemplate4\EWARM\h753FreertosTemplate\Obj\STM32H7xx_HAL_Driver_12323373487323971647.dir\stm32h7xx_hal_dfsdm_ex.o
#        D:\MyProject\FreeRTOS_Project\h753FreertosTemplate4\EWARM\h753FreertosTemplate\Obj\STM32H7xx_HAL_Driver_12323373487323971647.dir\stm32h7xx_hal_dma.o
#        D:\MyProject\FreeRTOS_Project\h753FreertosTemplate4\EWARM\h753FreertosTemplate\Obj\STM32H7xx_HAL_Driver_12323373487323971647.dir\stm32h7xx_hal_dma2d.o
#        D:\MyProject\FreeRTOS_Project\h753FreertosTemplate4\EWARM\h753FreertosTemplate\Obj\STM32H7xx_HAL_Driver_12323373487323971647.dir\stm32h7xx_hal_dma_ex.o
#        D:\MyProject\FreeRTOS_Project\h753FreertosTemplate4\EWARM\h753FreertosTemplate\Obj\STM32H7xx_HAL_Driver_12323373487323971647.dir\stm32h7xx_hal_dsi.o
#        D:\MyProject\FreeRTOS_Project\h753FreertosTemplate4\EWARM\h753FreertosTemplate\Obj\STM32H7xx_HAL_Driver_12323373487323971647.dir\stm32h7xx_hal_dts.o
#        D:\MyProject\FreeRTOS_Project\h753FreertosTemplate4\EWARM\h753FreertosTemplate\Obj\STM32H7xx_HAL_Driver_12323373487323971647.dir\stm32h7xx_hal_eth.o
#        D:\MyProject\FreeRTOS_Project\h753FreertosTemplate4\EWARM\h753FreertosTemplate\Obj\STM32H7xx_HAL_Driver_12323373487323971647.dir\stm32h7xx_hal_eth_ex.o
#        D:\MyProject\FreeRTOS_Project\h753FreertosTemplate4\EWARM\h753FreertosTemplate\Obj\STM32H7xx_HAL_Driver_12323373487323971647.dir\stm32h7xx_hal_exti.o
#        D:\MyProject\FreeRTOS_Project\h753FreertosTemplate4\EWARM\h753FreertosTemplate\Obj\STM32H7xx_HAL_Driver_12323373487323971647.dir\stm32h7xx_hal_fdcan.o
#        D:\MyProject\FreeRTOS_Project\h753FreertosTemplate4\EWARM\h753FreertosTemplate\Obj\STM32H7xx_HAL_Driver_12323373487323971647.dir\stm32h7xx_hal_flash.o
#        D:\MyProject\FreeRTOS_Project\h753FreertosTemplate4\EWARM\h753FreertosTemplate\Obj\STM32H7xx_HAL_Driver_12323373487323971647.dir\stm32h7xx_hal_flash_ex.o
#        D:\MyProject\FreeRTOS_Project\h753FreertosTemplate4\EWARM\h753FreertosTemplate\Obj\STM32H7xx_HAL_Driver_12323373487323971647.dir\stm32h7xx_hal_fmac.o
#        D:\MyProject\FreeRTOS_Project\h753FreertosTemplate4\EWARM\h753FreertosTemplate\Obj\STM32H7xx_HAL_Driver_12323373487323971647.dir\stm32h7xx_hal_gfxmmu.o
#        D:\MyProject\FreeRTOS_Project\h753FreertosTemplate4\EWARM\h753FreertosTemplate\Obj\STM32H7xx_HAL_Driver_12323373487323971647.dir\stm32h7xx_hal_gpio.o
#        D:\MyProject\FreeRTOS_Project\h753FreertosTemplate4\EWARM\h753FreertosTemplate\Obj\STM32H7xx_HAL_Driver_12323373487323971647.dir\stm32h7xx_hal_hash.o
#        D:\MyProject\FreeRTOS_Project\h753FreertosTemplate4\EWARM\h753FreertosTemplate\Obj\STM32H7xx_HAL_Driver_12323373487323971647.dir\stm32h7xx_hal_hash_ex.o
#        D:\MyProject\FreeRTOS_Project\h753FreertosTemplate4\EWARM\h753FreertosTemplate\Obj\STM32H7xx_HAL_Driver_12323373487323971647.dir\stm32h7xx_hal_hcd.o
#        D:\MyProject\FreeRTOS_Project\h753FreertosTemplate4\EWARM\h753FreertosTemplate\Obj\STM32H7xx_HAL_Driver_12323373487323971647.dir\stm32h7xx_hal_hrtim.o
#        D:\MyProject\FreeRTOS_Project\h753FreertosTemplate4\EWARM\h753FreertosTemplate\Obj\STM32H7xx_HAL_Driver_12323373487323971647.dir\stm32h7xx_hal_hsem.o
#        D:\MyProject\FreeRTOS_Project\h753FreertosTemplate4\EWARM\h753FreertosTemplate\Obj\STM32H7xx_HAL_Driver_12323373487323971647.dir\stm32h7xx_hal_i2c.o
#        D:\MyProject\FreeRTOS_Project\h753FreertosTemplate4\EWARM\h753FreertosTemplate\Obj\STM32H7xx_HAL_Driver_12323373487323971647.dir\stm32h7xx_hal_i2c_ex.o
#        D:\MyProject\FreeRTOS_Project\h753FreertosTemplate4\EWARM\h753FreertosTemplate\Obj\STM32H7xx_HAL_Driver_12323373487323971647.dir\stm32h7xx_hal_i2s.o
#        D:\MyProject\FreeRTOS_Project\h753FreertosTemplate4\EWARM\h753FreertosTemplate\Obj\STM32H7xx_HAL_Driver_12323373487323971647.dir\stm32h7xx_hal_i2s_ex.o
#        D:\MyProject\FreeRTOS_Project\h753FreertosTemplate4\EWARM\h753FreertosTemplate\Obj\STM32H7xx_HAL_Driver_12323373487323971647.dir\stm32h7xx_hal_irda.o
#        D:\MyProject\FreeRTOS_Project\h753FreertosTemplate4\EWARM\h753FreertosTemplate\Obj\STM32H7xx_HAL_Driver_12323373487323971647.dir\stm32h7xx_hal_iwdg.o
#        D:\MyProject\FreeRTOS_Project\h753FreertosTemplate4\EWARM\h753FreertosTemplate\Obj\STM32H7xx_HAL_Driver_12323373487323971647.dir\stm32h7xx_hal_jpeg.o
#        D:\MyProject\FreeRTOS_Project\h753FreertosTemplate4\EWARM\h753FreertosTemplate\Obj\STM32H7xx_HAL_Driver_12323373487323971647.dir\stm32h7xx_hal_lptim.o
#        D:\MyProject\FreeRTOS_Project\h753FreertosTemplate4\EWARM\h753FreertosTemplate\Obj\STM32H7xx_HAL_Driver_12323373487323971647.dir\stm32h7xx_hal_ltdc.o
#        D:\MyProject\FreeRTOS_Project\h753FreertosTemplate4\EWARM\h753FreertosTemplate\Obj\STM32H7xx_HAL_Driver_12323373487323971647.dir\stm32h7xx_hal_ltdc_ex.o
#        D:\MyProject\FreeRTOS_Project\h753FreertosTemplate4\EWARM\h753FreertosTemplate\Obj\STM32H7xx_HAL_Driver_12323373487323971647.dir\stm32h7xx_hal_mdios.o
#        D:\MyProject\FreeRTOS_Project\h753FreertosTemplate4\EWARM\h753FreertosTemplate\Obj\STM32H7xx_HAL_Driver_12323373487323971647.dir\stm32h7xx_hal_mdma.o
#        D:\MyProject\FreeRTOS_Project\h753FreertosTemplate4\EWARM\h753FreertosTemplate\Obj\STM32H7xx_HAL_Driver_12323373487323971647.dir\stm32h7xx_hal_mmc.o
#        D:\MyProject\FreeRTOS_Project\h753FreertosTemplate4\EWARM\h753FreertosTemplate\Obj\STM32H7xx_HAL_Driver_12323373487323971647.dir\stm32h7xx_hal_mmc_ex.o
#        D:\MyProject\FreeRTOS_Project\h753FreertosTemplate4\EWARM\h753FreertosTemplate\Obj\Core_13247989168731456611.dir\stm32h7xx_hal_msp.o
#        D:\MyProject\FreeRTOS_Project\h753FreertosTemplate4\EWARM\h753FreertosTemplate\Obj\STM32H7xx_HAL_Driver_12323373487323971647.dir\stm32h7xx_hal_nand.o
#        D:\MyProject\FreeRTOS_Project\h753FreertosTemplate4\EWARM\h753FreertosTemplate\Obj\STM32H7xx_HAL_Driver_12323373487323971647.dir\stm32h7xx_hal_nor.o
#        D:\MyProject\FreeRTOS_Project\h753FreertosTemplate4\EWARM\h753FreertosTemplate\Obj\STM32H7xx_HAL_Driver_12323373487323971647.dir\stm32h7xx_hal_opamp.o
#        D:\MyProject\FreeRTOS_Project\h753FreertosTemplate4\EWARM\h753FreertosTemplate\Obj\STM32H7xx_HAL_Driver_12323373487323971647.dir\stm32h7xx_hal_opamp_ex.o
#        D:\MyProject\FreeRTOS_Project\h753FreertosTemplate4\EWARM\h753FreertosTemplate\Obj\STM32H7xx_HAL_Driver_12323373487323971647.dir\stm32h7xx_hal_ospi.o
#        D:\MyProject\FreeRTOS_Project\h753FreertosTemplate4\EWARM\h753FreertosTemplate\Obj\STM32H7xx_HAL_Driver_12323373487323971647.dir\stm32h7xx_hal_otfdec.o
#        D:\MyProject\FreeRTOS_Project\h753FreertosTemplate4\EWARM\h753FreertosTemplate\Obj\STM32H7xx_HAL_Driver_12323373487323971647.dir\stm32h7xx_hal_pcd.o
#        D:\MyProject\FreeRTOS_Project\h753FreertosTemplate4\EWARM\h753FreertosTemplate\Obj\STM32H7xx_HAL_Driver_12323373487323971647.dir\stm32h7xx_hal_pcd_ex.o
#        D:\MyProject\FreeRTOS_Project\h753FreertosTemplate4\EWARM\h753FreertosTemplate\Obj\STM32H7xx_HAL_Driver_12323373487323971647.dir\stm32h7xx_hal_pssi.o
#        D:\MyProject\FreeRTOS_Project\h753FreertosTemplate4\EWARM\h753FreertosTemplate\Obj\STM32H7xx_HAL_Driver_12323373487323971647.dir\stm32h7xx_hal_pwr.o
#        D:\MyProject\FreeRTOS_Project\h753FreertosTemplate4\EWARM\h753FreertosTemplate\Obj\STM32H7xx_HAL_Driver_12323373487323971647.dir\stm32h7xx_hal_pwr_ex.o
#        D:\MyProject\FreeRTOS_Project\h753FreertosTemplate4\EWARM\h753FreertosTemplate\Obj\STM32H7xx_HAL_Driver_12323373487323971647.dir\stm32h7xx_hal_qspi.o
#        D:\MyProject\FreeRTOS_Project\h753FreertosTemplate4\EWARM\h753FreertosTemplate\Obj\STM32H7xx_HAL_Driver_12323373487323971647.dir\stm32h7xx_hal_ramecc.o
#        D:\MyProject\FreeRTOS_Project\h753FreertosTemplate4\EWARM\h753FreertosTemplate\Obj\STM32H7xx_HAL_Driver_12323373487323971647.dir\stm32h7xx_hal_rcc.o
#        D:\MyProject\FreeRTOS_Project\h753FreertosTemplate4\EWARM\h753FreertosTemplate\Obj\STM32H7xx_HAL_Driver_12323373487323971647.dir\stm32h7xx_hal_rcc_ex.o
#        D:\MyProject\FreeRTOS_Project\h753FreertosTemplate4\EWARM\h753FreertosTemplate\Obj\STM32H7xx_HAL_Driver_12323373487323971647.dir\stm32h7xx_hal_rng.o
#        D:\MyProject\FreeRTOS_Project\h753FreertosTemplate4\EWARM\h753FreertosTemplate\Obj\STM32H7xx_HAL_Driver_12323373487323971647.dir\stm32h7xx_hal_rng_ex.o
#        D:\MyProject\FreeRTOS_Project\h753FreertosTemplate4\EWARM\h753FreertosTemplate\Obj\STM32H7xx_HAL_Driver_12323373487323971647.dir\stm32h7xx_hal_rtc.o
#        D:\MyProject\FreeRTOS_Project\h753FreertosTemplate4\EWARM\h753FreertosTemplate\Obj\STM32H7xx_HAL_Driver_12323373487323971647.dir\stm32h7xx_hal_rtc_ex.o
#        D:\MyProject\FreeRTOS_Project\h753FreertosTemplate4\EWARM\h753FreertosTemplate\Obj\STM32H7xx_HAL_Driver_12323373487323971647.dir\stm32h7xx_hal_sai.o
#        D:\MyProject\FreeRTOS_Project\h753FreertosTemplate4\EWARM\h753FreertosTemplate\Obj\STM32H7xx_HAL_Driver_12323373487323971647.dir\stm32h7xx_hal_sai_ex.o
#        D:\MyProject\FreeRTOS_Project\h753FreertosTemplate4\EWARM\h753FreertosTemplate\Obj\STM32H7xx_HAL_Driver_12323373487323971647.dir\stm32h7xx_hal_sd.o
#        D:\MyProject\FreeRTOS_Project\h753FreertosTemplate4\EWARM\h753FreertosTemplate\Obj\STM32H7xx_HAL_Driver_12323373487323971647.dir\stm32h7xx_hal_sd_ex.o
#        D:\MyProject\FreeRTOS_Project\h753FreertosTemplate4\EWARM\h753FreertosTemplate\Obj\STM32H7xx_HAL_Driver_12323373487323971647.dir\stm32h7xx_hal_sdram.o
#        D:\MyProject\FreeRTOS_Project\h753FreertosTemplate4\EWARM\h753FreertosTemplate\Obj\STM32H7xx_HAL_Driver_12323373487323971647.dir\stm32h7xx_hal_smartcard.o
#        D:\MyProject\FreeRTOS_Project\h753FreertosTemplate4\EWARM\h753FreertosTemplate\Obj\STM32H7xx_HAL_Driver_12323373487323971647.dir\stm32h7xx_hal_smartcard_ex.o
#        D:\MyProject\FreeRTOS_Project\h753FreertosTemplate4\EWARM\h753FreertosTemplate\Obj\STM32H7xx_HAL_Driver_12323373487323971647.dir\stm32h7xx_hal_smbus.o
#        D:\MyProject\FreeRTOS_Project\h753FreertosTemplate4\EWARM\h753FreertosTemplate\Obj\STM32H7xx_HAL_Driver_12323373487323971647.dir\stm32h7xx_hal_smbus_ex.o
#        D:\MyProject\FreeRTOS_Project\h753FreertosTemplate4\EWARM\h753FreertosTemplate\Obj\STM32H7xx_HAL_Driver_12323373487323971647.dir\stm32h7xx_hal_spdifrx.o
#        D:\MyProject\FreeRTOS_Project\h753FreertosTemplate4\EWARM\h753FreertosTemplate\Obj\STM32H7xx_HAL_Driver_12323373487323971647.dir\stm32h7xx_hal_spi.o
#        D:\MyProject\FreeRTOS_Project\h753FreertosTemplate4\EWARM\h753FreertosTemplate\Obj\STM32H7xx_HAL_Driver_12323373487323971647.dir\stm32h7xx_hal_spi_ex.o
#        D:\MyProject\FreeRTOS_Project\h753FreertosTemplate4\EWARM\h753FreertosTemplate\Obj\STM32H7xx_HAL_Driver_12323373487323971647.dir\stm32h7xx_hal_sram.o
#        D:\MyProject\FreeRTOS_Project\h753FreertosTemplate4\EWARM\h753FreertosTemplate\Obj\STM32H7xx_HAL_Driver_12323373487323971647.dir\stm32h7xx_hal_swpmi.o
#        D:\MyProject\FreeRTOS_Project\h753FreertosTemplate4\EWARM\h753FreertosTemplate\Obj\STM32H7xx_HAL_Driver_12323373487323971647.dir\stm32h7xx_hal_tim.o
#        D:\MyProject\FreeRTOS_Project\h753FreertosTemplate4\EWARM\h753FreertosTemplate\Obj\STM32H7xx_HAL_Driver_12323373487323971647.dir\stm32h7xx_hal_tim_ex.o
#        D:\MyProject\FreeRTOS_Project\h753FreertosTemplate4\EWARM\h753FreertosTemplate\Obj\Core_13247989168731456611.dir\stm32h7xx_hal_timebase_tim.o
#        D:\MyProject\FreeRTOS_Project\h753FreertosTemplate4\EWARM\h753FreertosTemplate\Obj\STM32H7xx_HAL_Driver_12323373487323971647.dir\stm32h7xx_hal_uart.o
#        D:\MyProject\FreeRTOS_Project\h753FreertosTemplate4\EWARM\h753FreertosTemplate\Obj\STM32H7xx_HAL_Driver_12323373487323971647.dir\stm32h7xx_hal_uart_ex.o
#        D:\MyProject\FreeRTOS_Project\h753FreertosTemplate4\EWARM\h753FreertosTemplate\Obj\STM32H7xx_HAL_Driver_12323373487323971647.dir\stm32h7xx_hal_usart.o
#        D:\MyProject\FreeRTOS_Project\h753FreertosTemplate4\EWARM\h753FreertosTemplate\Obj\STM32H7xx_HAL_Driver_12323373487323971647.dir\stm32h7xx_hal_usart_ex.o
#        D:\MyProject\FreeRTOS_Project\h753FreertosTemplate4\EWARM\h753FreertosTemplate\Obj\STM32H7xx_HAL_Driver_12323373487323971647.dir\stm32h7xx_hal_wwdg.o
#        D:\MyProject\FreeRTOS_Project\h753FreertosTemplate4\EWARM\h753FreertosTemplate\Obj\Core_13247989168731456611.dir\stm32h7xx_it.o
#        D:\MyProject\FreeRTOS_Project\h753FreertosTemplate4\EWARM\h753FreertosTemplate\Obj\STM32H7xx_HAL_Driver_12323373487323971647.dir\stm32h7xx_ll_adc.o
#        D:\MyProject\FreeRTOS_Project\h753FreertosTemplate4\EWARM\h753FreertosTemplate\Obj\STM32H7xx_HAL_Driver_12323373487323971647.dir\stm32h7xx_ll_bdma.o
#        D:\MyProject\FreeRTOS_Project\h753FreertosTemplate4\EWARM\h753FreertosTemplate\Obj\STM32H7xx_HAL_Driver_12323373487323971647.dir\stm32h7xx_ll_comp.o
#        D:\MyProject\FreeRTOS_Project\h753FreertosTemplate4\EWARM\h753FreertosTemplate\Obj\STM32H7xx_HAL_Driver_12323373487323971647.dir\stm32h7xx_ll_cordic.o
#        D:\MyProject\FreeRTOS_Project\h753FreertosTemplate4\EWARM\h753FreertosTemplate\Obj\STM32H7xx_HAL_Driver_12323373487323971647.dir\stm32h7xx_ll_crc.o
#        D:\MyProject\FreeRTOS_Project\h753FreertosTemplate4\EWARM\h753FreertosTemplate\Obj\STM32H7xx_HAL_Driver_12323373487323971647.dir\stm32h7xx_ll_crs.o
#        D:\MyProject\FreeRTOS_Project\h753FreertosTemplate4\EWARM\h753FreertosTemplate\Obj\STM32H7xx_HAL_Driver_12323373487323971647.dir\stm32h7xx_ll_dac.o
#        D:\MyProject\FreeRTOS_Project\h753FreertosTemplate4\EWARM\h753FreertosTemplate\Obj\STM32H7xx_HAL_Driver_12323373487323971647.dir\stm32h7xx_ll_delayblock.o
#        D:\MyProject\FreeRTOS_Project\h753FreertosTemplate4\EWARM\h753FreertosTemplate\Obj\STM32H7xx_HAL_Driver_12323373487323971647.dir\stm32h7xx_ll_dma.o
#        D:\MyProject\FreeRTOS_Project\h753FreertosTemplate4\EWARM\h753FreertosTemplate\Obj\STM32H7xx_HAL_Driver_12323373487323971647.dir\stm32h7xx_ll_dma2d.o
#        D:\MyProject\FreeRTOS_Project\h753FreertosTemplate4\EWARM\h753FreertosTemplate\Obj\STM32H7xx_HAL_Driver_12323373487323971647.dir\stm32h7xx_ll_exti.o
#        D:\MyProject\FreeRTOS_Project\h753FreertosTemplate4\EWARM\h753FreertosTemplate\Obj\STM32H7xx_HAL_Driver_12323373487323971647.dir\stm32h7xx_ll_fmac.o
#        D:\MyProject\FreeRTOS_Project\h753FreertosTemplate4\EWARM\h753FreertosTemplate\Obj\STM32H7xx_HAL_Driver_12323373487323971647.dir\stm32h7xx_ll_fmc.o
#        D:\MyProject\FreeRTOS_Project\h753FreertosTemplate4\EWARM\h753FreertosTemplate\Obj\STM32H7xx_HAL_Driver_12323373487323971647.dir\stm32h7xx_ll_gpio.o
#        D:\MyProject\FreeRTOS_Project\h753FreertosTemplate4\EWARM\h753FreertosTemplate\Obj\STM32H7xx_HAL_Driver_12323373487323971647.dir\stm32h7xx_ll_hrtim.o
#        D:\MyProject\FreeRTOS_Project\h753FreertosTemplate4\EWARM\h753FreertosTemplate\Obj\STM32H7xx_HAL_Driver_12323373487323971647.dir\stm32h7xx_ll_i2c.o
#        D:\MyProject\FreeRTOS_Project\h753FreertosTemplate4\EWARM\h753FreertosTemplate\Obj\STM32H7xx_HAL_Driver_12323373487323971647.dir\stm32h7xx_ll_lptim.o
#        D:\MyProject\FreeRTOS_Project\h753FreertosTemplate4\EWARM\h753FreertosTemplate\Obj\STM32H7xx_HAL_Driver_12323373487323971647.dir\stm32h7xx_ll_lpuart.o
#        D:\MyProject\FreeRTOS_Project\h753FreertosTemplate4\EWARM\h753FreertosTemplate\Obj\STM32H7xx_HAL_Driver_12323373487323971647.dir\stm32h7xx_ll_mdma.o
#        D:\MyProject\FreeRTOS_Project\h753FreertosTemplate4\EWARM\h753FreertosTemplate\Obj\STM32H7xx_HAL_Driver_12323373487323971647.dir\stm32h7xx_ll_opamp.o
#        D:\MyProject\FreeRTOS_Project\h753FreertosTemplate4\EWARM\h753FreertosTemplate\Obj\STM32H7xx_HAL_Driver_12323373487323971647.dir\stm32h7xx_ll_pwr.o
#        D:\MyProject\FreeRTOS_Project\h753FreertosTemplate4\EWARM\h753FreertosTemplate\Obj\STM32H7xx_HAL_Driver_12323373487323971647.dir\stm32h7xx_ll_rcc.o
#        D:\MyProject\FreeRTOS_Project\h753FreertosTemplate4\EWARM\h753FreertosTemplate\Obj\STM32H7xx_HAL_Driver_12323373487323971647.dir\stm32h7xx_ll_rng.o
#        D:\MyProject\FreeRTOS_Project\h753FreertosTemplate4\EWARM\h753FreertosTemplate\Obj\STM32H7xx_HAL_Driver_12323373487323971647.dir\stm32h7xx_ll_rtc.o
#        D:\MyProject\FreeRTOS_Project\h753FreertosTemplate4\EWARM\h753FreertosTemplate\Obj\STM32H7xx_HAL_Driver_12323373487323971647.dir\stm32h7xx_ll_sdmmc.o
#        D:\MyProject\FreeRTOS_Project\h753FreertosTemplate4\EWARM\h753FreertosTemplate\Obj\STM32H7xx_HAL_Driver_12323373487323971647.dir\stm32h7xx_ll_spi.o
#        D:\MyProject\FreeRTOS_Project\h753FreertosTemplate4\EWARM\h753FreertosTemplate\Obj\STM32H7xx_HAL_Driver_12323373487323971647.dir\stm32h7xx_ll_swpmi.o
#        D:\MyProject\FreeRTOS_Project\h753FreertosTemplate4\EWARM\h753FreertosTemplate\Obj\STM32H7xx_HAL_Driver_12323373487323971647.dir\stm32h7xx_ll_tim.o
#        D:\MyProject\FreeRTOS_Project\h753FreertosTemplate4\EWARM\h753FreertosTemplate\Obj\STM32H7xx_HAL_Driver_12323373487323971647.dir\stm32h7xx_ll_usart.o
#        D:\MyProject\FreeRTOS_Project\h753FreertosTemplate4\EWARM\h753FreertosTemplate\Obj\STM32H7xx_HAL_Driver_12323373487323971647.dir\stm32h7xx_ll_usb.o
#        D:\MyProject\FreeRTOS_Project\h753FreertosTemplate4\EWARM\h753FreertosTemplate\Obj\STM32H7xx_HAL_Driver_12323373487323971647.dir\stm32h7xx_ll_utils.o
#        D:\MyProject\FreeRTOS_Project\h753FreertosTemplate4\EWARM\h753FreertosTemplate\Obj\BSP_16987466797925798938.dir\stm32h7xx_nucleo.o
#        D:\MyProject\FreeRTOS_Project\h753FreertosTemplate4\EWARM\h753FreertosTemplate\Obj\FreeRTOS_4809373609813369194.dir\stream_buffer.o
#        D:\MyProject\FreeRTOS_Project\h753FreertosTemplate4\EWARM\h753FreertosTemplate\Obj\CMSIS_6603591812247902717.dir\system_stm32h7xx.o
#        D:\MyProject\FreeRTOS_Project\h753FreertosTemplate4\EWARM\h753FreertosTemplate\Obj\FreeRTOS_4809373609813369194.dir\tasks.o
#        D:\MyProject\FreeRTOS_Project\h753FreertosTemplate4\EWARM\h753FreertosTemplate\Obj\Core_13247989168731456611.dir\tim.o
#        D:\MyProject\FreeRTOS_Project\h753FreertosTemplate4\EWARM\h753FreertosTemplate\Obj\Common_Drv_14642545183444923962.dir\timerForDebug.o
#        D:\MyProject\FreeRTOS_Project\h753FreertosTemplate4\EWARM\h753FreertosTemplate\Obj\FreeRTOS_4809373609813369194.dir\timers.o
#        D:\MyProject\FreeRTOS_Project\h753FreertosTemplate4\EWARM\h753FreertosTemplate\Obj\Core_13247989168731456611.dir\usart.o
#        D:\MyProject\FreeRTOS_Project\h753FreertosTemplate4\EWARM\h753FreertosTemplate\Obj\Common_Drv_14642545183444923962.dir\wwdg.o
#        --no_out_extension -o
#        D:\MyProject\FreeRTOS_Project\h753FreertosTemplate4\EWARM\h753FreertosTemplate\Exe\h753FreertosTemplate.out
#        --redirect _Printf=_PrintfFullNoMb --redirect _Scanf=_ScanfFullNoMb
#        --map
#        D:\MyProject\FreeRTOS_Project\h753FreertosTemplate4\EWARM\h753FreertosTemplate\List\h753FreertosTemplate.map
#        --config
#        D:\MyProject\FreeRTOS_Project\h753FreertosTemplate4\EWARM/stm32h753xx_flash.icf
#        --semihosting --entry __iar_program_start --vfe --text_out locale
#        --cpu=Cortex-M7 --fpu=VFPv5_d16) --dependencies=n
#        D:\MyProject\FreeRTOS_Project\h753FreertosTemplate4\EWARM\h753FreertosTemplate\Exe\h753FreertosTemplate.out.iar_deps
#
###############################################################################

*******************************************************************************
*** RUNTIME MODEL ATTRIBUTES
***

CppFlavor       = *
__CPP_Runtime   = 1
__SystemLibrary = DLib
__dlib_version  = 6


*******************************************************************************
*** HEAP SELECTION
***

The basic heap was selected because --advanced_heap
was not specified and the application did not appear to
be primarily optimized for speed.


*******************************************************************************
*** PLACEMENT SUMMARY
***

"A0":  place at address 0x800'0000 { ro section .intvec };
"P1":  place in [from 0x800'0000 to 0x81f'ffff] { ro };
define block CSTACK with size = 1K, alignment = 8 { };
define block HEAP with size = 512, alignment = 8 { };
"P2":  place in [from 0x2000'0000 to 0x2001'ffff] {
          rw, block CSTACK, block HEAP };
"P3":  place in [from 0x2400'0000 to 0x2408'0000] { section .RAM_D1 };
"P4":  place in [from 0x3000'0000 to 0x3004'8000] { section .RAM_D2 };
"P5":  place in [from 0x3800'0000 to 0x3801'0000] { section .RAM_D3 };
"P6":  place in [from 0x3880'0000 to 0x3880'1000] { section .RAM_BKP };
initialize by copy { rw };

  Section            Kind         Address      Size  Object
  -------            ----         -------      ----  ------
"A0":                                         0x298
  .intvec            ro code   0x800'0000     0x298  startup_stm32h753xx.o [6]
                             - 0x800'0298     0x298

"P1":                                        0xbf31
  .text              ro code   0x800'0298    0x18ac  stm32h7xx_hal_dma.o [8]
  .text              ro code   0x800'1b44       0xc  stm32h7xx_hal.o [8]
  .text              ro code   0x800'1b50    0x1238  tasks.o [7]
  .text              ro code   0x800'2d88     0x1b8  heap_4.o [7]
  .text              ro code   0x800'2f40      0x3a  ABImemset48.o [11]
  .text              ro code   0x800'2f7a      0x94  list.o [7]
  .text              ro code   0x800'300e      0x3a  packbits_init_single.o [11]
  .text              ro code   0x800'3048     0x1ca  port.o [7]
  .text              ro code   0x800'3212       0xa  xsprout.o [9]
  .text              ro code   0x800'321c      0x14  cmsis_os2.o [7]
  .text              ro code   0x800'3230     0x414  timers.o [7]
  .text              ro code   0x800'3644      0x3c  freertos.o [5]
  .text              ro code   0x800'3680      0x18  strcpy.o [11]
  .text              ro code   0x800'3698      0x14  strlen_small.o [11]
  .text              ro code   0x800'36ac      0x40  sprintf.o [9]
  .text              ro code   0x800'36ec      0x2c  port.o [7]
  CODE               ro code   0x800'3718      0xb0  portasm.o [7]
  .text              ro code   0x800'37c8      0x18  cmsis_os2.o [7]
  .text              ro code   0x800'37e0     0x7b0  queue.o [7]
  .text              ro code   0x800'3f90      0x28  printf.o [9]
  .text              ro code   0x800'3fb8     0xeca  xprintffull_nomb.o [9]
  .rodata            const     0x800'4e82       0x2  xlocale_c.o [9]
  .text              ro code   0x800'4e84      0x18  ABImemcpy_small.o [11]
  .text              ro code   0x800'4e9c      0x16  strchr.o [11]
  .rodata            const     0x800'4eb2       0x1  xlocale_c.o [9]
  .text              ro code   0x800'4eb4      0x40  xfail_s.o [9]
  .text              ro code   0x800'4ef4      0x58  memchr.o [11]
  .text              ro code   0x800'4f4c      0x70  frexp.o [10]
  .text              ro code   0x800'4fbc      0x34  DblCmpLe.o [10]
  .text              ro code   0x800'4ff0      0x34  DblCmpGe.o [10]
  .text              ro code   0x800'5024     0x104  ldexp.o [10]
  .text              ro code   0x800'5128       0xe  DblToS32.o [10]
  .text              ro code   0x800'5136       0xe  S32ToDbl.o [10]
  .text              ro code   0x800'5144      0x12  DblSub.o [10]
  .text              ro code   0x800'5156      0x12  DblDiv.o [10]
  .text              ro code   0x800'5168       0xe  DblToU32.o [10]
  .text              ro code   0x800'5176       0xe  U32ToDbl.o [10]
  .text              ro code   0x800'5184      0x12  DblMul.o [10]
  .text              ro code   0x800'5198       0x8  xlocale_c.o [9]
  .text              ro code   0x800'51a0     0x106  I64DivMod_small.o [11]
  .text              ro code   0x800'52a6       0x6  abort.o [9]
  .text              ro code   0x800'52ac       0x2  I64DivZer.o [11]
  .text              ro code   0x800'52b0      0x14  exit.o [12]
  .text              ro code   0x800'52c4    0x1054  main.o [5]
  .text              ro code   0x800'6318      0x88  bootLoader.o [1]
  .text              ro code   0x800'63a0     0x370  rtc_timeStamp.o [4]
  .text              ro code   0x800'6710     0x4d8  stm32h7xx_hal_tim.o [8]
  .text              ro code   0x800'6be8     0x1c0  event_groups.o [7]
  .text              ro code   0x800'6da8     0x1f0  stm32h7xx_nucleo.o [2]
  .text              ro code   0x800'6f98      0x12  ABImemset_small.o [11]
  .text              ro code   0x800'6fac     0xd28  stm32h7xx_hal_uart.o [8]
  .text              ro code   0x800'7cd4     0x330  usart.o [5]
  .text              ro code   0x800'8004     0x250  stm32h7xx_hal_gpio.o [8]
  .text              ro code   0x800'8254      0x3c  delay.o [4]
  .text              ro code   0x800'8290     0x258  cpu_flash.o [4]
  .text              ro code   0x800'84e8     0x11c  stm32h7xx_hal_cortex.o [8]
  .text              ro code   0x800'8604      0x68  stm32h7xx_hal.o [8]
  .text              ro code   0x800'866c      0x44  gpio.o [5]
  .text              ro code   0x800'86b0      0x60  dma.o [5]
  .text              ro code   0x800'8710     0x170  tim.o [5]
  .text              ro code   0x800'8880      0x94  timerForDebug.o [4]
  .text              ro code   0x800'8914       0x6  ABImemclr4.o [11]
  .text              ro code   0x800'891c      0x48  stm32h7xx_hal_pwr_ex.o [8]
  .text              ro code   0x800'8964     0x510  stm32h7xx_hal_rcc.o [8]
  .text              ro code   0x800'8e74     0x580  stm32h7xx_hal_rcc.o [8]
  .text              ro code   0x800'93f4      0x10  stm32h7xx_hal.o [8]
  .text              ro code   0x800'9404     0x5a6  stm32h7xx_hal_rtc.o [8]
  .text              ro code   0x800'99ac     0x10c  stm32h7xx_hal_rtc_ex.o [8]
  .text              ro code   0x800'9ab8      0x10  stm32h7xx_hal_pwr.o [8]
  .text              ro code   0x800'9ac8     0xbb0  stm32h7xx_hal_rcc_ex.o [8]
  .text              ro code   0x800'a678       0x2  stm32h7xx_hal_tim.o [8]
  .text              ro code   0x800'a67a       0x2  stm32h7xx_hal_tim.o [8]
  .text              ro code   0x800'a67c       0x2  stm32h7xx_hal_tim_ex.o [8]
  .text              ro code   0x800'a67e       0x2  stm32h7xx_hal_tim_ex.o [8]
  .text              ro code   0x800'a680       0x2  stm32h7xx_hal_tim.o [8]
  .text              ro code   0x800'a682       0x2  stm32h7xx_hal_tim_ex.o [8]
  .text              ro code   0x800'a684       0x2  stm32h7xx_hal_tim.o [8]
  .text              ro code   0x800'a688      0x1c  stm32h7xx_hal_exti.o [8]
  .text              ro code   0x800'a6a4      0x38  stm32h7xx_nucleo.o [2]
  .text              ro code   0x800'a6dc       0x2  stm32h7xx_nucleo.o [2]
  .text              ro code   0x800'a6de       0x2  stm32h7xx_hal_uart.o [8]
  .text              ro code   0x800'a6e0       0x2  stm32h7xx_hal_uart.o [8]
  .text              ro code   0x800'a6e2       0x2  stm32h7xx_hal_uart_ex.o [8]
  .text              ro code   0x800'a6e4       0x2  stm32h7xx_hal_uart.o [8]
  .text              ro code   0x800'a6e6       0x2  stm32h7xx_hal_uart_ex.o [8]
  .text              ro code   0x800'a6e8       0x2  stm32h7xx_hal_uart_ex.o [8]
  .text              ro code   0x800'a6ea       0x2  stm32h7xx_hal_uart.o [8]
  .text              ro code   0x800'a6ec      0xf4  stm32h7xx_hal_uart_ex.o [8]
  .text              ro code   0x800'a7e0      0x14  memset.o [11]
  .text              ro code   0x800'a7f4     0x1ec  stm32h7xx_hal_flash.o [8]
  .text              ro code   0x800'a9e0     0x1c4  stm32h7xx_hal_flash_ex.o [8]
  .text              ro code   0x800'aba4      0x90  stm32h7xx_hal_timebase_tim.o [5]
  .text              ro code   0x800'ac34      0x28  stm32h7xx_hal_msp.o [5]
  .text              ro code   0x800'ac5c      0xa0  stm32h7xx_hal_tim_ex.o [8]
  .text              ro code   0x800'acfc       0x2  stm32h7xx_hal_rtc_ex.o [8]
  .rodata            const     0x800'ad00     0x908  main.o [5]
  .rodata            const     0x800'b608     0x1a4  main.o [5]
  .rodata            const     0x800'b7ac     0x12c  main.o [5]
  .rodata            const     0x800'b8d8     0x11c  main.o [5]
  .text              ro code   0x800'b9f4      0xd4  system_stm32h7xx.o [3]
  .rodata            const     0x800'bac8      0xc8  rtc_timeStamp.o [4]
  .rodata            const     0x800'bb90      0xc4  main.o [5]
  .text              ro code   0x800'bc54      0x78  stm32h7xx_it.o [5]
  .rodata            const     0x800'bccc      0x74  main.o [5]
  .text              ro code   0x800'bd40      0x44  putchar.o [9]
  .rodata            const     0x800'bd84      0x38  main.o [5]
  .text              ro code   0x800'bdbc      0x38  zero_init3.o [11]
  .rodata            const     0x800'bdf4      0x30  main.o [5]
  .text              ro code   0x800'be24      0x28  data_init.o [11]
  .text              ro code   0x800'be4c      0x22  fpinit_M.o [10]
  .iar.init_table    const     0x800'be70      0x40  - Linker created -
  .text              ro code   0x800'beb0      0x20  cmsis_os2.o [7]
  .text              ro code   0x800'bed0      0x1e  cmain.o [11]
  .text              ro code   0x800'beee       0x4  low_level_init.o [9]
  .text              ro code   0x800'bef2       0x4  exit.o [9]
  .text              ro code   0x800'bef8       0xa  cexit.o [11]
  .text              ro code   0x800'bf04      0x1c  cstartup_M.o [11]
  .text              ro code   0x800'bf20      0x16  xprout.o [9]
  .text              ro code   0x800'bf38      0x10  startup_stm32h753xx.o [6]
  .text              ro code   0x800'bf48       0x4  startup_stm32h753xx.o [6]
  .text              ro code   0x800'bf4c       0x4  startup_stm32h753xx.o [6]
  .text              ro code   0x800'bf50       0x4  startup_stm32h753xx.o [6]
  .text              ro code   0x800'bf54       0x4  startup_stm32h753xx.o [6]
  .text              ro code   0x800'bf58       0x4  startup_stm32h753xx.o [6]
  .text              ro code   0x800'bf5c       0x4  startup_stm32h753xx.o [6]
  .text              ro code   0x800'bf60       0x4  startup_stm32h753xx.o [6]
  .text              ro code   0x800'bf64       0x4  startup_stm32h753xx.o [6]
  .text              ro code   0x800'bf68       0x4  startup_stm32h753xx.o [6]
  .text              ro code   0x800'bf6c       0x4  startup_stm32h753xx.o [6]
  .text              ro code   0x800'bf70       0x4  startup_stm32h753xx.o [6]
  .text              ro code   0x800'bf74       0x4  startup_stm32h753xx.o [6]
  .text              ro code   0x800'bf78       0x4  startup_stm32h753xx.o [6]
  .text              ro code   0x800'bf7c       0x4  startup_stm32h753xx.o [6]
  .text              ro code   0x800'bf80       0x4  startup_stm32h753xx.o [6]
  .text              ro code   0x800'bf84       0x4  startup_stm32h753xx.o [6]
  .text              ro code   0x800'bf88       0x4  startup_stm32h753xx.o [6]
  .text              ro code   0x800'bf8c       0x4  startup_stm32h753xx.o [6]
  .text              ro code   0x800'bf90       0x4  startup_stm32h753xx.o [6]
  .text              ro code   0x800'bf94       0x4  startup_stm32h753xx.o [6]
  .text              ro code   0x800'bf98       0x4  startup_stm32h753xx.o [6]
  .text              ro code   0x800'bf9c       0x4  startup_stm32h753xx.o [6]
  .text              ro code   0x800'bfa0       0x4  startup_stm32h753xx.o [6]
  .text              ro code   0x800'bfa4       0x4  startup_stm32h753xx.o [6]
  .text              ro code   0x800'bfa8       0x4  startup_stm32h753xx.o [6]
  .text              ro code   0x800'bfac       0x4  startup_stm32h753xx.o [6]
  .text              ro code   0x800'bfb0       0x4  startup_stm32h753xx.o [6]
  .text              ro code   0x800'bfb4       0x4  startup_stm32h753xx.o [6]
  .text              ro code   0x800'bfb8       0x4  startup_stm32h753xx.o [6]
  .text              ro code   0x800'bfbc       0x4  startup_stm32h753xx.o [6]
  .text              ro code   0x800'bfc0       0x4  startup_stm32h753xx.o [6]
  .text              ro code   0x800'bfc4       0x4  startup_stm32h753xx.o [6]
  .text              ro code   0x800'bfc8       0x4  startup_stm32h753xx.o [6]
  .text              ro code   0x800'bfcc       0x4  startup_stm32h753xx.o [6]
  .text              ro code   0x800'bfd0       0x4  startup_stm32h753xx.o [6]
  .text              ro code   0x800'bfd4       0x4  startup_stm32h753xx.o [6]
  .text              ro code   0x800'bfd8       0x4  startup_stm32h753xx.o [6]
  .text              ro code   0x800'bfdc       0x4  startup_stm32h753xx.o [6]
  .text              ro code   0x800'bfe0       0x4  startup_stm32h753xx.o [6]
  .text              ro code   0x800'bfe4       0x4  startup_stm32h753xx.o [6]
  .text              ro code   0x800'bfe8       0x4  startup_stm32h753xx.o [6]
  .text              ro code   0x800'bfec       0x4  startup_stm32h753xx.o [6]
  .text              ro code   0x800'bff0       0x4  startup_stm32h753xx.o [6]
  .text              ro code   0x800'bff4       0x4  startup_stm32h753xx.o [6]
  .text              ro code   0x800'bff8       0x4  startup_stm32h753xx.o [6]
  .text              ro code   0x800'bffc       0x4  startup_stm32h753xx.o [6]
  .text              ro code   0x800'c000       0x4  startup_stm32h753xx.o [6]
  .text              ro code   0x800'c004       0x4  startup_stm32h753xx.o [6]
  .text              ro code   0x800'c008       0x4  startup_stm32h753xx.o [6]
  .text              ro code   0x800'c00c       0x4  startup_stm32h753xx.o [6]
  .text              ro code   0x800'c010       0x4  startup_stm32h753xx.o [6]
  .text              ro code   0x800'c014       0x4  startup_stm32h753xx.o [6]
  .text              ro code   0x800'c018       0x4  startup_stm32h753xx.o [6]
  .text              ro code   0x800'c01c       0x4  startup_stm32h753xx.o [6]
  .text              ro code   0x800'c020       0x4  startup_stm32h753xx.o [6]
  .text              ro code   0x800'c024       0x4  startup_stm32h753xx.o [6]
  .text              ro code   0x800'c028       0x4  startup_stm32h753xx.o [6]
  .text              ro code   0x800'c02c       0x4  startup_stm32h753xx.o [6]
  .text              ro code   0x800'c030       0x4  startup_stm32h753xx.o [6]
  .text              ro code   0x800'c034       0x4  startup_stm32h753xx.o [6]
  .text              ro code   0x800'c038       0x4  startup_stm32h753xx.o [6]
  .text              ro code   0x800'c03c       0x4  startup_stm32h753xx.o [6]
  .text              ro code   0x800'c040       0x4  startup_stm32h753xx.o [6]
  .text              ro code   0x800'c044       0x4  startup_stm32h753xx.o [6]
  .text              ro code   0x800'c048       0x4  startup_stm32h753xx.o [6]
  .text              ro code   0x800'c04c       0x4  startup_stm32h753xx.o [6]
  .text              ro code   0x800'c050       0x4  startup_stm32h753xx.o [6]
  .text              ro code   0x800'c054       0x4  startup_stm32h753xx.o [6]
  .text              ro code   0x800'c058       0x4  startup_stm32h753xx.o [6]
  .text              ro code   0x800'c05c       0x4  startup_stm32h753xx.o [6]
  .text              ro code   0x800'c060       0x4  startup_stm32h753xx.o [6]
  .text              ro code   0x800'c064       0x4  startup_stm32h753xx.o [6]
  .text              ro code   0x800'c068       0x4  startup_stm32h753xx.o [6]
  .text              ro code   0x800'c06c       0x4  startup_stm32h753xx.o [6]
  .text              ro code   0x800'c070       0x4  startup_stm32h753xx.o [6]
  .text              ro code   0x800'c074       0x4  startup_stm32h753xx.o [6]
  .text              ro code   0x800'c078       0x4  startup_stm32h753xx.o [6]
  .text              ro code   0x800'c07c       0x4  startup_stm32h753xx.o [6]
  .text              ro code   0x800'c080       0x4  startup_stm32h753xx.o [6]
  .text              ro code   0x800'c084       0x4  startup_stm32h753xx.o [6]
  .text              ro code   0x800'c088       0x4  startup_stm32h753xx.o [6]
  .text              ro code   0x800'c08c       0x4  startup_stm32h753xx.o [6]
  .text              ro code   0x800'c090       0x4  startup_stm32h753xx.o [6]
  .text              ro code   0x800'c094       0x4  startup_stm32h753xx.o [6]
  .text              ro code   0x800'c098       0x4  startup_stm32h753xx.o [6]
  .text              ro code   0x800'c09c       0x4  startup_stm32h753xx.o [6]
  .text              ro code   0x800'c0a0       0x4  startup_stm32h753xx.o [6]
  .text              ro code   0x800'c0a4       0x4  startup_stm32h753xx.o [6]
  .text              ro code   0x800'c0a8       0x4  startup_stm32h753xx.o [6]
  .text              ro code   0x800'c0ac       0x4  startup_stm32h753xx.o [6]
  .text              ro code   0x800'c0b0       0x4  startup_stm32h753xx.o [6]
  .text              ro code   0x800'c0b4       0x4  startup_stm32h753xx.o [6]
  .text              ro code   0x800'c0b8       0x4  startup_stm32h753xx.o [6]
  .text              ro code   0x800'c0bc       0x4  startup_stm32h753xx.o [6]
  .text              ro code   0x800'c0c0       0x4  startup_stm32h753xx.o [6]
  .text              ro code   0x800'c0c4       0x4  startup_stm32h753xx.o [6]
  .text              ro code   0x800'c0c8       0x4  startup_stm32h753xx.o [6]
  .text              ro code   0x800'c0cc       0x4  startup_stm32h753xx.o [6]
  .text              ro code   0x800'c0d0       0x4  startup_stm32h753xx.o [6]
  .text              ro code   0x800'c0d4       0x4  startup_stm32h753xx.o [6]
  .text              ro code   0x800'c0d8       0x4  startup_stm32h753xx.o [6]
  .text              ro code   0x800'c0dc       0x4  startup_stm32h753xx.o [6]
  .text              ro code   0x800'c0e0       0x4  startup_stm32h753xx.o [6]
  .text              ro code   0x800'c0e4       0x4  startup_stm32h753xx.o [6]
  .text              ro code   0x800'c0e8       0x4  startup_stm32h753xx.o [6]
  .text              ro code   0x800'c0ec       0x4  startup_stm32h753xx.o [6]
  .text              ro code   0x800'c0f0       0x4  startup_stm32h753xx.o [6]
  .text              ro code   0x800'c0f4       0x4  startup_stm32h753xx.o [6]
  .text              ro code   0x800'c0f8       0x4  startup_stm32h753xx.o [6]
  .text              ro code   0x800'c0fc       0x4  startup_stm32h753xx.o [6]
  .text              ro code   0x800'c100       0x4  startup_stm32h753xx.o [6]
  .text              ro code   0x800'c104       0x4  startup_stm32h753xx.o [6]
  .text              ro code   0x800'c108       0x4  startup_stm32h753xx.o [6]
  .text              ro code   0x800'c10c       0x4  startup_stm32h753xx.o [6]
  .text              ro code   0x800'c110       0x4  startup_stm32h753xx.o [6]
  .text              ro code   0x800'c114       0x4  startup_stm32h753xx.o [6]
  .text              ro code   0x800'c118       0x4  startup_stm32h753xx.o [6]
  .text              ro code   0x800'c11c       0x4  startup_stm32h753xx.o [6]
  .text              ro code   0x800'c120       0x4  startup_stm32h753xx.o [6]
  .text              ro code   0x800'c124       0x4  startup_stm32h753xx.o [6]
  .text              ro code   0x800'c128       0x4  startup_stm32h753xx.o [6]
  .text              ro code   0x800'c12c       0x4  startup_stm32h753xx.o [6]
  .text              ro code   0x800'c130       0x4  startup_stm32h753xx.o [6]
  .text              ro code   0x800'c134       0x4  startup_stm32h753xx.o [6]
  .text              ro code   0x800'c138       0x4  startup_stm32h753xx.o [6]
  .text              ro code   0x800'c13c       0x4  startup_stm32h753xx.o [6]
  .rodata            const     0x800'c140       0x0  zero_init3.o [11]
  .rodata            const     0x800'c140       0x0  packbits_init_single.o [11]
  Initializer bytes  const     0x800'c140      0x89  <for P2-1>
                             - 0x800'c1c9    0xbf31

Absolute sections:                         0x2'0000
  .rodata            zero      0x802'0000  0x2'0000  main.o [5]
                             - 0x804'0000  0x2'0000

"P2", part 1 of 3:                             0xc4
  P2-1                        0x2000'0000      0xc4  <Init block>
    .data            inited   0x2000'0000       0xc  port.o [7]
    .data            inited   0x2000'000c       0xc  stm32h7xx_hal.o [8]
    .data            inited   0x2000'0018      0x14  stm32h7xx_nucleo.o [2]
    .data            inited   0x2000'002c       0x4  stm32h7xx_nucleo.o [2]
    .data            inited   0x2000'0030       0xc  stm32h7xx_nucleo.o [2]
    .data            inited   0x2000'003c       0x8  system_stm32h7xx.o [3]
    .data            inited   0x2000'0044      0x38  xlocale_c.o [9]
    .data            inited   0x2000'007c      0x48  xfiles.o [9]
                            - 0x2000'00c4      0xc4

"P2", part 2 of 3:                           0x50c4
  .bss               zero     0x2000'00c4    0x3c20  heap_4.o [7]
  .bss               zero     0x2000'3ce4     0x460  cmsis_os2.o [7]
  .bss               zero     0x2000'4144     0x460  tasks.o [7]
  .bss               zero     0x2000'45a4     0x260  cmsis_os2.o [7]
  .bss               zero     0x2000'4804     0x1e0  usart.o [5]
  .bss               zero     0x2000'49e4     0x1cc  timers.o [7]
  .bss               zero     0x2000'4bb0      0xbc  main.o [5]
  .bss               zero     0x2000'4c6c      0xa0  tasks.o [7]
  .bss               zero     0x2000'4d0c      0x94  stm32h7xx_nucleo.o [2]
  .bss               zero     0x2000'4da0      0x94  usart.o [5]
  .bss               zero     0x2000'4e34      0x94  usart.o [5]
  .bss               zero     0x2000'4ec8      0x8c  rtc_timeStamp.o [4]
  .bss               zero     0x2000'4f54      0x50  timerForDebug.o [4]
  .bss               zero     0x2000'4fa4      0x50  xfiles.o [9]
  .bss               zero     0x2000'4ff4      0x4c  stm32h7xx_hal_timebase_tim.o [5]
  .bss               zero     0x2000'5040      0x4c  tim.o [5]
  .bss               zero     0x2000'508c      0x4c  tim.o [5]
  .bss               zero     0x2000'50d8      0x4c  tim.o [5]
  .bss               zero     0x2000'5124      0x40  queue.o [7]
  .bss               zero     0x2000'5164      0x1c  stm32h7xx_hal_flash.o [8]
  .bss               zero     0x2000'5180       0x4  rtc_timeStamp.o [4]
  .bss               zero     0x2000'5184       0x4  xfail_s.o [9]
                            - 0x2000'5188    0x50c4

"P2", part 3 of 3:                            0x400
  CSTACK                      0x2000'5188     0x400  <Block>
    CSTACK           uninit   0x2000'5188     0x400  <Block tail>
                            - 0x2000'5588     0x400

"P3":                                          0x2c
  .RAM_D1            zero     0x2400'0000      0x2c  main.o [5]
                            - 0x2400'002c      0x2c

"P4":                                          0x2c
  .RAM_D2            zero     0x3000'0000      0x2c  main.o [5]
                            - 0x3000'002c      0x2c

"P5":                                          0x2c
  .RAM_D3            zero     0x3800'0000      0x2c  main.o [5]
                            - 0x3800'002c      0x2c

"P6":                                          0x2c
  .RAM_BKP           zero     0x3880'0000      0x2c  main.o [5]
                            - 0x3880'002c      0x2c

Unused ranges:

         From           To       Size
         ----           --       ----
   0x800'c1c9   0x801'ffff   0x1'3e37
   0x804'0000   0x81f'ffff  0x1c'0000
  0x2000'5588  0x2001'ffff   0x1'aa78
  0x2400'002c  0x2408'0000   0x7'ffd5
  0x3000'002c  0x3004'8000   0x4'7fd5
  0x3800'002c  0x3801'0000     0xffd5
  0x3880'002c  0x3880'1000      0xfd5


*******************************************************************************
*** INIT TABLE
***

          Address      Size
          -------      ----
Zero (__iar_zero_init3)
    5 destination ranges, total size 0x5174:
          0x2000'00c4  0x50c4
          0x2400'0000    0x2c
          0x3000'0000    0x2c
          0x3800'0000    0x2c
          0x3880'0000    0x2c

Copy/packbits (__iar_packbits_init_single3)
    1 source range, total size 0x89 (69% of destination):
           0x800'c140    0x89
    1 destination range, total size 0xc4:
          0x2000'0000    0xc4



*******************************************************************************
*** MODULE SUMMARY
***

    Module                        ro code  ro data  rw data  rw data
                                                              (abs)
    ------                        -------  -------  -------  -------
command line/config:
    ----------------------------------------------------------------
    Total:

D:\MyProject\FreeRTOS_Project\h753FreertosTemplate4\EWARM\h753FreertosTemplate\Obj\App_13504199638787770977.dir: [1]
    bootLoader.o                      136
    ----------------------------------------------------------------
    Total:                            136

D:\MyProject\FreeRTOS_Project\h753FreertosTemplate4\EWARM\h753FreertosTemplate\Obj\BSP_16987466797925798938.dir: [2]
    stm32h7xx_nucleo.o                554       25      184
    ----------------------------------------------------------------
    Total:                            554       25      184

D:\MyProject\FreeRTOS_Project\h753FreertosTemplate4\EWARM\h753FreertosTemplate\Obj\CMSIS_6603591812247902717.dir: [3]
    system_stm32h7xx.o                212        6        8
    ----------------------------------------------------------------
    Total:                            212        6        8

D:\MyProject\FreeRTOS_Project\h753FreertosTemplate4\EWARM\h753FreertosTemplate\Obj\Common_Drv_14642545183444923962.dir: [4]
    cpu_flash.o                       600
    delay.o                            60
    rtc_timeStamp.o                   880      200      144
    timerForDebug.o                   148                80
    ----------------------------------------------------------------
    Total:                          1'688      200      224

D:\MyProject\FreeRTOS_Project\h753FreertosTemplate4\EWARM\h753FreertosTemplate\Obj\Core_13247989168731456611.dir: [5]
    dma.o                              96
    freertos.o                         60
    gpio.o                             68
    main.o                          4'180    3'732      364  131'072
    stm32h7xx_hal_msp.o                40
    stm32h7xx_hal_timebase_tim.o      144                76
    stm32h7xx_it.o                    120
    tim.o                             368               228
    usart.o                           816               776
    ----------------------------------------------------------------
    Total:                          5'892    3'732    1'444  131'072

D:\MyProject\FreeRTOS_Project\h753FreertosTemplate4\EWARM\h753FreertosTemplate\Obj\EWARM_18443280873093131863.dir: [6]
    startup_stm32h753xx.o           1'184
    ----------------------------------------------------------------
    Total:                          1'184

D:\MyProject\FreeRTOS_Project\h753FreertosTemplate4\EWARM\h753FreertosTemplate\Obj\FreeRTOS_4809373609813369194.dir: [7]
    cmsis_os2.o                        76             1'728
    event_groups.o                    448
    heap_4.o                          440            15'392
    list.o                            148
    port.o                            502        8       12
    portasm.o                         176
    queue.o                         1'968                64
    tasks.o                         4'664             1'280
    timers.o                        1'044               460
    ----------------------------------------------------------------
    Total:                          9'466        8   18'936

D:\MyProject\FreeRTOS_Project\h753FreertosTemplate4\EWARM\h753FreertosTemplate\Obj\STM32H7xx_HAL_Driver_12323373487323971647.dir: [8]
    stm32h7xx_hal.o                   132        8       12
    stm32h7xx_hal_cortex.o            284
    stm32h7xx_hal_dma.o             6'316
    stm32h7xx_hal_exti.o               28
    stm32h7xx_hal_flash.o             492                28
    stm32h7xx_hal_flash_ex.o          452
    stm32h7xx_hal_gpio.o              592
    stm32h7xx_hal_pwr.o                16
    stm32h7xx_hal_pwr_ex.o             72
    stm32h7xx_hal_rcc.o             2'704
    stm32h7xx_hal_rcc_ex.o          2'992
    stm32h7xx_hal_rtc.o             1'446
    stm32h7xx_hal_rtc_ex.o            270
    stm32h7xx_hal_tim.o             1'248
    stm32h7xx_hal_tim_ex.o            166
    stm32h7xx_hal_uart.o            3'376
    stm32h7xx_hal_uart_ex.o           250
    ----------------------------------------------------------------
    Total:                         20'836        8       40

dl7M_tlf.a: [9]
    abort.o                             6
    exit.o                              4
    low_level_init.o                    4
    printf.o                           40
    putchar.o                          68
    sprintf.o                          64
    xfail_s.o                          64                 4
    xfiles.o                                    51      152
    xlocale_c.o                         8       42       56
    xprintffull_nomb.o              3'786
    xprout.o                           22
    xsprout.o                          10
    ----------------------------------------------------------------
    Total:                          4'076       93      212

m7M_tlv.a: [10]
    DblCmpGe.o                         52
    DblCmpLe.o                         52
    DblDiv.o                           18
    DblMul.o                           18
    DblSub.o                           18
    DblToS32.o                         14
    DblToU32.o                         14
    S32ToDbl.o                         14
    U32ToDbl.o                         14
    fpinit_M.o                         34
    frexp.o                           112
    ldexp.o                           260
    ----------------------------------------------------------------
    Total:                            620

rt7M_tl.a: [11]
    ABImemclr4.o                        6
    ABImemcpy_small.o                  24
    ABImemset48.o                      58
    ABImemset_small.o                  18
    I64DivMod_small.o                 262
    I64DivZer.o                         2
    cexit.o                            10
    cmain.o                            30
    cstartup_M.o                       28
    data_init.o                        40
    memchr.o                           88
    memset.o                           20
    packbits_init_single.o             58
    strchr.o                           22
    strcpy.o                           24
    strlen_small.o                     20
    zero_init3.o                       56
    ----------------------------------------------------------------
    Total:                            766

shb_l.a: [12]
    exit.o                             20
    ----------------------------------------------------------------
    Total:                             20

    Gaps                               19        4
    Linker created                              64    1'024
--------------------------------------------------------------------
    Grand Total:                   45'469    4'140   22'072  131'072


*******************************************************************************
*** ENTRY LIST
***

Entry                       Address      Size  Type      Object
-----                       -------      ----  ----      ------
.iar.init_table$$Base    0x800'be70             --   Gb  - Linker created -
.iar.init_table$$Limit   0x800'beb0             --   Gb  - Linker created -
?main                    0x800'bed1            Code  Gb  cmain.o [11]
ADC3_IRQHandler          0x800'c0f1            Code  Wk  startup_stm32h753xx.o [6]
ADC_IRQHandler           0x800'bf7d            Code  Wk  startup_stm32h753xx.o [6]
AXISRAMBuf              0x2400'0004      0x28  Data  Gb  main.o [5]
AXISRAMCount            0x2400'0000       0x2  Data  Gb  main.o [5]
AppObjCreate::xTimerPer
                         0x800'6310       0x8  Data  Lc  main.o [5]
BDMA_Channel0_IRQHandler
                         0x800'c0f9            Code  Wk  startup_stm32h753xx.o [6]
BDMA_Channel1_IRQHandler
                         0x800'c0fd            Code  Wk  startup_stm32h753xx.o [6]
BDMA_Channel2_IRQHandler
                         0x800'c101            Code  Wk  startup_stm32h753xx.o [6]
BDMA_Channel3_IRQHandler
                         0x800'c105            Code  Wk  startup_stm32h753xx.o [6]
BDMA_Channel4_IRQHandler
                         0x800'c109            Code  Wk  startup_stm32h753xx.o [6]
BDMA_Channel5_IRQHandler
                         0x800'c10d            Code  Wk  startup_stm32h753xx.o [6]
BDMA_Channel6_IRQHandler
                         0x800'c111            Code  Wk  startup_stm32h753xx.o [6]
BDMA_Channel7_IRQHandler
                         0x800'c115            Code  Wk  startup_stm32h753xx.o [6]
BKPSRAMBuf              0x3880'0004      0x28  Data  Gb  main.o [5]
BKPSRAMCount            0x3880'0000       0x2  Data  Gb  main.o [5]
BSP_COM_Init             0x800'6ed9      0x90  Code  Gb  stm32h7xx_nucleo.o [2]
BSP_LED_Init             0x800'6da9      0x78  Code  Gb  stm32h7xx_nucleo.o [2]
BSP_LED_Toggle           0x800'6e21      0x2c  Code  Gb  stm32h7xx_nucleo.o [2]
BSP_PB_Callback          0x800'a6dd       0x2  Code  Wk  stm32h7xx_nucleo.o [2]
BSP_PB_Init              0x800'6e4d      0x8c  Code  Gb  stm32h7xx_nucleo.o [2]
BSP_PB_Init::BSP_BUTTON_PRIO
                        0x2000'0020       0x4  Data  Lc  stm32h7xx_nucleo.o [2]
BSP_PB_Init::BUTTON_EXTI_LINE
                         0x800'6f94       0x4  Data  Lc  stm32h7xx_nucleo.o [2]
BSP_PB_Init::ButtonCallback
                        0x2000'001c       0x4  Data  Lc  stm32h7xx_nucleo.o [2]
BUTTON_IRQn              0x800'6f90       0x2  Data  Lc  stm32h7xx_nucleo.o [2]
BUTTON_PIN               0x800'6f8c       0x2  Data  Lc  stm32h7xx_nucleo.o [2]
BUTTON_PORT             0x2000'0018       0x4  Data  Lc  stm32h7xx_nucleo.o [2]
BUTTON_USER_EXTI_Callback
                         0x800'6f7d       0x6  Code  Lc  stm32h7xx_nucleo.o [2]
BusFault_Handler         0x800'bc5b       0x2  Code  Gb  stm32h7xx_it.o [5]
CEC_IRQHandler           0x800'c081            Code  Wk  startup_stm32h753xx.o [6]
COMP1_IRQHandler         0x800'c119            Code  Wk  startup_stm32h753xx.o [6]
COM_USART               0x2000'002c       0x4  Data  Gb  stm32h7xx_nucleo.o [2]
CRS_IRQHandler           0x800'c131            Code  Wk  startup_stm32h753xx.o [6]
CRYP_IRQHandler          0x800'c049            Code  Wk  startup_stm32h753xx.o [6]
CSTACK$$Base            0x2000'5188             --   Gb  - Linker created -
CSTACK$$Limit           0x2000'5588             --   Gb  - Linker created -
D1CorePrescTable         0x800'bab8      0x10  Data  Gb  system_stm32h7xx.o [3]
D2SRAMBuf               0x3000'0004      0x28  Data  Gb  main.o [5]
D2SRAMCount             0x3000'0000       0x2  Data  Gb  main.o [5]
D3SRAMBuf               0x3800'0004      0x28  Data  Gb  main.o [5]
D3SRAMCount             0x3800'0000       0x2  Data  Gb  main.o [5]
DCMI_IRQHandler          0x800'c045            Code  Wk  startup_stm32h753xx.o [6]
DFSDM1_FLT0_IRQHandler   0x800'c0c1            Code  Wk  startup_stm32h753xx.o [6]
DFSDM1_FLT1_IRQHandler   0x800'c0c5            Code  Wk  startup_stm32h753xx.o [6]
DFSDM1_FLT2_IRQHandler   0x800'c0c9            Code  Wk  startup_stm32h753xx.o [6]
DFSDM1_FLT3_IRQHandler   0x800'c0cd            Code  Wk  startup_stm32h753xx.o [6]
DMA1_Stream0_IRQHandler
                         0x800'bc61       0x6  Code  Gb  stm32h7xx_it.o [5]
DMA1_Stream1_IRQHandler
                         0x800'bc67       0x6  Code  Gb  stm32h7xx_it.o [5]
DMA1_Stream2_IRQHandler
                         0x800'bc6d       0x6  Code  Gb  stm32h7xx_it.o [5]
DMA1_Stream3_IRQHandler
                         0x800'bc73       0x6  Code  Gb  stm32h7xx_it.o [5]
DMA1_Stream4_IRQHandler
                         0x800'bf71            Code  Wk  startup_stm32h753xx.o [6]
DMA1_Stream5_IRQHandler
                         0x800'bf75            Code  Wk  startup_stm32h753xx.o [6]
DMA1_Stream6_IRQHandler
                         0x800'bf79            Code  Wk  startup_stm32h753xx.o [6]
DMA1_Stream7_IRQHandler
                         0x800'bfe1            Code  Wk  startup_stm32h753xx.o [6]
DMA2D_IRQHandler         0x800'c071            Code  Wk  startup_stm32h753xx.o [6]
DMA2_Stream0_IRQHandler
                         0x800'c001            Code  Wk  startup_stm32h753xx.o [6]
DMA2_Stream1_IRQHandler
                         0x800'c005            Code  Wk  startup_stm32h753xx.o [6]
DMA2_Stream2_IRQHandler
                         0x800'c009            Code  Wk  startup_stm32h753xx.o [6]
DMA2_Stream3_IRQHandler
                         0x800'c00d            Code  Wk  startup_stm32h753xx.o [6]
DMA2_Stream4_IRQHandler
                         0x800'c011            Code  Wk  startup_stm32h753xx.o [6]
DMA2_Stream5_IRQHandler
                         0x800'c021            Code  Wk  startup_stm32h753xx.o [6]
DMA2_Stream6_IRQHandler
                         0x800'c025            Code  Wk  startup_stm32h753xx.o [6]
DMA2_Stream7_IRQHandler
                         0x800'c029            Code  Wk  startup_stm32h753xx.o [6]
DMAMUX1_OVR_IRQHandler   0x800'c0a1            Code  Wk  startup_stm32h753xx.o [6]
DMAMUX2_OVR_IRQHandler   0x800'c0f5            Code  Wk  startup_stm32h753xx.o [6]
DMA_CalcBaseAndBitshift
                         0x800'1929      0x92  Code  Lc  stm32h7xx_hal_dma.o [8]
DMA_CalcBaseAndBitshift{1}{2}::flagBitshiftOffset
                         0x800'1b3c       0x8  Data  Lc  stm32h7xx_hal_dma.o [8]
DMA_CalcDMAMUXChannelBaseAndMask
                         0x800'19d5      0x80  Code  Lc  stm32h7xx_hal_dma.o [8]
DMA_CalcDMAMUXRequestGenBaseAndMask
                         0x800'1a71      0x60  Code  Lc  stm32h7xx_hal_dma.o [8]
DMA_SetConfig            0x800'1781     0x192  Code  Lc  stm32h7xx_hal_dma.o [8]
DebugMon_Handler         0x800'bc5f       0x2  Code  Gb  stm32h7xx_it.o [5]
ECC_IRQHandler           0x800'c135            Code  Wk  startup_stm32h753xx.o [6]
ETH_IRQHandler           0x800'c015            Code  Wk  startup_stm32h753xx.o [6]
ETH_WKUP_IRQHandler      0x800'c019            Code  Wk  startup_stm32h753xx.o [6]
EXTI0_IRQHandler         0x800'bf5d            Code  Wk  startup_stm32h753xx.o [6]
EXTI15_10_IRQHandler     0x800'bcc5       0x8  Code  Gb  stm32h7xx_it.o [5]
EXTI1_IRQHandler         0x800'bf61            Code  Wk  startup_stm32h753xx.o [6]
EXTI2_IRQHandler         0x800'bf65            Code  Wk  startup_stm32h753xx.o [6]
EXTI3_IRQHandler         0x800'bf69            Code  Wk  startup_stm32h753xx.o [6]
EXTI4_IRQHandler         0x800'bf6d            Code  Wk  startup_stm32h753xx.o [6]
EXTI9_5_IRQHandler       0x800'bf91            Code  Wk  startup_stm32h753xx.o [6]
Error_Handler            0x800'60bd       0x4  Code  Gb  main.o [5]
FDCAN1_IT0_IRQHandler    0x800'bf81            Code  Wk  startup_stm32h753xx.o [6]
FDCAN1_IT1_IRQHandler    0x800'bf89            Code  Wk  startup_stm32h753xx.o [6]
FDCAN2_IT0_IRQHandler    0x800'bf85            Code  Wk  startup_stm32h753xx.o [6]
FDCAN2_IT1_IRQHandler    0x800'bf8d            Code  Wk  startup_stm32h753xx.o [6]
FDCAN_CAL_IRQHandler     0x800'c01d            Code  Wk  startup_stm32h753xx.o [6]
FLASH_Erase_Sector       0x800'ab57      0x3c  Code  Gb  stm32h7xx_hal_flash_ex.o [8]
FLASH_IRQHandler         0x800'bf55            Code  Wk  startup_stm32h753xx.o [6]
FLASH_MassErase          0x800'aaed      0x6a  Code  Lc  stm32h7xx_hal_flash_ex.o [8]
FLASH_WaitForLastOperation
                         0x800'a905      0xa8  Code  Gb  stm32h7xx_hal_flash.o [8]
FMC_IRQHandler           0x800'bfe5            Code  Wk  startup_stm32h753xx.o [6]
FPU_IRQHandler           0x800'c051            Code  Wk  startup_stm32h753xx.o [6]
HAL_DMA_Abort            0x800'0979     0x366  Code  Gb  stm32h7xx_hal_dma.o [8]
HAL_DMA_Abort_IT         0x800'0d25     0x268  Code  Gb  stm32h7xx_hal_dma.o [8]
HAL_DMA_IRQHandler       0x800'0ff5     0x73c  Code  Gb  stm32h7xx_hal_dma.o [8]
HAL_DMA_Init             0x800'0299     0x3a6  Code  Gb  stm32h7xx_hal_dma.o [8]
HAL_DMA_Start_IT         0x800'066d     0x282  Code  Gb  stm32h7xx_hal_dma.o [8]
HAL_EXTI_GetHandle       0x800'a699       0xc  Code  Gb  stm32h7xx_hal_exti.o [8]
HAL_EXTI_RegisterCallback
                         0x800'a689      0x10  Code  Gb  stm32h7xx_hal_exti.o [8]
HAL_FLASHEx_Erase        0x800'a9e1      0xf8  Code  Gb  stm32h7xx_hal_flash_ex.o [8]
HAL_FLASH_Lock           0x800'a8d7      0x18  Code  Gb  stm32h7xx_hal_flash.o [8]
HAL_FLASH_Program        0x800'a7f5      0xa6  Code  Gb  stm32h7xx_hal_flash.o [8]
HAL_FLASH_Unlock         0x800'a8a5      0x32  Code  Gb  stm32h7xx_hal_flash.o [8]
HAL_GPIO_EXTI_Callback   0x800'5e0f      0x8c  Code  Gb  main.o [5]
HAL_GPIO_EXTI_IRQHandler
                         0x800'8207      0x12  Code  Gb  stm32h7xx_hal_gpio.o [8]
HAL_GPIO_Init            0x800'8005     0x1ea  Code  Gb  stm32h7xx_hal_gpio.o [8]
HAL_GPIO_TogglePin       0x800'81f7      0x10  Code  Gb  stm32h7xx_hal_gpio.o [8]
HAL_GPIO_WritePin        0x800'81ef       0x8  Code  Gb  stm32h7xx_hal_gpio.o [8]
HAL_GetREVID             0x800'864f       0x8  Code  Gb  stm32h7xx_hal.o [8]
HAL_GetTick              0x800'1b45       0xc  Code  Wk  stm32h7xx_hal.o [8]
HAL_IncTick              0x800'93f5      0x10  Code  Wk  stm32h7xx_hal.o [8]
HAL_Init                 0x800'8605      0x4a  Code  Gb  stm32h7xx_hal.o [8]
HAL_InitTick             0x800'aba5      0x7c  Code  Gb  stm32h7xx_hal_timebase_tim.o [5]
HAL_MPU_ConfigRegion     0x800'859d      0x4a  Code  Gb  stm32h7xx_hal_cortex.o [8]
HAL_MPU_Disable          0x800'856f      0x14  Code  Gb  stm32h7xx_hal_cortex.o [8]
HAL_MPU_Enable           0x800'8583      0x1a  Code  Gb  stm32h7xx_hal_cortex.o [8]
HAL_MspInit              0x800'ac35      0x28  Code  Gb  stm32h7xx_hal_msp.o [5]
HAL_NVIC_EnableIRQ       0x800'8559      0x16  Code  Gb  stm32h7xx_hal_cortex.o [8]
HAL_NVIC_SetPriority     0x800'851d      0x3a  Code  Gb  stm32h7xx_hal_cortex.o [8]
HAL_NVIC_SetPriorityGrouping
                         0x800'8503      0x1a  Code  Gb  stm32h7xx_hal_cortex.o [8]
HAL_PWREx_ConfigSupply   0x800'891d      0x44  Code  Gb  stm32h7xx_hal_pwr_ex.o [8]
HAL_PWR_EnableBkUpAccess
                         0x800'9ab9       0xc  Code  Gb  stm32h7xx_hal_pwr.o [8]
HAL_RCCEx_GetD3PCLK1Freq
                         0x800'a2b5       0xa  Code  Gb  stm32h7xx_hal_rcc_ex.o [8]
HAL_RCCEx_GetPLL2ClockFreq
                         0x800'a2d5      0x58  Code  Gb  stm32h7xx_hal_rcc_ex.o [8]
HAL_RCCEx_GetPLL3ClockFreq
                         0x800'a32d      0x58  Code  Gb  stm32h7xx_hal_rcc_ex.o [8]
HAL_RCCEx_PeriphCLKConfig
                         0x800'9ac9     0x7c0  Code  Gb  stm32h7xx_hal_rcc_ex.o [8]
HAL_RCC_ClockConfig      0x800'8fef     0x1ac  Code  Gb  stm32h7xx_hal_rcc.o [8]
HAL_RCC_DeInit           0x800'8e75     0x168  Code  Gb  stm32h7xx_hal_rcc.o [8]
HAL_RCC_GetClockConfig   0x800'9353      0x4c  Code  Gb  stm32h7xx_hal_rcc.o [8]
HAL_RCC_GetHCLKFreq      0x800'92f3      0x30  Code  Gb  stm32h7xx_hal_rcc.o [8]
HAL_RCC_GetPCLK1Freq     0x800'9323      0x10  Code  Gb  stm32h7xx_hal_rcc.o [8]
HAL_RCC_GetPCLK2Freq     0x800'9333       0xe  Code  Gb  stm32h7xx_hal_rcc.o [8]
HAL_RCC_GetSysClockFreq
                         0x800'91f5      0xf0  Code  Gb  stm32h7xx_hal_rcc.o [8]
HAL_RCC_OscConfig        0x800'8965     0x510  Code  Wk  stm32h7xx_hal_rcc.o [8]
HAL_RTCEx_AlarmBEventCallback
                         0x800'acfd       0x2  Code  Wk  stm32h7xx_hal_rtc_ex.o [8]
HAL_RTCEx_SetWakeUpTimer_IT
                         0x800'99ad      0x96  Code  Gb  stm32h7xx_hal_rtc_ex.o [8]
HAL_RTCEx_WakeUpTimerEventCallback
                         0x800'6555      0x6a  Code  Gb  rtc_timeStamp.o [4]
HAL_RTCEx_WakeUpTimerIRQHandler
                         0x800'9a6d      0x28  Code  Gb  stm32h7xx_hal_rtc_ex.o [8]
HAL_RTC_AlarmAEventCallback
                         0x800'65d9       0xe  Code  Gb  rtc_timeStamp.o [4]
HAL_RTC_AlarmIRQHandler
                         0x800'9871      0x4c  Code  Gb  stm32h7xx_hal_rtc.o [8]
HAL_RTC_GetDate          0x800'964b      0x34  Code  Gb  stm32h7xx_hal_rtc.o [8]
HAL_RTC_GetTime          0x800'956b      0x3c  Code  Gb  stm32h7xx_hal_rtc.o [8]
HAL_RTC_Init             0x800'9405      0xa0  Code  Gb  stm32h7xx_hal_rtc.o [8]
HAL_RTC_MspInit          0x800'64d5      0x74  Code  Gb  rtc_timeStamp.o [4]
HAL_RTC_SetAlarm_IT      0x800'96db      0xdc  Code  Gb  stm32h7xx_hal_rtc.o [8]
HAL_RTC_SetDate          0x800'95a7      0xa4  Code  Gb  stm32h7xx_hal_rtc.o [8]
HAL_RTC_SetTime          0x800'94a5      0xc6  Code  Gb  stm32h7xx_hal_rtc.o [8]
HAL_RTC_WaitForSynchro   0x800'98bd      0x2e  Code  Gb  stm32h7xx_hal_rtc.o [8]
HAL_TIMEx_Break2Callback
                         0x800'a67f       0x2  Code  Wk  stm32h7xx_hal_tim_ex.o [8]
HAL_TIMEx_BreakCallback
                         0x800'a67d       0x2  Code  Wk  stm32h7xx_hal_tim_ex.o [8]
HAL_TIMEx_CommutCallback
                         0x800'a683       0x2  Code  Wk  stm32h7xx_hal_tim_ex.o [8]
HAL_TIMEx_MasterConfigSynchronization
                         0x800'ac5d      0x82  Code  Gb  stm32h7xx_hal_tim_ex.o [8]
HAL_TIM_Base_Init        0x800'6711      0x1a  Code  Gb  stm32h7xx_hal_tim.o [8]
HAL_TIM_Base_MspInit     0x800'87bf      0xa4  Code  Gb  tim.o [5]
HAL_TIM_Base_Start_IT    0x800'672b      0x86  Code  Gb  stm32h7xx_hal_tim.o [8]
HAL_TIM_Base_Stop_IT     0x800'67bf      0x38  Code  Gb  stm32h7xx_hal_tim.o [8]
HAL_TIM_ConfigClockSource
                         0x800'699d      0xce  Code  Gb  stm32h7xx_hal_tim.o [8]
HAL_TIM_IC_CaptureCallback
                         0x800'a679       0x2  Code  Wk  stm32h7xx_hal_tim.o [8]
HAL_TIM_IRQHandler       0x800'6855     0x142  Code  Gb  stm32h7xx_hal_tim.o [8]
HAL_TIM_OC_DelayElapsedCallback
                         0x800'a67b       0x2  Code  Wk  stm32h7xx_hal_tim.o [8]
HAL_TIM_PWM_PulseFinishedCallback
                         0x800'a685       0x2  Code  Wk  stm32h7xx_hal_tim.o [8]
HAL_TIM_PeriodElapsedCallback
                         0x800'5ec5     0x138  Code  Gb  main.o [5]
HAL_TIM_PeriodElapsedCallback::g_uiCount
                        0x2000'4c00       0x4  Data  Lc  main.o [5]
HAL_TIM_TriggerCallback
                         0x800'a681       0x2  Code  Wk  stm32h7xx_hal_tim.o [8]
HAL_UARTEx_DisableFifoMode
                         0x800'a6ed      0x3a  Code  Gb  stm32h7xx_hal_uart_ex.o [8]
HAL_UARTEx_RxEventCallback
                         0x800'a6e1       0x2  Code  Wk  stm32h7xx_hal_uart.o [8]
HAL_UARTEx_RxFifoFullCallback
                         0x800'a6e9       0x2  Code  Wk  stm32h7xx_hal_uart_ex.o [8]
HAL_UARTEx_SetRxFifoThreshold
                         0x800'a73d      0x14  Code  Gb  stm32h7xx_hal_uart_ex.o [8]
HAL_UARTEx_SetTxFifoThreshold
                         0x800'a727      0x16  Code  Gb  stm32h7xx_hal_uart_ex.o [8]
HAL_UARTEx_TxFifoEmptyCallback
                         0x800'a6e7       0x2  Code  Wk  stm32h7xx_hal_uart_ex.o [8]
HAL_UARTEx_WakeupCallback
                         0x800'a6e3       0x2  Code  Wk  stm32h7xx_hal_uart_ex.o [8]
HAL_UART_ErrorCallback   0x800'a6df       0x2  Code  Wk  stm32h7xx_hal_uart.o [8]
HAL_UART_IRQHandler      0x800'7167     0x32e  Code  Gb  stm32h7xx_hal_uart.o [8]
HAL_UART_Init            0x800'6fad      0x38  Code  Gb  stm32h7xx_hal_uart.o [8]
HAL_UART_MspInit         0x800'7d8b     0x1c0  Code  Gb  usart.o [5]
HAL_UART_Transmit        0x800'702f      0x9a  Code  Gb  stm32h7xx_hal_uart.o [8]
HAL_UART_Transmit_DMA    0x800'70cf      0x86  Code  Gb  stm32h7xx_hal_uart.o [8]
HAL_UART_TxCpltCallback
                         0x800'a6e5       0x2  Code  Wk  stm32h7xx_hal_uart.o [8]
HAL_UART_TxHalfCpltCallback
                         0x800'a6eb       0x2  Code  Wk  stm32h7xx_hal_uart.o [8]
HASH_RNG_IRQHandler      0x800'c04d            Code  Wk  startup_stm32h753xx.o [6]
HRTIM1_FLT_IRQHandler    0x800'c0bd            Code  Wk  startup_stm32h753xx.o [6]
HRTIM1_Master_IRQHandler
                         0x800'c0a5            Code  Wk  startup_stm32h753xx.o [6]
HRTIM1_TIMA_IRQHandler   0x800'c0a9            Code  Wk  startup_stm32h753xx.o [6]
HRTIM1_TIMB_IRQHandler   0x800'c0ad            Code  Wk  startup_stm32h753xx.o [6]
HRTIM1_TIMC_IRQHandler   0x800'c0b1            Code  Wk  startup_stm32h753xx.o [6]
HRTIM1_TIMD_IRQHandler   0x800'c0b5            Code  Wk  startup_stm32h753xx.o [6]
HRTIM1_TIME_IRQHandler   0x800'c0b9            Code  Wk  startup_stm32h753xx.o [6]
HSEM1_IRQHandler         0x800'c0ed            Code  Wk  startup_stm32h753xx.o [6]
HardFault_Handler        0x800'bc57       0x2  Code  Gb  stm32h7xx_it.o [5]
I2C1_ER_IRQHandler       0x800'bfb1            Code  Wk  startup_stm32h753xx.o [6]
I2C1_EV_IRQHandler       0x800'bfad            Code  Wk  startup_stm32h753xx.o [6]
I2C2_ER_IRQHandler       0x800'bfb9            Code  Wk  startup_stm32h753xx.o [6]
I2C2_EV_IRQHandler       0x800'bfb5            Code  Wk  startup_stm32h753xx.o [6]
I2C3_ER_IRQHandler       0x800'c031            Code  Wk  startup_stm32h753xx.o [6]
I2C3_EV_IRQHandler       0x800'c02d            Code  Wk  startup_stm32h753xx.o [6]
I2C4_ER_IRQHandler       0x800'c089            Code  Wk  startup_stm32h753xx.o [6]
I2C4_EV_IRQHandler       0x800'c085            Code  Wk  startup_stm32h753xx.o [6]
JPEG_IRQHandler          0x800'c0e1            Code  Wk  startup_stm32h753xx.o [6]
JumpToBootLoader         0x800'6319      0x5a  Code  Gb  bootLoader.o [1]
LED_PIN                  0x800'6f84       0x8  Data  Lc  stm32h7xx_nucleo.o [2]
LED_PORT                0x2000'0030       0xc  Data  Lc  stm32h7xx_nucleo.o [2]
LPTIM1_IRQHandler        0x800'c07d            Code  Wk  startup_stm32h753xx.o [6]
LPTIM2_IRQHandler        0x800'c11d            Code  Wk  startup_stm32h753xx.o [6]
LPTIM3_IRQHandler        0x800'c121            Code  Wk  startup_stm32h753xx.o [6]
LPTIM4_IRQHandler        0x800'c125            Code  Wk  startup_stm32h753xx.o [6]
LPTIM5_IRQHandler        0x800'c129            Code  Wk  startup_stm32h753xx.o [6]
LPUART1_IRQHandler       0x800'c12d            Code  Wk  startup_stm32h753xx.o [6]
LTDC_ER_IRQHandler       0x800'c06d            Code  Wk  startup_stm32h753xx.o [6]
LTDC_IRQHandler          0x800'c069            Code  Wk  startup_stm32h753xx.o [6]
MDIOS_IRQHandler         0x800'c0dd            Code  Wk  startup_stm32h753xx.o [6]
MDIOS_WKUP_IRQHandler    0x800'c0d9            Code  Wk  startup_stm32h753xx.o [6]
MDMA_IRQHandler          0x800'c0e5            Code  Wk  startup_stm32h753xx.o [6]
MX_DMA_Init              0x800'86b1      0x60  Code  Gb  dma.o [5]
MX_GPIO_Init             0x800'866d      0x44  Code  Gb  gpio.o [5]
MX_TIM15_Init            0x800'8711      0x6a  Code  Gb  tim.o [5]
MX_TIM16_Init            0x800'877b      0x12  Code  Gb  tim.o [5]
MX_TIM17_Init            0x800'878d      0x12  Code  Gb  tim.o [5]
MX_UART7_Init            0x800'7cd5      0x52  Code  Gb  usart.o [5]
MX_USART3_Init           0x800'a6a5      0x38  Code  Wk  stm32h7xx_nucleo.o [2]
MX_USART6_UART_Init      0x800'7d27      0x4a  Code  Gb  usart.o [5]
MemManage_Handler        0x800'bc59       0x2  Code  Gb  stm32h7xx_it.o [5]
NMI_Handler              0x800'bc55       0x2  Code  Gb  stm32h7xx_it.o [5]
OTG_FS_EP1_IN_IRQHandler
                         0x800'c095            Code  Wk  startup_stm32h753xx.o [6]
OTG_FS_EP1_OUT_IRQHandler
                         0x800'c091            Code  Wk  startup_stm32h753xx.o [6]
OTG_FS_IRQHandler        0x800'c09d            Code  Wk  startup_stm32h753xx.o [6]
OTG_FS_WKUP_IRQHandler   0x800'c099            Code  Wk  startup_stm32h753xx.o [6]
OTG_HS_EP1_IN_IRQHandler
                         0x800'c039            Code  Wk  startup_stm32h753xx.o [6]
OTG_HS_EP1_OUT_IRQHandler
                         0x800'c035            Code  Wk  startup_stm32h753xx.o [6]
OTG_HS_IRQHandler        0x800'c041            Code  Wk  startup_stm32h753xx.o [6]
OTG_HS_WKUP_IRQHandler   0x800'c03d            Code  Wk  startup_stm32h753xx.o [6]
PVD_AVD_IRQHandler       0x800'bf4d            Code  Wk  startup_stm32h753xx.o [6]
PendSV_Handler           0x800'3719            Code  Gb  portasm.o [7]
QUADSPI_IRQHandler       0x800'c079            Code  Wk  startup_stm32h753xx.o [6]
RCCEx_PLL2_Config        0x800'a4b5      0xac  Code  Lc  stm32h7xx_hal_rcc_ex.o [8]
RCCEx_PLL3_Config        0x800'a561      0xac  Code  Lc  stm32h7xx_hal_rcc_ex.o [8]
RCC_IRQHandler           0x800'bf59            Code  Wk  startup_stm32h753xx.o [6]
RTC_Alarm_IRQHandler     0x800'6549       0x6  Code  Gb  rtc_timeStamp.o [4]
RTC_ByteToBcd2           0x800'9995      0x16  Code  Gb  stm32h7xx_hal_rtc.o [8]
RTC_CalendarShow         0x800'63a1      0x5a  Code  Gb  rtc_timeStamp.o [4]
RTC_EnterInitMode        0x800'98eb      0x42  Code  Gb  stm32h7xx_hal_rtc.o [8]
RTC_ExitInitMode         0x800'992d      0x4c  Code  Gb  stm32h7xx_hal_rtc.o [8]
RTC_WKUP_IRQHandler      0x800'654f       0x6  Code  Gb  rtc_timeStamp.o [4]
Region$$Table$$Base      0x800'be70             --   Gb  - Linker created -
Region$$Table$$Limit     0x800'beb0             --   Gb  - Linker created -
Reset_Handler            0x800'bf39            Code  Wk  startup_stm32h753xx.o [6]
RtcHandle               0x2000'4ec8      0x24  Data  Gb  rtc_timeStamp.o [4]
SAI1_IRQHandler          0x800'c065            Code  Wk  startup_stm32h753xx.o [6]
SAI2_IRQHandler          0x800'c075            Code  Wk  startup_stm32h753xx.o [6]
SAI3_IRQHandler          0x800'c0d1            Code  Wk  startup_stm32h753xx.o [6]
SAI4_IRQHandler          0x800'c139            Code  Wk  startup_stm32h753xx.o [6]
SDMMC1_IRQHandler        0x800'bfe9            Code  Wk  startup_stm32h753xx.o [6]
SDMMC2_IRQHandler        0x800'c0e9            Code  Wk  startup_stm32h753xx.o [6]
SPDIF_RX_IRQHandler      0x800'c08d            Code  Wk  startup_stm32h753xx.o [6]
SPI1_IRQHandler          0x800'bfbd            Code  Wk  startup_stm32h753xx.o [6]
SPI2_IRQHandler          0x800'bfc1            Code  Wk  startup_stm32h753xx.o [6]
SPI3_IRQHandler          0x800'bff1            Code  Wk  startup_stm32h753xx.o [6]
SPI4_IRQHandler          0x800'c059            Code  Wk  startup_stm32h753xx.o [6]
SPI5_IRQHandler          0x800'c05d            Code  Wk  startup_stm32h753xx.o [6]
SPI6_IRQHandler          0x800'c061            Code  Wk  startup_stm32h753xx.o [6]
SVC_Handler              0x800'3771            Code  Gb  portasm.o [7]
[...]
__iar_softfp___iar_frexp64
                         0x800'4f4d            Code  Gb  frexp.o [10]
__iar_softfp___iar_ldexp64
                         0x800'5025            Code  Gb  ldexp.o [10]
__iar_softfp___iar_scalbln64
                         0x800'5025            Code  Gb  ldexp.o [10]
__iar_softfp___iar_scalbn64
                         0x800'5025            Code  Gb  ldexp.o [10]
__iar_softfp_frexp       0x800'4f4d            Code  Gb  frexp.o [10]
__iar_softfp_frexpl      0x800'4f4d            Code  Gb  frexp.o [10]
__iar_softfp_ldexp       0x800'5025            Code  Gb  ldexp.o [10]
__iar_softfp_ldexpl      0x800'5025            Code  Gb  ldexp.o [10]
__iar_softfp_scalbln     0x800'5025            Code  Gb  ldexp.o [10]
__iar_softfp_scalblnl    0x800'5025            Code  Gb  ldexp.o [10]
__iar_softfp_scalbn      0x800'5025            Code  Gb  ldexp.o [10]
__iar_softfp_scalbnl     0x800'5025            Code  Gb  ldexp.o [10]
__iar_zero_init3         0x800'bdbd      0x38  Code  Gb  zero_init3.o [11]
__low_level_init         0x800'beef       0x4  Code  Gb  low_level_init.o [9]
__vector_table           0x800'0000            Data  Gb  startup_stm32h753xx.o [6]
__write                  0x800'7f93      0x34  Code  Gb  usart.o [5]
_call_main               0x800'bedd            Code  Gb  cmain.o [11]
_exit                    0x800'bef9            Code  Gb  cexit.o [11]
aShowDate               0x2000'4f20      0x34  Data  Gb  rtc_timeStamp.o [4]
aShowTime               0x2000'4eec      0x34  Data  Gb  rtc_timeStamp.o [4]
abort                    0x800'52a7       0x6  Code  Gb  abort.o [9]
cmpCpuFlash              0x800'8375      0x3a  Code  Gb  cpu_flash.o [4]
configureTimerForRunTimeStats
                         0x800'3645       0x8  Code  Gb  freertos.o [5]
delay_us                 0x800'8255      0x3c  Code  Gb  delay.o [4]
eTaskGetState            0x800'1e5b      0x62  Code  Gb  tasks.o [7]
eraseCpuFlash            0x800'8331      0x44  Code  Gb  cpu_flash.o [4]
exit                     0x800'bef3       0x4  Code  Gb  exit.o [9]
g_tMsg                  0x2000'4bb0      0x10  Data  Gb  main.o [5]
getRunTimeCounterValue   0x800'364d       0x6  Code  Gb  freertos.o [5]
getSector                0x800'8291      0xa0  Code  Gb  cpu_flash.o [4]
hcom_uart               0x2000'4d0c      0x94  Data  Gb  stm32h7xx_nucleo.o [2]
hdma_uart7_rx           0x2000'4804      0x78  Data  Gb  usart.o [5]
hdma_uart7_tx           0x2000'487c      0x78  Data  Gb  usart.o [5]
hdma_usart6_rx          0x2000'48f4      0x78  Data  Gb  usart.o [5]
hdma_usart6_tx          0x2000'496c      0x78  Data  Gb  usart.o [5]
hpb_exti                0x2000'0024       0x8  Data  Gb  stm32h7xx_nucleo.o [2]
htim15                  0x2000'5040      0x4c  Data  Gb  tim.o [5]
htim16                  0x2000'508c      0x4c  Data  Gb  tim.o [5]
htim17                  0x2000'50d8      0x4c  Data  Gb  tim.o [5]
htim6                   0x2000'4ff4      0x4c  Data  Gb  stm32h7xx_hal_timebase_tim.o [5]
huart6                  0x2000'4e34      0x94  Data  Gb  usart.o [5]
huart7                  0x2000'4da0      0x94  Data  Gb  usart.o [5]
iar9x_putc               0x800'7fc7      0x14  Code  Gb  usart.o [5]
ldexp                    0x800'5039            Code  Gb  ldexp.o [10]
ldexpl                   0x800'5039            Code  Gb  ldexp.o [10]
localeconv               0x800'5199       0x4  Code  Gb  xlocale_c.o [9]
main                     0x800'5a11     0x312  Code  Gb  main.o [5]
memchr                   0x800'4ef5            Code  Gb  memchr.o [11]
memset                   0x800'a7e1      0x14  Code  Gb  memset.o [11]
obuf                    0x2000'4fa4      0x50  Data  Lc  xfiles.o [9]
pFlash                  0x2000'5164      0x1c  Data  Gb  stm32h7xx_hal_flash.o [8]
para_flash_area          0x802'0000  0x2'0000  Data  Gb  main.o [5]
printf                   0x800'3f91      0x28  Code  Gb  printf.o [9]
prvAddCurrentTaskToDelayedList
                         0x800'2cff      0x4e  Code  Lc  tasks.o [7]
prvAddNewTaskToReadyList
                         0x800'1ca1      0xb0  Code  Lc  tasks.o [7]
prvCheckForValidListAndQueue
                         0x800'35a9      0x4e  Code  Lc  timers.o [7]
prvCheckForValidListAndQueue{1}{2}{3}{4}::ucStaticTimerQueueStorage
                        0x2000'4a70     0x140  Data  Lc  timers.o [7]
prvCheckForValidListAndQueue{1}{2}{3}{4}::xStaticTimerQueue
                        0x2000'4a20      0x50  Data  Lc  timers.o [7]
prvCopyDataFromQueue     0x800'3e7b      0x26  Code  Lc  queue.o [7]
prvCopyDataToQueue       0x800'3e13      0x68  Code  Lc  queue.o [7]
prvDeleteTCB             0x800'26df      0x2a  Code  Lc  tasks.o [7]
prvIdleTask              0x800'25ad      0x48  Code  Lc  tasks.o [7]
prvInitialiseMutex       0x800'390d      0x12  Code  Lc  queue.o [7]
prvInitialiseNewQueue    0x800'38ed      0x20  Code  Lc  queue.o [7]
prvInitialiseNewTask     0x800'1c0f      0x92  Code  Lc  tasks.o [7]
prvInitialiseNewTimer    0x800'32b9      0x42  Code  Lc  timers.o [7]
prvInsertBlockIntoFreeList
                         0x800'2ef5      0x46  Code  Lc  heap_4.o [7]
prvInsertTimerInActiveList
                         0x800'3573      0x34  Code  Lc  timers.o [7]
prvIsQueueEmpty          0x800'3f09      0x16  Code  Lc  queue.o [7]
prvListTasksWithinSingleList
                         0x800'266f      0x5a  Code  Lc  tasks.o [7]
prvResetNextTaskUnblockTime
                         0x800'2709      0x1c  Code  Lc  tasks.o [7]
prvSampleTimeNow         0x800'34f9      0x7a  Code  Lc  timers.o [7]
prvSampleTimeNow::xLastTime
                        0x2000'49f4       0x4  Data  Lc  timers.o [7]
prvTaskCheckFreeStackSpace
                         0x800'26c9      0x16  Code  Lc  tasks.o [7]
prvTaskExitError         0x800'3071      0x1c  Code  Lc  port.o [7]
prvTaskIsTaskSuspended   0x800'1ffd      0x28  Code  Lc  tasks.o [7]
prvTestWaitCondition     0x800'6d7d      0x14  Code  Lc  event_groups.o [7]
prvTimerTask             0x800'3371     0x188  Code  Lc  timers.o [7]
prvUnlockQueue           0x800'3ea1      0x68  Code  Lc  queue.o [7]
prvWriteNameToBuffer     0x800'287d      0x22  Code  Lc  tasks.o [7]
putchar                  0x800'bd41      0x44  Code  Gb  putchar.o [9]
pvPortMalloc             0x800'2d89     0x104  Code  Gb  heap_4.o [7]
pvTaskIncrementMutexHeldCount
                         0x800'29e7      0x14  Code  Gb  tasks.o [7]
pvTimerGetTimerID        0x800'35f7      0x10  Code  Gb  timers.o [7]
pxCurrentTCB            0x2000'4c94       0x4  Data  Gb  tasks.o [7]
pxCurrentTimerList      0x2000'49e4       0x4  Data  Lc  timers.o [7]
pxDelayedTaskList       0x2000'4c98       0x4  Data  Lc  tasks.o [7]
pxEnd                   0x2000'00cc       0x4  Data  Lc  heap_4.o [7]
pxOverflowDelayedTaskList
                        0x2000'4c9c       0x4  Data  Lc  tasks.o [7]
pxOverflowTimerList     0x2000'49e8       0x4  Data  Lc  timers.o [7]
pxPortInitialiseStack    0x800'3049      0x26  Code  Gb  port.o [7]
pxReadyTasksLists       0x2000'4144     0x460  Data  Lc  tasks.o [7]
rtcTimeStampInit         0x800'63fd      0xd6  Code  Gb  rtc_timeStamp.o [4]
scalbln                  0x800'5039            Code  Gb  ldexp.o [10]
scalblnl                 0x800'5039            Code  Gb  ldexp.o [10]
scalbn                   0x800'5039            Code  Gb  ldexp.o [10]
scalbnl                  0x800'5039            Code  Gb  ldexp.o [10]
scale                    0x800'4db5      0x46  Code  Lc  xprintffull_nomb.o [9]
sec_hand                0x2000'5184       0x4  Data  Lc  xfail_s.o [9]
sprintf                  0x800'36ad      0x40  Code  Gb  sprintf.o [9]
strchr                   0x800'4e9d            Code  Gb  strchr.o [11]
strcpy                   0x800'3681            Code  Gb  strcpy.o [11]
timer4DebugInit          0x800'8881      0x48  Code  Gb  timerForDebug.o [4]
triggerCntA             0x2000'5180       0x4  Data  Lc  rtc_timeStamp.o [4]
uart7ModeChange          0x800'7f65      0x2e  Code  Gb  usart.o [5]
ucHeap                  0x2000'00e4    0x3c00  Data  Lc  heap_4.o [7]
ucMaxSysCallPriority    0x2000'0000       0x1  Data  Lc  port.o [7]
ulHighFrequencyTimerTicks
                        0x2000'4fa0       0x4  Data  Gb  timerForDebug.o [4]
ulMaxPRIGROUPValue      0x2000'0008       0x4  Data  Lc  port.o [7]
ulTaskNotifyTake         0x800'2a01      0x52  Code  Gb  tasks.o [7]
ulTaskSwitchedInTime    0x2000'4ce0       0x4  Data  Lc  tasks.o [7]
uwTick                  0x2000'0010       0x4  Data  Gb  stm32h7xx_hal.o [8]
uwTickFreq              0x2000'000c       0x1  Data  Gb  stm32h7xx_hal.o [8]
uwTickPrio              0x2000'0014       0x4  Data  Gb  stm32h7xx_hal.o [8]
uxCriticalNesting       0x2000'0004       0x4  Data  Lc  port.o [7]
uxCurrentNumberOfTasks  0x2000'4cb8       0x4  Data  Lc  tasks.o [7]
uxDeletedTasksWaitingCleanUp
                        0x2000'4ca0       0x4  Data  Lc  tasks.o [7]
uxListRemove             0x800'2fe7      0x28  Code  Gb  list.o [7]
uxSchedulerSuspended    0x2000'4cdc       0x4  Data  Lc  tasks.o [7]
uxTaskGetSystemState     0x800'220d      0x9c  Code  Gb  tasks.o [7]
uxTaskNumber            0x2000'4cd4       0x4  Data  Lc  tasks.o [7]
uxTaskPriorityGet        0x800'1ebd      0x16  Code  Gb  tasks.o [7]
uxTaskResetEventItemValue
                         0x800'29d1      0x16  Code  Gb  tasks.o [7]
uxTopReadyPriority      0x2000'4cc0       0x4  Data  Lc  tasks.o [7]
vApplicationGetIdleTaskMemory
                         0x800'321d      0x14  Code  Wk  cmsis_os2.o [7]
vApplicationGetIdleTaskMemory::Idle_Stack
                        0x2000'4604     0x200  Data  Lc  cmsis_os2.o [7]
vApplicationGetIdleTaskMemory::Idle_TCB
                        0x2000'45a4      0x60  Data  Lc  cmsis_os2.o [7]
vApplicationGetTimerTaskMemory
                         0x800'37c9      0x18  Code  Wk  cmsis_os2.o [7]
vApplicationGetTimerTaskMemory::Timer_Stack
                        0x2000'3d44     0x400  Data  Lc  cmsis_os2.o [7]
vApplicationGetTimerTaskMemory::Timer_TCB
                        0x2000'3ce4      0x60  Data  Lc  cmsis_os2.o [7]
vApplicationStackOverflowHook
                         0x800'3655       0x6  Code  Gb  freertos.o [5]
vEventGroupSetBitsCallback
                         0x800'6d7b       0x2  Code  Gb  event_groups.o [7]
vListInitialise          0x800'2f7b      0x1a  Code  Gb  list.o [7]
vListInitialiseItem      0x800'2f95       0x6  Code  Gb  list.o [7]
vListInsert              0x800'2fb5      0x32  Code  Gb  list.o [7]
vListInsertEnd           0x800'2f9b      0x1a  Code  Gb  list.o [7]
vPortEnableVFP           0x800'37ad            Code  Gb  portasm.o [7]
vPortEnterCritical       0x800'312d      0x32  Code  Gb  port.o [7]
vPortExitCritical        0x800'315f      0x22  Code  Gb  port.o [7]
vPortFree                0x800'2e9b      0x54  Code  Gb  heap_4.o [7]
vPortSetupTimerInterrupt
                         0x800'36ed      0x2c  Code  Wk  port.o [7]
vPortStartFirstTask      0x800'378d            Code  Gb  portasm.o [7]
vPortValidateInterruptPriority
                         0x800'31a5      0x3c  Code  Gb  port.o [7]
vQueueAddToRegistry      0x800'3f1f      0x20  Code  Gb  queue.o [7]
vQueueWaitForMessageRestricted
                         0x800'3f49      0x48  Code  Gb  queue.o [7]
vTaskDelay               0x800'1e2d      0x2e  Code  Gb  tasks.o [7]
vTaskDelayUntil          0x800'1dc1      0x6c  Code  Gb  tasks.o [7]
vTaskDelete              0x800'1d51      0x66  Code  Gb  tasks.o [7]
vTaskGetInfo             0x800'2605      0x6a  Code  Gb  tasks.o [7]
vTaskGetRunTimeStats     0x800'2941      0x90  Code  Gb  tasks.o [7]
vTaskInternalSetTimeOutState
                         0x800'2535       0xe  Code  Gb  tasks.o [7]
vTaskIwdg                0x800'5929      0x3a  Code  Lc  main.o [5]
vTaskLED                 0x800'571d      0x26  Code  Lc  main.o [5]
vTaskList                0x800'28a1      0xa0  Code  Gb  tasks.o [7]
vTaskMissedYield         0x800'25a1       0xa  Code  Gb  tasks.o [7]
vTaskMsgPro              0x800'574d      0xb8  Code  Lc  main.o [5]
vTaskMsgPro::frameBuffer
                        0x2000'4c04      0x68  Data  Lc  main.o [5]
vTaskNotifyGiveFromISR   0x800'2c73      0x84  Code  Gb  tasks.o [7]
vTaskPlaceOnEventList    0x800'23ef      0x20  Code  Gb  tasks.o [7]
vTaskPlaceOnEventListRestricted
                         0x800'244b      0x20  Code  Gb  tasks.o [7]
vTaskPlaceOnUnorderedEventList
                         0x800'240f      0x3c  Code  Gb  tasks.o [7]
vTaskPriorityDisinheritAfterTimeout
                         0x800'2809      0x70  Code  Gb  tasks.o [7]
vTaskPrioritySet         0x800'1ed3      0x96  Code  Gb  tasks.o [7]
vTaskRemoveFromUnorderedEventList
                         0x800'24cf      0x4e  Code  Gb  tasks.o [7]
vTaskResume              0x800'2025      0x4e  Code  Gb  tasks.o [7]
vTaskStart               0x800'5805     0x124  Code  Lc  main.o [5]
vTaskStartScheduler      0x800'20e5      0x70  Code  Gb  tasks.o [7]
vTaskSuspend             0x800'1f75      0x76  Code  Gb  tasks.o [7]
vTaskSuspendAll          0x800'215d       0xc  Code  Gb  tasks.o [7]
vTaskSwitchContext       0x800'2371      0x7e  Code  Gb  tasks.o [7]
vTaskTaskUserIF          0x800'52c9     0x408  Code  Lc  main.o [5]
vTaskWwdg                0x800'5963      0xa4  Code  Lc  main.o [5]
vTimerCallback           0x800'52c5       0x4  Code  Lc  main.o [5]
writeCpuFlash            0x800'83b1      0xac  Code  Gb  cpu_flash.o [4]
xActiveTimerList1       0x2000'49f8      0x14  Data  Lc  timers.o [7]
xActiveTimerList2       0x2000'4a0c      0x14  Data  Lc  timers.o [7]
xBlockAllocatedBit      0x2000'00e0       0x4  Data  Lc  heap_4.o [7]
xDelayedTaskList1       0x2000'4ce4      0x14  Data  Lc  tasks.o [7]
xDelayedTaskList2       0x2000'4cf8      0x14  Data  Lc  tasks.o [7]
xEventGroupCreate        0x800'6be9      0x18  Code  Gb  event_groups.o [7]
xEventGroupSetBits       0x800'6d09      0x72  Code  Gb  event_groups.o [7]
xEventGroupSetBitsFromISR
                         0x800'6d91       0xc  Code  Gb  event_groups.o [7]
xEventGroupWaitBits      0x800'6c0b      0xe6  Code  Gb  event_groups.o [7]
xFreeBytesRemaining     0x2000'00d0       0x4  Data  Lc  heap_4.o [7]
xHandleEventGroup       0x2000'4bd8       0x4  Data  Lc  main.o [5]
xHandleSemaphoreBinary  0x2000'4bec       0x4  Data  Lc  main.o [5]
xHandleSemaphoreCounting
                        0x2000'4be8       0x4  Data  Lc  main.o [5]
xHandleSemaphoreMutex   0x2000'4bf0       0x4  Data  Lc  main.o [5]
xHandleTaskIwdg         0x2000'4bd0       0x4  Data  Lc  main.o [5]
xHandleTaskLED          0x2000'4bc4       0x4  Data  Lc  main.o [5]
xHandleTaskMsgPro       0x2000'4bc8       0x4  Data  Lc  main.o [5]
xHandleTaskStart        0x2000'4bcc       0x4  Data  Lc  main.o [5]
xHandleTaskUserIF       0x2000'4bc0       0x4  Data  Lc  main.o [5]
xHandleTaskWwdg         0x2000'4bd4       0x4  Data  Lc  main.o [5]
xMinimumEverFreeBytesRemaining
                        0x2000'00d4       0x4  Data  Lc  heap_4.o [7]
xNextTaskUnblockTime    0x2000'4cd8       0x4  Data  Lc  tasks.o [7]
xNumOfOverflows         0x2000'4cd0       0x4  Data  Lc  tasks.o [7]
xNumberOfSuccessfulAllocations
                        0x2000'00d8       0x4  Data  Lc  heap_4.o [7]
xNumberOfSuccessfulFrees
                        0x2000'00dc       0x4  Data  Lc  heap_4.o [7]
xPendedTicks            0x2000'4cc8       0x4  Data  Lc  tasks.o [7]
xPendingReadyList       0x2000'4c6c      0x14  Data  Lc  tasks.o [7]
xPortGetFreeHeapSize     0x800'2eef       0x6  Code  Gb  heap_4.o [7]
xPortStartScheduler      0x800'308d      0xa0  Code  Gb  port.o [7]
xPortSysTickHandler      0x800'3181      0x22  Code  Gb  port.o [7]
xQueue1                 0x2000'4bdc       0x4  Data  Lc  main.o [5]
xQueue2                 0x2000'4be0       0x4  Data  Lc  main.o [5]
xQueue3                 0x2000'4be4       0x4  Data  Lc  main.o [5]
xQueueCreateCountingSemaphore
                         0x800'3945      0x2e  Code  Gb  queue.o [7]
xQueueCreateMutex        0x800'391f      0x16  Code  Gb  queue.o [7]
xQueueGenericCreate      0x800'38b5      0x38  Code  Gb  queue.o [7]
xQueueGenericCreateStatic
                         0x800'3853      0x62  Code  Gb  queue.o [7]
xQueueGenericReset       0x800'37e1      0x72  Code  Gb  queue.o [7]
xQueueGenericSend        0x800'3973     0x120  Code  Gb  queue.o [7]
xQueueGenericSendFromISR
                         0x800'3a9b      0x8c  Code  Gb  queue.o [7]
xQueueGiveFromISR        0x800'3b27      0x70  Code  Gb  queue.o [7]
xQueueReceive            0x800'3bab      0xfe  Code  Gb  queue.o [7]
xQueueRegistry          0x2000'5124      0x40  Data  Gb  queue.o [7]
xQueueSemaphoreTake      0x800'3cb3     0x128  Code  Gb  queue.o [7]
xSchedulerRunning       0x2000'4cc4       0x4  Data  Lc  tasks.o [7]
xStart                  0x2000'00c4       0x8  Data  Lc  heap_4.o [7]
xSuspendedTaskList      0x2000'4ca4      0x14  Data  Lc  tasks.o [7]
xTaskCheckForTimeOut     0x800'2543      0x5e  Code  Gb  tasks.o [7]
xTaskCreate              0x800'1bb3      0x5c  Code  Gb  tasks.o [7]
xTaskCreateStatic        0x800'1b51      0x62  Code  Gb  tasks.o [7]
xTaskGenericNotify       0x800'2ae1      0xaa  Code  Gb  tasks.o [7]
xTaskGenericNotifyFromISR
                         0x800'2b9d      0xbc  Code  Gb  tasks.o [7]
xTaskGetSchedulerState   0x800'2725      0x18  Code  Gb  tasks.o [7]
xTaskGetTickCount        0x800'2205       0x8  Code  Gb  tasks.o [7]
xTaskIncrementTick       0x800'22a9      0xc0  Code  Gb  tasks.o [7]
xTaskNotifyWait          0x800'2a61      0x80  Code  Gb  tasks.o [7]
xTaskPriorityDisinherit
                         0x800'27af      0x5a  Code  Gb  tasks.o [7]
xTaskPriorityInherit     0x800'273d      0x68  Code  Gb  tasks.o [7]
xTaskRemoveFromEventList
                         0x800'247f      0x50  Code  Gb  tasks.o [7]
xTaskResumeAll           0x800'2169      0x9c  Code  Gb  tasks.o [7]
xTaskResumeFromISR       0x800'207f      0x66  Code  Gb  tasks.o [7]
xTasksWaitingTermination
                        0x2000'4c80      0x14  Data  Lc  tasks.o [7]
xTickCount              0x2000'4cbc       0x4  Data  Lc  tasks.o [7]
xTimerCreate             0x800'3285      0x34  Code  Gb  timers.o [7]
xTimerCreateTimerTask    0x800'3231      0x54  Code  Gb  timers.o [7]
xTimerGenericCommand     0x800'330b      0x4e  Code  Gb  timers.o [7]
xTimerPendFunctionCallFromISR
                         0x800'3607      0x24  Code  Gb  timers.o [7]
xTimerQueue             0x2000'49ec       0x4  Data  Lc  timers.o [7]
xTimerTaskHandle        0x2000'49f0       0x4  Data  Lc  timers.o [7]
xTimers                 0x2000'4bf8       0x8  Data  Gb  main.o [5]
xYieldPending           0x2000'4ccc       0x4  Data  Lc  tasks.o [7]


[1] = D:\MyProject\FreeRTOS_Project\h753FreertosTemplate4\EWARM\h753FreertosTemplate\Obj\App_13504199638787770977.dir
[2] = D:\MyProject\FreeRTOS_Project\h753FreertosTemplate4\EWARM\h753FreertosTemplate\Obj\BSP_16987466797925798938.dir
[3] = D:\MyProject\FreeRTOS_Project\h753FreertosTemplate4\EWARM\h753FreertosTemplate\Obj\CMSIS_6603591812247902717.dir
[4] = D:\MyProject\FreeRTOS_Project\h753FreertosTemplate4\EWARM\h753FreertosTemplate\Obj\Common_Drv_14642545183444923962.dir
[5] = D:\MyProject\FreeRTOS_Project\h753FreertosTemplate4\EWARM\h753FreertosTemplate\Obj\Core_13247989168731456611.dir
[6] = D:\MyProject\FreeRTOS_Project\h753FreertosTemplate4\EWARM\h753FreertosTemplate\Obj\EWARM_18443280873093131863.dir
[7] = D:\MyProject\FreeRTOS_Project\h753FreertosTemplate4\EWARM\h753FreertosTemplate\Obj\FreeRTOS_4809373609813369194.dir
[8] = D:\MyProject\FreeRTOS_Project\h753FreertosTemplate4\EWARM\h753FreertosTemplate\Obj\STM32H7xx_HAL_Driver_12323373487323971647.dir
[9] = dl7M_tlf.a
[10] = m7M_tlv.a
[11] = rt7M_tl.a
[12] = shb_l.a

  45'469 bytes of readonly  code memory
   4'140 bytes of readonly  data memory
  22'072 bytes of readwrite data memory (+ 131'072 absolute)

Errors: none
Warnings: none
